Archive member included to satisfy reference by file (symbol)

.\CortexM0\ARM_GCC_541\Debug\CY8C4124_TEST.a(LED_1.o)
                              .\CortexM0\ARM_GCC_541\Debug\main.o (LED_1_Write)
.\CortexM0\ARM_GCC_541\Debug\CY8C4124_TEST.a(PWM_W.o)
                              .\CortexM0\ARM_GCC_541\Debug\main.o (PWM_W_WriteCounter)
.\CortexM0\ARM_GCC_541\Debug\CY8C4124_TEST.a(LED_2.o)
                              .\CortexM0\ARM_GCC_541\Debug\main.o (LED_2_Write)
.\CortexM0\ARM_GCC_541\Debug\CY8C4124_TEST.a(LED_3.o)
                              .\CortexM0\ARM_GCC_541\Debug\main.o (LED_3_Write)
.\CortexM0\ARM_GCC_541\Debug\CY8C4124_TEST.a(LED_4.o)
                              .\CortexM0\ARM_GCC_541\Debug\main.o (LED_4_Write)
.\CortexM0\ARM_GCC_541\Debug\CY8C4124_TEST.a(LED_6.o)
                              .\CortexM0\ARM_GCC_541\Debug\main.o (LED_6_Write)
.\CortexM0\ARM_GCC_541\Debug\CY8C4124_TEST.a(LED_7.o)
                              .\CortexM0\ARM_GCC_541\Debug\main.o (LED_7_Write)
.\CortexM0\ARM_GCC_541\Debug\CY8C4124_TEST.a(LED_8.o)
                              .\CortexM0\ARM_GCC_541\Debug\main.o (LED_8_Write)
.\CortexM0\ARM_GCC_541\Debug\CY8C4124_TEST.a(LED_9.o)
                              .\CortexM0\ARM_GCC_541\Debug\main.o (LED_9_Write)
.\CortexM0\ARM_GCC_541\Debug\CY8C4124_TEST.a(ISR_W.o)
                              .\CortexM0\ARM_GCC_541\Debug\main.o (ISR_W_StartEx)
.\CortexM0\ARM_GCC_541\Debug\CY8C4124_TEST.a(LED_5.o)
                              .\CortexM0\ARM_GCC_541\Debug\main.o (LED_5_Write)
.\CortexM0\ARM_GCC_541\Debug\CY8C4124_TEST.a(ISR_R.o)
                              .\CortexM0\ARM_GCC_541\Debug\main.o (ISR_R_StartEx)
.\CortexM0\ARM_GCC_541\Debug\CY8C4124_TEST.a(PWM_R.o)
                              .\CortexM0\ARM_GCC_541\Debug\main.o (PWM_R_WriteCounter)
.\CortexM0\ARM_GCC_541\Debug\CY8C4124_TEST.a(ISR_W0.o)
                              .\CortexM0\ARM_GCC_541\Debug\main.o (ISR_W0_StartEx)
.\CortexM0\ARM_GCC_541\Debug\CY8C4124_TEST.a(ISR_R0.o)
                              .\CortexM0\ARM_GCC_541\Debug\main.o (ISR_R0_StartEx)
.\CortexM0\ARM_GCC_541\Debug\CY8C4124_TEST.a(CyLib.o)
                              .\CortexM0\ARM_GCC_541\Debug\cyfitter_cfg.o (CyIntEnable)
.\CortexM0\ARM_GCC_541\Debug\CY8C4124_TEST.a(CyLFClk.o)
                              .\CortexM0\ARM_GCC_541\Debug\cyfitter_cfg.o (CySysWdtIsr)
.\CortexM0\ARM_GCC_541\Debug\CY8C4124_TEST.a(Serial.o)
                              .\CortexM0\ARM_GCC_541\Debug\main.o (Serial_Start)
.\CortexM0\ARM_GCC_541\Debug\CY8C4124_TEST.a(Serial_UART.o)
                              .\CortexM0\ARM_GCC_541\Debug\CY8C4124_TEST.a(Serial.o) (Serial_UartInit)
.\CortexM0\ARM_GCC_541\Debug\CY8C4124_TEST.a(CyBootAsmGnu.o)
                              .\CortexM0\ARM_GCC_541\Debug\CY8C4124_TEST.a(CyLib.o) (CyDelayCycles)
.\CortexM0\ARM_GCC_541\Debug\CY8C4124_TEST.a(Serial_SPI_UART.o)
                              .\CortexM0\ARM_GCC_541\Debug\CY8C4124_TEST.a(Serial_UART.o) (Serial_SpiUartReadRxData)
c:/program files (x86)/cypress/psoc creator/4.4/psoc creator/import/gnu/arm/5.4.1/bin/../lib/gcc/arm-none-eabi/5.4.1/armv6-m\libgcc.a(_udivsi3.o)
                              .\CortexM0\ARM_GCC_541\Debug\CY8C4124_TEST.a(CyLib.o) (__aeabi_uidiv)
c:/program files (x86)/cypress/psoc creator/4.4/psoc creator/import/gnu/arm/5.4.1/bin/../lib/gcc/arm-none-eabi/5.4.1/armv6-m\libgcc.a(_divsi3.o)
                              .\CortexM0\ARM_GCC_541\Debug\main.o (__aeabi_idiv)
c:/program files (x86)/cypress/psoc creator/4.4/psoc creator/import/gnu/arm/5.4.1/bin/../lib/gcc/arm-none-eabi/5.4.1/armv6-m\libgcc.a(_dvmd_tls.o)
                              c:/program files (x86)/cypress/psoc creator/4.4/psoc creator/import/gnu/arm/5.4.1/bin/../lib/gcc/arm-none-eabi/5.4.1/armv6-m\libgcc.a(_udivsi3.o) (__aeabi_idiv0)
c:/program files (x86)/cypress/psoc creator/4.4/psoc creator/import/gnu/arm/5.4.1/bin/../lib/gcc/arm-none-eabi/5.4.1/../../../../arm-none-eabi/lib/armv6-m\libg_nano.a(lib_a-errno.o)
                              .\CortexM0\ARM_GCC_541\Debug\Cm0Start.o (__errno)
c:/program files (x86)/cypress/psoc creator/4.4/psoc creator/import/gnu/arm/5.4.1/bin/../lib/gcc/arm-none-eabi/5.4.1/../../../../arm-none-eabi/lib/armv6-m\libg_nano.a(lib_a-exit.o)
                              c:/program files (x86)/cypress/psoc creator/4.4/psoc creator/import/gnu/arm/5.4.1/bin/../lib/gcc/arm-none-eabi/5.4.1/../../../../arm-none-eabi/lib/armv6-m/crt0.o (exit)
c:/program files (x86)/cypress/psoc creator/4.4/psoc creator/import/gnu/arm/5.4.1/bin/../lib/gcc/arm-none-eabi/5.4.1/../../../../arm-none-eabi/lib/armv6-m\libg_nano.a(lib_a-impure.o)
                              c:/program files (x86)/cypress/psoc creator/4.4/psoc creator/import/gnu/arm/5.4.1/bin/../lib/gcc/arm-none-eabi/5.4.1/../../../../arm-none-eabi/lib/armv6-m\libg_nano.a(lib_a-exit.o) (_global_impure_ptr)
[...]
Memory Configuration

Name             Origin             Length             Attributes
rom              0x00000000         0x00004000         xr
ram              0x20000000         0x00001000         xrw
*default*        0x00000000         0xffffffff

Linker script and memory map

LOAD c:/program files (x86)/cypress/psoc creator/4.4/psoc creator/import/gnu/arm/5.4.1/bin/../lib/gcc/arm-none-eabi/5.4.1/armv6-m/crti.o
LOAD c:/program files (x86)/cypress/psoc creator/4.4/psoc creator/import/gnu/arm/5.4.1/bin/../lib/gcc/arm-none-eabi/5.4.1/armv6-m/crtbegin.o
LOAD c:/program files (x86)/cypress/psoc creator/4.4/psoc creator/import/gnu/arm/5.4.1/bin/../lib/gcc/arm-none-eabi/5.4.1/../../../../arm-none-eabi/lib/armv6-m/crt0.o
START GROUP
LOAD .\CortexM0\ARM_GCC_541\Debug\main.o
LOAD .\CortexM0\ARM_GCC_541\Debug\cyfitter_cfg.o
LOAD .\CortexM0\ARM_GCC_541\Debug\cymetadata.o
LOAD .\CortexM0\ARM_GCC_541\Debug\Cm0Start.o
LOAD .\CortexM0\ARM_GCC_541\Debug\CY8C4124_TEST.a
END GROUP
START GROUP
LOAD c:/program files (x86)/cypress/psoc creator/4.4/psoc creator/import/gnu/arm/5.4.1/bin/../lib/gcc/arm-none-eabi/5.4.1/armv6-m\libgcc.a
LOAD c:/program files (x86)/cypress/psoc creator/4.4/psoc creator/import/gnu/arm/5.4.1/bin/../lib/gcc/arm-none-eabi/5.4.1/../../../../arm-none-eabi/lib/armv6-m\libg_nano.a
LOAD c:/program files (x86)/cypress/psoc creator/4.4/psoc creator/import/gnu/arm/5.4.1/bin/../lib/gcc/arm-none-eabi/5.4.1/../../../../arm-none-eabi/lib/armv6-m\libc_nano.a
END GROUP
START GROUP
LOAD c:/program files (x86)/cypress/psoc creator/4.4/psoc creator/import/gnu/arm/5.4.1/bin/../lib/gcc/arm-none-eabi/5.4.1/armv6-m\libgcc.a
LOAD c:/program files (x86)/cypress/psoc creator/4.4/psoc creator/import/gnu/arm/5.4.1/bin/../lib/gcc/arm-none-eabi/5.4.1/../../../../arm-none-eabi/lib/armv6-m\libc_nano.a
END GROUP
LOAD c:/program files (x86)/cypress/psoc creator/4.4/psoc creator/import/gnu/arm/5.4.1/bin/../lib/gcc/arm-none-eabi/5.4.1/armv6-m/crtend.o
LOAD c:/program files (x86)/cypress/psoc creator/4.4/psoc creator/import/gnu/arm/5.4.1/bin/../lib/gcc/arm-none-eabi/5.4.1/armv6-m/crtn.o
START GROUP
LOAD c:/program files (x86)/cypress/psoc creator/4.4/psoc creator/import/gnu/arm/5.4.1/bin/../lib/gcc/arm-none-eabi/5.4.1/armv6-m\libgcc.a
LOAD c:/program files (x86)/cypress/psoc creator/4.4/psoc creator/import/gnu/arm/5.4.1/bin/../lib/gcc/arm-none-eabi/5.4.1/../../../../arm-none-eabi/lib/armv6-m\libc.a
LOAD c:/program files (x86)/cypress/psoc creator/4.4/psoc creator/import/gnu/arm/5.4.1/bin/../lib/gcc/arm-none-eabi/5.4.1/../../../../arm-none-eabi/lib/armv6-m\libnosys.a
END GROUP
                0x00000000                CY_APPL_ORIGIN = 0x0
                0x00000080                CY_FLASH_ROW_SIZE = 0x80
                0x00000001                CY_APPL_NUM = 0x1
                0x00000001                CY_APPL_MAX = 0x1
                0x00000040                CY_METADATA_SIZE = 0x40
                0x00000000                CY_APPL_LOADABLE = 0x0
                0x00000000                CY_CHECKSUM_EXCLUDE_SIZE = ALIGN (0x0, CY_FLASH_ROW_SIZE)
                0x00000000                CY_APP_FOR_STACK_AND_COPIER = 0x0
                [!provide]                PROVIDE (__cy_heap_start, _end)
                0x00000001                PROVIDE (__cy_region_num, ((__cy_regions_end - __cy_regions) / 0x10))
                0x20001000                PROVIDE (__cy_stack, (ORIGIN (ram) + LENGTH (ram)))
                [!provide]                PROVIDE (__cy_heap_end, (__cy_stack - 0x400))

.cybootloader   0x00000000        0x0
 *(.cybootloader)
                0x00000000                appl1_start = CY_APPL_ORIGIN?CY_APPL_ORIGIN:ALIGN (CY_FLASH_ROW_SIZE)
                0x00001f80                appl2_start = (appl1_start + ALIGN ((((LENGTH (rom) - appl1_start) - (0x2 * CY_FLASH_ROW_SIZE)) / 0x2), CY_FLASH_ROW_SIZE))
                0x00000000                appl_start = (CY_APPL_NUM == 0x1)?appl1_start:appl2_start
                0x00000001                cy_project_type_bootloader = (appl_start == 0x0)?0x1:0x0
                0x00000000                cy_project_type_app_for_stack_and_copier = (CY_APP_FOR_STACK_AND_COPIER == 0x1)?0x1:0x0

.text           0x00000000     0x19ba
 CREATE_OBJECT_SYMBOLS
                0x00000000                PROVIDE (__cy_interrupt_vector, RomVectors)
 *(.romvectors)
 .romvectors    0x00000000       0x10 .\CortexM0\ARM_GCC_541\Debug\Cm0Start.o
                0x00000000                RomVectors
                0x00000001                ASSERT ((. != __cy_interrupt_vector), No interrupt vector)
                0x00000001                ASSERT (CY_APPL_ORIGIN?(SIZEOF (.cybootloader) <= CY_APPL_ORIGIN):0x1, Wrong image location)
                0x00000010                PROVIDE (__cy_reset, Reset)
 *(.text.Reset)
 .text.Reset    0x00000010        0x8 .\CortexM0\ARM_GCC_541\Debug\Cm0Start.o
                0x00000010                Reset
                0x00000001                ASSERT ((. != __cy_reset), No reset code)
 *(.psocinit)
 .psocinit      0x00000018      0x170 .\CortexM0\ARM_GCC_541\Debug\cyfitter_cfg.o
                0x000000b0                cyfitter_cfg
                0x00000188                . = MAX (., 0x100)
 *(.text .text.* .gnu.linkonce.t.*)
 .text          0x00000188       0x60 c:/program files (x86)/cypress/psoc creator/4.4/psoc creator/import/gnu/arm/5.4.1/bin/../lib/gcc/arm-none-eabi/5.4.1/armv6-m/crtbegin.o
 .text.SysTick_Handler
                0x000001e8       0x10 .\CortexM0\ARM_GCC_541\Debug\main.o
                0x000001e8                SysTick_Handler
 .text.driveLED_W
                0x000001f8       0xdc .\CortexM0\ARM_GCC_541\Debug\main.o
                0x000001f8                driveLED_W
 .text.driveLED_R
                0x000002d4       0xdc .\CortexM0\ARM_GCC_541\Debug\main.o
                0x000002d4                driveLED_R
 .text.driveLED_OFF
                0x000003b0       0x44 .\CortexM0\ARM_GCC_541\Debug\main.o
                0x000003b0                driveLED_OFF
 .text.main     0x000003f4      0x10c .\CortexM0\ARM_GCC_541\Debug\main.o
                0x000003f4                main
 .text.cfg_write_bytes32
                0x00000500       0x34 .\CortexM0\ARM_GCC_541\Debug\cyfitter_cfg.o
 .text.CYMEMZERO
                0x00000534        0xc .\CortexM0\ARM_GCC_541\Debug\cyfitter_cfg.o
 .text.IntDefaultHandler
                0x00000540       0x10 .\CortexM0\ARM_GCC_541\Debug\Cm0Start.o
                0x00000540                IntDefaultHandler
 .text._sbrk    0x00000550       0x30 .\CortexM0\ARM_GCC_541\Debug\Cm0Start.o
                0x00000550                _sbrk
 .text.Start_c  0x00000580       0x48 .\CortexM0\ARM_GCC_541\Debug\Cm0Start.o
                0x00000580                Start_c
 .text.initialize_psoc
                0x000005c8       0x40 .\CortexM0\ARM_GCC_541\Debug\Cm0Start.o
                0x000005c8                initialize_psoc
 .text.LED_1_Write
                0x00000608       0x18 .\CortexM0\ARM_GCC_541\Debug\CY8C4124_TEST.a(LED_1.o)
                0x00000608                LED_1_Write
 .text.PWM_W_WriteCounter
                0x00000620       0x10 .\CortexM0\ARM_GCC_541\Debug\CY8C4124_TEST.a(PWM_W.o)
                0x00000620                PWM_W_WriteCounter
 .text.PWM_W_WritePeriod
                0x00000630       0x10 .\CortexM0\ARM_GCC_541\Debug\CY8C4124_TEST.a(PWM_W.o)
                0x00000630                PWM_W_WritePeriod
 .text.PWM_W_WriteCompare
                0x00000640       0x10 .\CortexM0\ARM_GCC_541\Debug\CY8C4124_TEST.a(PWM_W.o)
                0x00000640                PWM_W_WriteCompare
 .text.PWM_W_TriggerCommand
                0x00000650       0x1c .\CortexM0\ARM_GCC_541\Debug\CY8C4124_TEST.a(PWM_W.o)
                0x00000650                PWM_W_TriggerCommand
 .text.PWM_W_Enable
                0x0000066c       0x24 .\CortexM0\ARM_GCC_541\Debug\CY8C4124_TEST.a(PWM_W.o)
                0x0000066c                PWM_W_Enable
 .text.PWM_W_SetInterruptMode
                0x00000690        0xc .\CortexM0\ARM_GCC_541\Debug\CY8C4124_TEST.a(PWM_W.o)
                0x00000690                PWM_W_SetInterruptMode
 .text.PWM_W_Init
                0x0000069c       0x4c .\CortexM0\ARM_GCC_541\Debug\CY8C4124_TEST.a(PWM_W.o)
                0x0000069c                PWM_W_Init
 .text.PWM_W_Start
                0x000006e8       0x20 .\CortexM0\ARM_GCC_541\Debug\CY8C4124_TEST.a(PWM_W.o)
                0x000006e8                PWM_W_Start
 .text.LED_2_Write
                0x00000708       0x18 .\CortexM0\ARM_GCC_541\Debug\CY8C4124_TEST.a(LED_2.o)
                0x00000708                LED_2_Write
 .text.LED_3_Write
                0x00000720       0x18 .\CortexM0\ARM_GCC_541\Debug\CY8C4124_TEST.a(LED_3.o)
                0x00000720                LED_3_Write
 .text.LED_4_Write
                0x00000738       0x18 .\CortexM0\ARM_GCC_541\Debug\CY8C4124_TEST.a(LED_4.o)
                0x00000738                LED_4_Write
 .text.LED_6_Write
                0x00000750       0x18 .\CortexM0\ARM_GCC_541\Debug\CY8C4124_TEST.a(LED_6.o)
                0x00000750                LED_6_Write
 .text.LED_7_Write
                0x00000768       0x18 .\CortexM0\ARM_GCC_541\Debug\CY8C4124_TEST.a(LED_7.o)
                0x00000768                LED_7_Write
 .text.LED_8_Write
                0x00000780       0x18 .\CortexM0\ARM_GCC_541\Debug\CY8C4124_TEST.a(LED_8.o)
                0x00000780                LED_8_Write
 .text.LED_9_Write
                0x00000798       0x18 .\CortexM0\ARM_GCC_541\Debug\CY8C4124_TEST.a(LED_9.o)
                0x00000798                LED_9_Write
 .text.ISR_W_SetVector
                0x000007b0        0xc .\CortexM0\ARM_GCC_541\Debug\CY8C4124_TEST.a(ISR_W.o)
                0x000007b0                ISR_W_SetVector
 .text.ISR_W_SetPriority
                0x000007bc       0x20 .\CortexM0\ARM_GCC_541\Debug\CY8C4124_TEST.a(ISR_W.o)
                0x000007bc                ISR_W_SetPriority
 .text.ISR_W_Enable
                0x000007dc        0xc .\CortexM0\ARM_GCC_541\Debug\CY8C4124_TEST.a(ISR_W.o)
                0x000007dc                ISR_W_Enable
 .text.ISR_W_Disable
                0x000007e8        0xc .\CortexM0\ARM_GCC_541\Debug\CY8C4124_TEST.a(ISR_W.o)
                0x000007e8                ISR_W_Disable
 .text.ISR_W_StartEx
                0x000007f4       0x1c .\CortexM0\ARM_GCC_541\Debug\CY8C4124_TEST.a(ISR_W.o)
                0x000007f4                ISR_W_StartEx
 .text.ISR_W_ClearPending
                0x00000810        0xc .\CortexM0\ARM_GCC_541\Debug\CY8C4124_TEST.a(ISR_W.o)
                0x00000810                ISR_W_ClearPending
 .text.LED_5_Write
                0x0000081c       0x18 .\CortexM0\ARM_GCC_541\Debug\CY8C4124_TEST.a(LED_5.o)
                0x0000081c                LED_5_Write
 .text.ISR_R_SetVector
                0x00000834        0xc .\CortexM0\ARM_GCC_541\Debug\CY8C4124_TEST.a(ISR_R.o)
                0x00000834                ISR_R_SetVector
 .text.ISR_R_SetPriority
                0x00000840       0x20 .\CortexM0\ARM_GCC_541\Debug\CY8C4124_TEST.a(ISR_R.o)
                0x00000840                ISR_R_SetPriority
 .text.ISR_R_Enable
                0x00000860        0xc .\CortexM0\ARM_GCC_541\Debug\CY8C4124_TEST.a(ISR_R.o)
                0x00000860                ISR_R_Enable
 .text.ISR_R_Disable
                0x0000086c        0xc .\CortexM0\ARM_GCC_541\Debug\CY8C4124_TEST.a(ISR_R.o)
                0x0000086c                ISR_R_Disable
 .text.ISR_R_StartEx
                0x00000878       0x1c .\CortexM0\ARM_GCC_541\Debug\CY8C4124_TEST.a(ISR_R.o)
                0x00000878                ISR_R_StartEx
 .text.ISR_R_ClearPending
                0x00000894        0xc .\CortexM0\ARM_GCC_541\Debug\CY8C4124_TEST.a(ISR_R.o)
                0x00000894                ISR_R_ClearPending
 .text.PWM_R_WriteCounter
                0x000008a0       0x10 .\CortexM0\ARM_GCC_541\Debug\CY8C4124_TEST.a(PWM_R.o)
                0x000008a0                PWM_R_WriteCounter
 .text.PWM_R_WritePeriod
                0x000008b0       0x10 .\CortexM0\ARM_GCC_541\Debug\CY8C4124_TEST.a(PWM_R.o)
                0x000008b0                PWM_R_WritePeriod
 .text.PWM_R_WriteCompare
                0x000008c0       0x10 .\CortexM0\ARM_GCC_541\Debug\CY8C4124_TEST.a(PWM_R.o)
                0x000008c0                PWM_R_WriteCompare
 .text.PWM_R_TriggerCommand
                0x000008d0       0x1c .\CortexM0\ARM_GCC_541\Debug\CY8C4124_TEST.a(PWM_R.o)
                0x000008d0                PWM_R_TriggerCommand
 .text.PWM_R_Enable
                0x000008ec       0x24 .\CortexM0\ARM_GCC_541\Debug\CY8C4124_TEST.a(PWM_R.o)
                0x000008ec                PWM_R_Enable
 .text.PWM_R_SetInterruptMode
                0x00000910        0xc .\CortexM0\ARM_GCC_541\Debug\CY8C4124_TEST.a(PWM_R.o)
                0x00000910                PWM_R_SetInterruptMode
 .text.PWM_R_Init
                0x0000091c       0x4c .\CortexM0\ARM_GCC_541\Debug\CY8C4124_TEST.a(PWM_R.o)
                0x0000091c                PWM_R_Init
 .text.PWM_R_Start
                0x00000968       0x20 .\CortexM0\ARM_GCC_541\Debug\CY8C4124_TEST.a(PWM_R.o)
                0x00000968                PWM_R_Start
 .text.ISR_W0_SetVector
                0x00000988        0xc .\CortexM0\ARM_GCC_541\Debug\CY8C4124_TEST.a(ISR_W0.o)
                0x00000988                ISR_W0_SetVector
 .text.ISR_W0_SetPriority
                0x00000994       0x20 .\CortexM0\ARM_GCC_541\Debug\CY8C4124_TEST.a(ISR_W0.o)
                0x00000994                ISR_W0_SetPriority
 .text.ISR_W0_Enable
                0x000009b4        0xc .\CortexM0\ARM_GCC_541\Debug\CY8C4124_TEST.a(ISR_W0.o)
                0x000009b4                ISR_W0_Enable
 .text.ISR_W0_Disable
                0x000009c0        0xc .\CortexM0\ARM_GCC_541\Debug\CY8C4124_TEST.a(ISR_W0.o)
                0x000009c0                ISR_W0_Disable
 .text.ISR_W0_StartEx
                0x000009cc       0x1c .\CortexM0\ARM_GCC_541\Debug\CY8C4124_TEST.a(ISR_W0.o)
                0x000009cc                ISR_W0_StartEx
 .text.ISR_W0_ClearPending
                0x000009e8        0xc .\CortexM0\ARM_GCC_541\Debug\CY8C4124_TEST.a(ISR_W0.o)
                0x000009e8                ISR_W0_ClearPending
 .text.ISR_R0_SetVector
                0x000009f4        0xc .\CortexM0\ARM_GCC_541\Debug\CY8C4124_TEST.a(ISR_R0.o)
                0x000009f4                ISR_R0_SetVector
 .text.ISR_R0_SetPriority
                0x00000a00       0x24 .\CortexM0\ARM_GCC_541\Debug\CY8C4124_TEST.a(ISR_R0.o)
                0x00000a00                ISR_R0_SetPriority
 .text.ISR_R0_Enable
                0x00000a24        0xc .\CortexM0\ARM_GCC_541\Debug\CY8C4124_TEST.a(ISR_R0.o)
                0x00000a24                ISR_R0_Enable
 .text.ISR_R0_Disable
                0x00000a30        0xc .\CortexM0\ARM_GCC_541\Debug\CY8C4124_TEST.a(ISR_R0.o)
                0x00000a30                ISR_R0_Disable
 .text.ISR_R0_StartEx
                0x00000a3c       0x1c .\CortexM0\ARM_GCC_541\Debug\CY8C4124_TEST.a(ISR_R0.o)
                0x00000a3c                ISR_R0_StartEx
 .text.ISR_R0_ClearPending
                0x00000a58        0xc .\CortexM0\ARM_GCC_541\Debug\CY8C4124_TEST.a(ISR_R0.o)
                0x00000a58                ISR_R0_ClearPending
 .text.CyIntEnable
                0x00000a64       0x14 .\CortexM0\ARM_GCC_541\Debug\CY8C4124_TEST.a(CyLib.o)
                0x00000a64                CyIntEnable
 .text.CyHalt   0x00000a78        0x4 .\CortexM0\ARM_GCC_541\Debug\CY8C4124_TEST.a(CyLib.o)
                0x00000a78                CyHalt
 .text.CyIntSetSysVector
                0x00000a7c       0x20 .\CortexM0\ARM_GCC_541\Debug\CY8C4124_TEST.a(CyLib.o)
                0x00000a7c                CyIntSetSysVector
 .text.CyIntSetVector
                0x00000a9c       0x24 .\CortexM0\ARM_GCC_541\Debug\CY8C4124_TEST.a(CyLib.o)
                0x00000a9c                CyIntSetVector
 .text.CyDelayUs
                0x00000ac0       0x14 .\CortexM0\ARM_GCC_541\Debug\CY8C4124_TEST.a(CyLib.o)
                0x00000ac0                CyDelayUs
 .text.CySysClkWriteImoFreq
                0x00000ad4      0x164 .\CortexM0\ARM_GCC_541\Debug\CY8C4124_TEST.a(CyLib.o)
                0x00000ad4                CySysClkWriteImoFreq
 .text.CySysTickEnableInterrupt
                0x00000c38       0x10 .\CortexM0\ARM_GCC_541\Debug\CY8C4124_TEST.a(CyLib.o)
                0x00000c38                CySysTickEnableInterrupt
 .text.CySysTickEnable
                0x00000c48       0x18 .\CortexM0\ARM_GCC_541\Debug\CY8C4124_TEST.a(CyLib.o)
                0x00000c48                CySysTickEnable
 .text.CySysTickSetReload
                0x00000c60       0x10 .\CortexM0\ARM_GCC_541\Debug\CY8C4124_TEST.a(CyLib.o)
                0x00000c60                CySysTickSetReload
 .text.CySysTickGetCountFlag
                0x00000c70       0x10 .\CortexM0\ARM_GCC_541\Debug\CY8C4124_TEST.a(CyLib.o)
                0x00000c70                CySysTickGetCountFlag
 .text.CySysTickServiceCallbacks
                0x00000c80       0x28 .\CortexM0\ARM_GCC_541\Debug\CY8C4124_TEST.a(CyLib.o)
 .text.CySysTickClear
                0x00000ca8        0xc .\CortexM0\ARM_GCC_541\Debug\CY8C4124_TEST.a(CyLib.o)
                0x00000ca8                CySysTickClear
 .text.CySysTickInit
                0x00000cb4       0x40 .\CortexM0\ARM_GCC_541\Debug\CY8C4124_TEST.a(CyLib.o)
                0x00000cb4                CySysTickInit
 .text.CySysTickStart
                0x00000cf4       0x20 .\CortexM0\ARM_GCC_541\Debug\CY8C4124_TEST.a(CyLib.o)
                0x00000cf4                CySysTickStart
 .text.CySysTickSetCallback
                0x00000d14       0x10 .\CortexM0\ARM_GCC_541\Debug\CY8C4124_TEST.a(CyLib.o)
                0x00000d14                CySysTickSetCallback
 .text.CySysWdtLocked
                0x00000d24       0x14 .\CortexM0\ARM_GCC_541\Debug\CY8C4124_TEST.a(CyLFClk.o)
 .text.CySysWdtLock
                0x00000d38       0x1c .\CortexM0\ARM_GCC_541\Debug\CY8C4124_TEST.a(CyLFClk.o)
                0x00000d38                CySysWdtLock
 .text.CySysWdtUnlock
                0x00000d54       0x30 .\CortexM0\ARM_GCC_541\Debug\CY8C4124_TEST.a(CyLFClk.o)
                0x00000d54                CySysWdtUnlock
 .text.CySysWdtClearInterrupt
                0x00000d84       0x4c .\CortexM0\ARM_GCC_541\Debug\CY8C4124_TEST.a(CyLFClk.o)
                0x00000d84                CySysWdtClearInterrupt
 .text.CySysWdtIsr
                0x00000dd0       0xa4 .\CortexM0\ARM_GCC_541\Debug\CY8C4124_TEST.a(CyLFClk.o)
                0x00000dd0                CySysWdtIsr
 .text.Serial_ScbModePostEnable
                0x00000e74        0x8 .\CortexM0\ARM_GCC_541\Debug\CY8C4124_TEST.a(Serial.o)
 .text.Serial_Init
                0x00000e7c        0x8 .\CortexM0\ARM_GCC_541\Debug\CY8C4124_TEST.a(Serial.o)
                0x00000e7c                Serial_Init
 .text.Serial_Enable
                0x00000e84       0x18 .\CortexM0\ARM_GCC_541\Debug\CY8C4124_TEST.a(Serial.o)
                0x00000e84                Serial_Enable
 .text.Serial_Start
                0x00000e9c       0x20 .\CortexM0\ARM_GCC_541\Debug\CY8C4124_TEST.a(Serial.o)
                0x00000e9c                Serial_Start
 .text.Serial_UartInit
                0x00000ebc       0xa4 .\CortexM0\ARM_GCC_541\Debug\CY8C4124_TEST.a(Serial_UART.o)
                0x00000ebc                Serial_UartInit
 .text.Serial_UartPostEnable
                0x00000f60       0x24 .\CortexM0\ARM_GCC_541\Debug\CY8C4124_TEST.a(Serial_UART.o)
                0x00000f60                Serial_UartPostEnable
 .text.Serial_UartPutString
                0x00000f84       0x18 .\CortexM0\ARM_GCC_541\Debug\CY8C4124_TEST.a(Serial_UART.o)
                0x00000f84                Serial_UartPutString
 *fill*         0x00000f9c        0x4 
 .text          0x00000fa0       0x24 .\CortexM0\ARM_GCC_541\Debug\CY8C4124_TEST.a(CyBootAsmGnu.o)
                0x00000fa0                CyDelayCycles
                0x00000fb4                CyEnterCriticalSection
                0x00000fbc                CyExitCriticalSection
 .text.Serial_SpiUartWriteTxData
                0x00000fc4       0x1c .\CortexM0\ARM_GCC_541\Debug\CY8C4124_TEST.a(Serial_SPI_UART.o)
                0x00000fc4                Serial_SpiUartWriteTxData
 .text          0x00000fe0      0x114 c:/program files (x86)/cypress/psoc creator/4.4/psoc creator/import/gnu/arm/5.4.1/bin/../lib/gcc/arm-none-eabi/5.4.1/armv6-m\libgcc.a(_udivsi3.o)
                0x00000fe0                __aeabi_uidiv
                0x00000fe0                __udivsi3
                0x000010ec                __aeabi_uidivmod
 .text          0x000010f4        0x4 c:/program files (x86)/cypress/psoc creator/4.4/psoc creator/import/gnu/arm/5.4.1/bin/../lib/gcc/arm-none-eabi/5.4.1/armv6-m\libgcc.a(_dvmd_tls.o)
                0x000010f4                __aeabi_idiv0
                0x000010f4                __aeabi_ldiv0
 .text.__errno  0x000010f8        0xc c:/program files (x86)/cypress/psoc creator/4.4/psoc creator/import/gnu/arm/5.4.1/bin/../lib/gcc/arm-none-eabi/5.4.1/../../../../arm-none-eabi/lib/armv6-m\libg_nano.a(lib_a-errno.o)
                0x000010f8                __errno
 .text.__libc_init_array
                0x00001104       0x4c c:/program files (x86)/cypress/psoc creator/4.4/psoc creator/import/gnu/arm/5.4.1/bin/../lib/gcc/arm-none-eabi/5.4.1/../../../../arm-none-eabi/lib/armv6-m\libg_nano.a(lib_a-init.o)
                0x00001104                __libc_init_array
 .text.memset   0x00001150       0x10 c:/program files (x86)/cypress/psoc creator/4.4/psoc creator/import/gnu/arm/5.4.1/bin/../lib/gcc/arm-none-eabi/5.4.1/../../../../arm-none-eabi/lib/armv6-m\libg_nano.a(lib_a-memset.o)
                0x00001150                memset
 .text.sprintf  0x00001160       0x44 c:/program files (x86)/cypress/psoc creator/4.4/psoc creator/import/gnu/arm/5.4.1/bin/../lib/gcc/arm-none-eabi/5.4.1/../../../../arm-none-eabi/lib/armv6-m\libg_nano.a(lib_a-sprintf.o)
                0x00001160                siprintf
                0x00001160                sprintf
 .text.__ssputs_r
                0x000011a4       0xc4 c:/program files (x86)/cypress/psoc creator/4.4/psoc creator/import/gnu/arm/5.4.1/bin/../lib/gcc/arm-none-eabi/5.4.1/../../../../arm-none-eabi/lib/armv6-m\libg_nano.a(lib_a-nano-svfprintf.o)
                0x000011a4                __ssputs_r
 .text._svfprintf_r
                0x00001268      0x1fc c:/program files (x86)/cypress/psoc creator/4.4/psoc creator/import/gnu/arm/5.4.1/bin/../lib/gcc/arm-none-eabi/5.4.1/../../../../arm-none-eabi/lib/armv6-m\libg_nano.a(lib_a-nano-svfprintf.o)
                0x00001268                _svfiprintf_r
                0x00001268                _svfprintf_r
 .text._printf_common
                0x00001464       0xdc c:/program files (x86)/cypress/psoc creator/4.4/psoc creator/import/gnu/arm/5.4.1/bin/../lib/gcc/arm-none-eabi/5.4.1/../../../../arm-none-eabi/lib/armv6-m\libg_nano.a(lib_a-nano-vfprintf_i.o)
                0x00001464                _printf_common
 .text._printf_i
                0x00001540      0x244 c:/program files (x86)/cypress/psoc creator/4.4/psoc creator/import/gnu/arm/5.4.1/bin/../lib/gcc/arm-none-eabi/5.4.1/../../../../arm-none-eabi/lib/armv6-m\libg_nano.a(lib_a-nano-vfprintf_i.o)
                0x00001540                _printf_i
 .text.memchr   0x00001784       0x16 c:/program files (x86)/cypress/psoc creator/4.4/psoc creator/import/gnu/arm/5.4.1/bin/../lib/gcc/arm-none-eabi/5.4.1/../../../../arm-none-eabi/lib/armv6-m\libg_nano.a(lib_a-memchr-stub.o)
                0x00001784                memchr
 .text.memcpy   0x0000179a       0x12 c:/program files (x86)/cypress/psoc creator/4.4/psoc creator/import/gnu/arm/5.4.1/bin/../lib/gcc/arm-none-eabi/5.4.1/../../../../arm-none-eabi/lib/armv6-m\libg_nano.a(lib_a-memcpy-stub.o)
                0x0000179a                memcpy
 .text.memmove  0x000017ac       0x2a c:/program files (x86)/cypress/psoc creator/4.4/psoc creator/import/gnu/arm/5.4.1/bin/../lib/gcc/arm-none-eabi/5.4.1/../../../../arm-none-eabi/lib/armv6-m\libg_nano.a(lib_a-memmove.o)
                0x000017ac                memmove
 *fill*         0x000017d6        0x2 
 .text._free_r  0x000017d8       0x98 c:/program files (x86)/cypress/psoc creator/4.4/psoc creator/import/gnu/arm/5.4.1/bin/../lib/gcc/arm-none-eabi/5.4.1/../../../../arm-none-eabi/lib/armv6-m\libg_nano.a(lib_a-nano-freer.o)
                0x000017d8                _free_r
 .text._malloc_r
                0x00001870       0xc0 c:/program files (x86)/cypress/psoc creator/4.4/psoc creator/import/gnu/arm/5.4.1/bin/../lib/gcc/arm-none-eabi/5.4.1/../../../../arm-none-eabi/lib/armv6-m\libg_nano.a(lib_a-nano-mallocr.o)
                0x00001870                _malloc_r
 .text._realloc_r
                0x00001930       0x4c c:/program files (x86)/cypress/psoc creator/4.4/psoc creator/import/gnu/arm/5.4.1/bin/../lib/gcc/arm-none-eabi/5.4.1/../../../../arm-none-eabi/lib/armv6-m\libg_nano.a(lib_a-nano-reallocr.o)
                0x00001930                _realloc_r
 .text._sbrk_r  0x0000197c       0x24 c:/program files (x86)/cypress/psoc creator/4.4/psoc creator/import/gnu/arm/5.4.1/bin/../lib/gcc/arm-none-eabi/5.4.1/../../../../arm-none-eabi/lib/armv6-m\libg_nano.a(lib_a-sbrkr.o)
                0x0000197c                _sbrk_r
 .text.__malloc_lock
                0x000019a0        0x2 c:/program files (x86)/cypress/psoc creator/4.4/psoc creator/import/gnu/arm/5.4.1/bin/../lib/gcc/arm-none-eabi/5.4.1/../../../../arm-none-eabi/lib/armv6-m\libg_nano.a(lib_a-mlock.o)
                0x000019a0                __malloc_lock
 .text.__malloc_unlock
                0x000019a2        0x2 c:/program files (x86)/cypress/psoc creator/4.4/psoc creator/import/gnu/arm/5.4.1/bin/../lib/gcc/arm-none-eabi/5.4.1/../../../../arm-none-eabi/lib/armv6-m\libg_nano.a(lib_a-mlock.o)
                0x000019a2                __malloc_unlock
 .text._malloc_usable_size_r
                0x000019a4       0x16 c:/program files (x86)/cypress/psoc creator/4.4/psoc creator/import/gnu/arm/5.4.1/bin/../lib/gcc/arm-none-eabi/5.4.1/../../../../arm-none-eabi/lib/armv6-m\libg_nano.a(lib_a-nano-msizer.o)
                0x000019a4                _malloc_usable_size_r
 *(.plt)
 *(.gnu.warning)
 *(.glue_7t)
 .glue_7t       0x000019ba        0x0 linker stubs
 *(.glue_7)
 .glue_7        0x000019ba        0x0 linker stubs
 *(.vfp11_veneer)
 .vfp11_veneer  0x000019ba        0x0 linker stubs
 *(.bootloader)
 *(.ARM.extab* .gnu.linkonce.armextab.*)
 *(.gcc_except_table)

.v4_bx          0x000019bc        0x0
 .v4_bx         0x000019bc        0x0 linker stubs

.iplt           0x000019bc        0x0
 .iplt          0x000019bc        0x0 c:/program files (x86)/cypress/psoc creator/4.4/psoc creator/import/gnu/arm/5.4.1/bin/../lib/gcc/arm-none-eabi/5.4.1/armv6-m/crtbegin.o

.eh_frame_hdr
 *(.eh_frame_hdr)

.eh_frame       0x000019bc        0x4
 *(.eh_frame)
 .eh_frame      0x000019bc        0x0 c:/program files (x86)/cypress/psoc creator/4.4/psoc creator/import/gnu/arm/5.4.1/bin/../lib/gcc/arm-none-eabi/5.4.1/armv6-m/crtbegin.o
 .eh_frame      0x000019bc        0x4 c:/program files (x86)/cypress/psoc creator/4.4/psoc creator/import/gnu/arm/5.4.1/bin/../lib/gcc/arm-none-eabi/5.4.1/armv6-m/crtend.o
                [!provide]                PROVIDE (__exidx_start, .)

.ARM.exidx
 *(.ARM.exidx* .gnu.linkonce.armexidx.*)
                0x000019c0                __exidx_end = .

.rodata         0x000019c0       0xf8
 *(.rodata .rodata.* .gnu.linkonce.r.*)
 .rodata.str1.4
                0x000019c0       0x10 .\CortexM0\ARM_GCC_541\Debug\main.o
 .rodata        0x000019d0       0x50 .\CortexM0\ARM_GCC_541\Debug\cyfitter_cfg.o
 .rodata        0x00001a20       0x2e .\CortexM0\ARM_GCC_541\Debug\CY8C4124_TEST.a(CyLib.o)
                0x00001a20                cyImoFreqMhz2Reg
 .rodata.str1.1
                0x00001a4e        0x2 c:/program files (x86)/cypress/psoc creator/4.4/psoc creator/import/gnu/arm/5.4.1/bin/../lib/gcc/arm-none-eabi/5.4.1/../../../../arm-none-eabi/lib/armv6-m\libg_nano.a(lib_a-impure.o)
 .rodata.str1.1
                0x00001a50       0x11 c:/program files (x86)/cypress/psoc creator/4.4/psoc creator/import/gnu/arm/5.4.1/bin/../lib/gcc/arm-none-eabi/5.4.1/../../../../arm-none-eabi/lib/armv6-m\libg_nano.a(lib_a-nano-svfprintf.o)
 .rodata.str1.1
                0x00001a61       0x22 c:/program files (x86)/cypress/psoc creator/4.4/psoc creator/import/gnu/arm/5.4.1/bin/../lib/gcc/arm-none-eabi/5.4.1/../../../../arm-none-eabi/lib/armv6-m\libg_nano.a(lib_a-nano-vfprintf_i.o)
                0x00001a84                . = ALIGN (0x4)
 *fill*         0x00001a83        0x1 
 *(.init)
 .init          0x00001a84        0x4 c:/program files (x86)/cypress/psoc creator/4.4/psoc creator/import/gnu/arm/5.4.1/bin/../lib/gcc/arm-none-eabi/5.4.1/armv6-m/crti.o
                0x00001a84                _init
 .init          0x00001a88        0x8 c:/program files (x86)/cypress/psoc creator/4.4/psoc creator/import/gnu/arm/5.4.1/bin/../lib/gcc/arm-none-eabi/5.4.1/armv6-m/crtn.o
                0x00001a90                . = ALIGN (0x4)
                0x00001a90                __preinit_array_start = .
 *(.preinit_array)
                0x00001a90                __preinit_array_end = .
                0x00001a90                . = ALIGN (0x4)
                0x00001a90                __init_array_start = .
 *(SORT(.init_array.*))
 *(.init_array)
 .init_array    0x00001a90        0x4 c:/program files (x86)/cypress/psoc creator/4.4/psoc creator/import/gnu/arm/5.4.1/bin/../lib/gcc/arm-none-eabi/5.4.1/armv6-m/crtbegin.o
 .init_array    0x00001a94        0x4 .\CortexM0\ARM_GCC_541\Debug\Cm0Start.o
                0x00001a98                __init_array_end = .
                0x00001a98                . = ALIGN (0x4)
 *(.fini)
 .fini          0x00001a98        0x4 c:/program files (x86)/cypress/psoc creator/4.4/psoc creator/import/gnu/arm/5.4.1/bin/../lib/gcc/arm-none-eabi/5.4.1/armv6-m/crti.o
                0x00001a98                _fini
 .fini          0x00001a9c        0x8 c:/program files (x86)/cypress/psoc creator/4.4/psoc creator/import/gnu/arm/5.4.1/bin/../lib/gcc/arm-none-eabi/5.4.1/armv6-m/crtn.o
                0x00001aa4                . = ALIGN (0x4)
                0x00001aa4                __fini_array_start = .
 *(.fini_array)
 .fini_array    0x00001aa4        0x4 c:/program files (x86)/cypress/psoc creator/4.4/psoc creator/import/gnu/arm/5.4.1/bin/../lib/gcc/arm-none-eabi/5.4.1/armv6-m/crtbegin.o
 *(SORT(.fini_array.*))
                0x00001aa8                __fini_array_end = .
                0x00001aa8                . = ALIGN (0x4)
 *crtbegin.o(.ctors)
 *(EXCLUDE_FILE(*crtend.o) .ctors)
 *(SORT(.ctors.*))
 *crtend.o(.ctors)
                0x00001aa8                . = ALIGN (0x4)
 *crtbegin.o(.dtors)
 *(EXCLUDE_FILE(*crtend.o) .dtors)
 *(SORT(.dtors.*))
 *crtend.o(.dtors)
                0x00001aa8                . = ALIGN (0x4)
                0x00001aa8                __cy_regions = .
                0x00001aa8        0x4 LONG 0x1ab8 __cy_region_init_ram
                0x00001aac        0x4 LONG 0x200000c0 __cy_region_start_data
                0x00001ab0        0x4 LONG 0x88 __cy_region_init_size_ram
                0x00001ab4        0x4 LONG 0x98 __cy_region_zero_size_ram
                0x00001ab8                __cy_regions_end = .
                0x00001ab8                . = ALIGN (0x8)
                0x00001ab8                _etext = .

.cy_checksum_exclude
                0x00001ab8        0x0
 *(.cy_checksum_exclude)

.ramvectors     0x20000000       0xc0
                0x20000000                __cy_region_start_ram = .
 *(.ramvectors)
 .ramvectors    0x20000000       0xc0 .\CortexM0\ARM_GCC_541\Debug\Cm0Start.o
                0x20000000                CyRamVectors

.noinit
 *(.noinit)

.data           0x200000c0       0x88 load address 0x00001ab8
                0x200000c0                __cy_region_start_data = .
 *(.jcr)
 .jcr           0x200000c0        0x0 c:/program files (x86)/cypress/psoc creator/4.4/psoc creator/import/gnu/arm/5.4.1/bin/../lib/gcc/arm-none-eabi/5.4.1/armv6-m/crtbegin.o
 .jcr           0x200000c0        0x4 c:/program files (x86)/cypress/psoc creator/4.4/psoc creator/import/gnu/arm/5.4.1/bin/../lib/gcc/arm-none-eabi/5.4.1/armv6-m/crtend.o
 *(.got.plt)
 *(.got)
 *(.shdata)
 *(.data .data.* .gnu.linkonce.d.*)
 .data          0x200000c4        0x4 .\CortexM0\ARM_GCC_541\Debug\Cm0Start.o
 .data          0x200000c8       0x14 .\CortexM0\ARM_GCC_541\Debug\CY8C4124_TEST.a(CyLib.o)
                0x200000c8                CySysClkPumpConfig
                0x200000cc                cydelay32kMs
                0x200000d0                cydelayFreqKhz
                0x200000d4                cydelayFreqMhz
                0x200000d8                cydelayFreqHz
 .data          0x200000dc        0x4 .\CortexM0\ARM_GCC_541\Debug\CY8C4124_TEST.a(CyLFClk.o)
 .data.impure_data
                0x200000e0       0x60 c:/program files (x86)/cypress/psoc creator/4.4/psoc creator/import/gnu/arm/5.4.1/bin/../lib/gcc/arm-none-eabi/5.4.1/../../../../arm-none-eabi/lib/armv6-m\libg_nano.a(lib_a-impure.o)
 .data._impure_ptr
                0x20000140        0x4 c:/program files (x86)/cypress/psoc creator/4.4/psoc creator/import/gnu/arm/5.4.1/bin/../lib/gcc/arm-none-eabi/5.4.1/../../../../arm-none-eabi/lib/armv6-m\libg_nano.a(lib_a-impure.o)
                0x20000140                _impure_ptr
                0x20000148                . = ALIGN (0x8)
 *fill*         0x20000144        0x4 
 *(.ram)
                0x20000148                _edata = .

.igot.plt       0x20000148        0x0 load address 0x00001b40
 .igot.plt      0x20000148        0x0 c:/program files (x86)/cypress/psoc creator/4.4/psoc creator/import/gnu/arm/5.4.1/bin/../lib/gcc/arm-none-eabi/5.4.1/armv6-m/crtbegin.o

.bss            0x20000148       0x98 load address 0x00001b40
                0x20000148                PROVIDE (__bss_start__, .)
 *(.shbss)
 *(.bss .bss.* .gnu.linkonce.b.*)
 .bss           0x20000148       0x1c c:/program files (x86)/cypress/psoc creator/4.4/psoc creator/import/gnu/arm/5.4.1/bin/../lib/gcc/arm-none-eabi/5.4.1/armv6-m/crtbegin.o
 .bss           0x20000164        0xc .\CortexM0\ARM_GCC_541\Debug\main.o
                0x20000164                msTicks
                0x20000168                lastTime
                0x2000016c                msCont
 .bss           0x20000170        0x1 .\CortexM0\ARM_GCC_541\Debug\CY8C4124_TEST.a(PWM_W.o)
                0x20000170                PWM_W_initVar
 .bss           0x20000171        0x1 .\CortexM0\ARM_GCC_541\Debug\CY8C4124_TEST.a(PWM_R.o)
                0x20000171                PWM_R_initVar
 *fill*         0x20000172        0x2 
 .bss           0x20000174       0x18 .\CortexM0\ARM_GCC_541\Debug\CY8C4124_TEST.a(CyLib.o)
                0x20000188                CySysTickInitVar
 .bss           0x2000018c       0x20 .\CortexM0\ARM_GCC_541\Debug\CY8C4124_TEST.a(CyLFClk.o)
 .bss           0x200001ac        0x4 .\CortexM0\ARM_GCC_541\Debug\CY8C4124_TEST.a(Serial.o)
                0x200001ac                Serial_initVar
                0x200001ae                Serial_IntrTxMask
 .bss.__malloc_sbrk_start
                0x200001b0        0x4 c:/program files (x86)/cypress/psoc creator/4.4/psoc creator/import/gnu/arm/5.4.1/bin/../lib/gcc/arm-none-eabi/5.4.1/../../../../arm-none-eabi/lib/armv6-m\libg_nano.a(lib_a-nano-mallocr.o)
                0x200001b0                __malloc_sbrk_start
 .bss.__malloc_free_list
                0x200001b4        0x4 c:/program files (x86)/cypress/psoc creator/4.4/psoc creator/import/gnu/arm/5.4.1/bin/../lib/gcc/arm-none-eabi/5.4.1/../../../../arm-none-eabi/lib/armv6-m\libg_nano.a(lib_a-nano-mallocr.o)
                0x200001b4                __malloc_free_list
 *(COMMON)
 COMMON         0x200001b8       0x22 .\CortexM0\ARM_GCC_541\Debug\main.o
                0x200001b8                myString
                0x200001d4                LED_R
                0x200001d8                LED_W
 *fill*         0x200001da        0x2 
 COMMON         0x200001dc        0x4 c:/program files (x86)/cypress/psoc creator/4.4/psoc creator/import/gnu/arm/5.4.1/bin/../lib/gcc/arm-none-eabi/5.4.1/../../../../arm-none-eabi/lib/armv6-m\libg_nano.a(lib_a-reent.o)
                0x200001dc                errno
                0x200001e0                . = ALIGN (0x8)
 *(.ram.b)
                0x200001e0                _end = .
                0x200001e0                __end = .
                0x200001e0                PROVIDE (end, .)
                0x200001e0                PROVIDE (__bss_end__, .)
                0x00001ab8                __cy_region_init_ram = LOADADDR (.data)
                0x00000088                __cy_region_init_size_ram = (_edata - ADDR (.data))
                0x00000098                __cy_region_zero_size_ram = (_end - _edata)

.heap           0x200001e0       0x80 load address 0x00001b40
                0x200001e0                . = _end
                0x20000260                . = (. + 0x80)
 *fill*         0x200001e0       0x80 
                0x20000260                __cy_heap_limit = .

.stack          0x20000c00      0x400
                0x20000c00                __cy_stack_limit = .
                0x20001000                . = (. + 0x400)
 *fill*         0x20000c00      0x400 
                0x00000001                ASSERT ((__cy_stack_limit >= __cy_heap_limit), region RAM overflowed with stack)
                0x00000000                cy_checksum_exclude_size = (CY_APPL_LOADABLE == 0x1)?SIZEOF (.cy_checksum_exclude):0x0
                0x00000001                ASSERT ((cy_checksum_exclude_size <= CY_CHECKSUM_EXCLUDE_SIZE), CY_BOOT: Section .cy_checksum_exclude size exceedes specified limit.)
                0x00003fc0                cyloadermeta_start = (cy_project_type_bootloader || cy_project_type_app_for_stack_and_copier)?(LENGTH (rom) - CY_METADATA_SIZE):0xf0000000

.cyloadermeta
 *(.cyloadermeta)
                0x00003fc0                cyloadablemeta_start = cy_project_type_app_for_stack_and_copier?((LENGTH (rom) - CY_FLASH_ROW_SIZE) - CY_METADATA_SIZE):((LENGTH (rom) - (CY_FLASH_ROW_SIZE * (CY_APPL_NUM - 0x1))) - CY_METADATA_SIZE)

.cyloadablemeta
 *(.cyloadablemeta)

.cyflashprotect
                0x90400000       0x10
 *(.cyflashprotect)
 .cyflashprotect
                0x90400000       0x10 .\CortexM0\ARM_GCC_541\Debug\cymetadata.o
                0x90400000                cy_meta_flashprotect

.cymeta         0x90500000        0xc
 *(.cymeta)
 .cymeta        0x90500000        0xc .\CortexM0\ARM_GCC_541\Debug\cymetadata.o
                0x90500000                cy_metadata

.cychipprotect  0x90600000        0x1
 *(.cychipprotect)
 .cychipprotect
                0x90600000        0x1 .\CortexM0\ARM_GCC_541\Debug\cymetadata.o
                0x90600000                cy_meta_chipprotect

.rel.dyn        0x00001b40        0x0 load address 0x90600004
 .rel.iplt      0x00001b40        0x0 c:/program files (x86)/cypress/psoc creator/4.4/psoc creator/import/gnu/arm/5.4.1/bin/../lib/gcc/arm-none-eabi/5.4.1/armv6-m/crtbegin.o

.stab
 *(.stab)

.stabstr
 *(.stabstr)

.debug
 *(.debug)

.line
 *(.line)

.debug_srcinfo
 *(.debug_srcinfo)

.debug_sfnames
 *(.debug_sfnames)

.debug_aranges  0x00000000      0xc18
 *(.debug_aranges)
 .debug_aranges
                0x00000000       0x48 .\CortexM0\ARM_GCC_541\Debug\main.o
 .debug_aranges
                0x00000048       0x38 .\CortexM0\ARM_GCC_541\Debug\cyfitter_cfg.o
 .debug_aranges
                0x00000080       0x18 .\CortexM0\ARM_GCC_541\Debug\cymetadata.o
 .debug_aranges
                0x00000098       0x48 .\CortexM0\ARM_GCC_541\Debug\Cm0Start.o
 .debug_aranges
                0x000000e0       0x48 .\CortexM0\ARM_GCC_541\Debug\CY8C4124_TEST.a(LED_1.o)
 .debug_aranges
                0x00000128      0x158 .\CortexM0\ARM_GCC_541\Debug\CY8C4124_TEST.a(PWM_W.o)
 .debug_aranges
                0x00000280       0x48 .\CortexM0\ARM_GCC_541\Debug\CY8C4124_TEST.a(LED_2.o)
 .debug_aranges
                0x000002c8       0x48 .\CortexM0\ARM_GCC_541\Debug\CY8C4124_TEST.a(LED_3.o)
 .debug_aranges
                0x00000310       0x48 .\CortexM0\ARM_GCC_541\Debug\CY8C4124_TEST.a(LED_4.o)
 .debug_aranges
                0x00000358       0x48 .\CortexM0\ARM_GCC_541\Debug\CY8C4124_TEST.a(LED_6.o)
 .debug_aranges
                0x000003a0       0x48 .\CortexM0\ARM_GCC_541\Debug\CY8C4124_TEST.a(LED_7.o)
 .debug_aranges
                0x000003e8       0x48 .\CortexM0\ARM_GCC_541\Debug\CY8C4124_TEST.a(LED_8.o)
 .debug_aranges
                0x00000430       0x48 .\CortexM0\ARM_GCC_541\Debug\CY8C4124_TEST.a(LED_9.o)
 .debug_aranges
                0x00000478       0x80 .\CortexM0\ARM_GCC_541\Debug\CY8C4124_TEST.a(ISR_W.o)
 .debug_aranges
                0x000004f8       0x48 .\CortexM0\ARM_GCC_541\Debug\CY8C4124_TEST.a(LED_5.o)
 .debug_aranges
                0x00000540       0x80 .\CortexM0\ARM_GCC_541\Debug\CY8C4124_TEST.a(ISR_R.o)
 .debug_aranges
                0x000005c0      0x158 .\CortexM0\ARM_GCC_541\Debug\CY8C4124_TEST.a(PWM_R.o)
 .debug_aranges
                0x00000718       0x80 .\CortexM0\ARM_GCC_541\Debug\CY8C4124_TEST.a(ISR_W0.o)
 .debug_aranges
                0x00000798       0x80 .\CortexM0\ARM_GCC_541\Debug\CY8C4124_TEST.a(ISR_R0.o)
 .debug_aranges
                0x00000818      0x180 .\CortexM0\ARM_GCC_541\Debug\CY8C4124_TEST.a(CyLib.o)
 .debug_aranges
                0x00000998      0x138 .\CortexM0\ARM_GCC_541\Debug\CY8C4124_TEST.a(CyLFClk.o)
 .debug_aranges
                0x00000ad0       0x60 .\CortexM0\ARM_GCC_541\Debug\CY8C4124_TEST.a(Serial.o)
 .debug_aranges
                0x00000b30       0x68 .\CortexM0\ARM_GCC_541\Debug\CY8C4124_TEST.a(Serial_UART.o)
 .debug_aranges
                0x00000b98       0x20 .\CortexM0\ARM_GCC_541\Debug\CY8C4124_TEST.a(CyBootAsmGnu.o)
 .debug_aranges
                0x00000bb8       0x60 .\CortexM0\ARM_GCC_541\Debug\CY8C4124_TEST.a(Serial_SPI_UART.o)

.debug_pubnames
 *(.debug_pubnames)

.debug_info     0x00000000     0x5e4e
 *(.debug_info .gnu.linkonce.wi.*)
 .debug_info    0x00000000      0x976 .\CortexM0\ARM_GCC_541\Debug\main.o
 .debug_info    0x00000976      0x3a0 .\CortexM0\ARM_GCC_541\Debug\cyfitter_cfg.o
 .debug_info    0x00000d16       0xf8 .\CortexM0\ARM_GCC_541\Debug\cymetadata.o
 .debug_info    0x00000e0e      0x3a2 .\CortexM0\ARM_GCC_541\Debug\Cm0Start.o
 .debug_info    0x000011b0      0x19d .\CortexM0\ARM_GCC_541\Debug\CY8C4124_TEST.a(LED_1.o)
 .debug_info    0x0000134d      0x90b .\CortexM0\ARM_GCC_541\Debug\CY8C4124_TEST.a(PWM_W.o)
 .debug_info    0x00001c58      0x19d .\CortexM0\ARM_GCC_541\Debug\CY8C4124_TEST.a(LED_2.o)
 .debug_info    0x00001df5      0x19d .\CortexM0\ARM_GCC_541\Debug\CY8C4124_TEST.a(LED_3.o)
 .debug_info    0x00001f92      0x19d .\CortexM0\ARM_GCC_541\Debug\CY8C4124_TEST.a(LED_4.o)
 .debug_info    0x0000212f      0x19d .\CortexM0\ARM_GCC_541\Debug\CY8C4124_TEST.a(LED_6.o)
 .debug_info    0x000022cc      0x19d .\CortexM0\ARM_GCC_541\Debug\CY8C4124_TEST.a(LED_7.o)
 .debug_info    0x00002469      0x19b .\CortexM0\ARM_GCC_541\Debug\CY8C4124_TEST.a(LED_8.o)
 .debug_info    0x00002604      0x19d .\CortexM0\ARM_GCC_541\Debug\CY8C4124_TEST.a(LED_9.o)
 .debug_info    0x000027a1      0x305 .\CortexM0\ARM_GCC_541\Debug\CY8C4124_TEST.a(ISR_W.o)
 .debug_info    0x00002aa6      0x19d .\CortexM0\ARM_GCC_541\Debug\CY8C4124_TEST.a(LED_5.o)
 .debug_info    0x00002c43      0x305 .\CortexM0\ARM_GCC_541\Debug\CY8C4124_TEST.a(ISR_R.o)
 .debug_info    0x00002f48      0x90b .\CortexM0\ARM_GCC_541\Debug\CY8C4124_TEST.a(PWM_R.o)
 .debug_info    0x00003853      0x305 .\CortexM0\ARM_GCC_541\Debug\CY8C4124_TEST.a(ISR_W0.o)
 .debug_info    0x00003b58      0x305 .\CortexM0\ARM_GCC_541\Debug\CY8C4124_TEST.a(ISR_R0.o)
 .debug_info    0x00003e5d      0xaed .\CortexM0\ARM_GCC_541\Debug\CY8C4124_TEST.a(CyLib.o)
 .debug_info    0x0000494a      0xcfe .\CortexM0\ARM_GCC_541\Debug\CY8C4124_TEST.a(CyLFClk.o)
 .debug_info    0x00005648      0x24c .\CortexM0\ARM_GCC_541\Debug\CY8C4124_TEST.a(Serial.o)
 .debug_info    0x00005894      0x310 .\CortexM0\ARM_GCC_541\Debug\CY8C4124_TEST.a(Serial_UART.o)
 .debug_info    0x00005ba4       0x8a .\CortexM0\ARM_GCC_541\Debug\CY8C4124_TEST.a(CyBootAsmGnu.o)
 .debug_info    0x00005c2e      0x220 .\CortexM0\ARM_GCC_541\Debug\CY8C4124_TEST.a(Serial_SPI_UART.o)

.debug_abbrev   0x00000000     0x1c4b
 *(.debug_abbrev)
 .debug_abbrev  0x00000000      0x186 .\CortexM0\ARM_GCC_541\Debug\main.o
 .debug_abbrev  0x00000186      0x199 .\CortexM0\ARM_GCC_541\Debug\cyfitter_cfg.o
 .debug_abbrev  0x0000031f       0x5d .\CortexM0\ARM_GCC_541\Debug\cymetadata.o
 .debug_abbrev  0x0000037c      0x1d7 .\CortexM0\ARM_GCC_541\Debug\Cm0Start.o
 .debug_abbrev  0x00000553       0xc8 .\CortexM0\ARM_GCC_541\Debug\CY8C4124_TEST.a(LED_1.o)
 .debug_abbrev  0x0000061b      0x119 .\CortexM0\ARM_GCC_541\Debug\CY8C4124_TEST.a(PWM_W.o)
 .debug_abbrev  0x00000734       0xc8 .\CortexM0\ARM_GCC_541\Debug\CY8C4124_TEST.a(LED_2.o)
 .debug_abbrev  0x000007fc       0xc8 .\CortexM0\ARM_GCC_541\Debug\CY8C4124_TEST.a(LED_3.o)
 .debug_abbrev  0x000008c4       0xc8 .\CortexM0\ARM_GCC_541\Debug\CY8C4124_TEST.a(LED_4.o)
 .debug_abbrev  0x0000098c       0xc8 .\CortexM0\ARM_GCC_541\Debug\CY8C4124_TEST.a(LED_6.o)
 .debug_abbrev  0x00000a54       0xc8 .\CortexM0\ARM_GCC_541\Debug\CY8C4124_TEST.a(LED_7.o)
 .debug_abbrev  0x00000b1c       0xc8 .\CortexM0\ARM_GCC_541\Debug\CY8C4124_TEST.a(LED_8.o)
 .debug_abbrev  0x00000be4       0xc8 .\CortexM0\ARM_GCC_541\Debug\CY8C4124_TEST.a(LED_9.o)
 .debug_abbrev  0x00000cac      0x19a .\CortexM0\ARM_GCC_541\Debug\CY8C4124_TEST.a(ISR_W.o)
 .debug_abbrev  0x00000e46       0xc8 .\CortexM0\ARM_GCC_541\Debug\CY8C4124_TEST.a(LED_5.o)
 .debug_abbrev  0x00000f0e      0x19a .\CortexM0\ARM_GCC_541\Debug\CY8C4124_TEST.a(ISR_R.o)
 .debug_abbrev  0x000010a8      0x119 .\CortexM0\ARM_GCC_541\Debug\CY8C4124_TEST.a(PWM_R.o)
 .debug_abbrev  0x000011c1      0x19a .\CortexM0\ARM_GCC_541\Debug\CY8C4124_TEST.a(ISR_W0.o)
 .debug_abbrev  0x0000135b      0x19a .\CortexM0\ARM_GCC_541\Debug\CY8C4124_TEST.a(ISR_R0.o)
 .debug_abbrev  0x000014f5      0x1d3 .\CortexM0\ARM_GCC_541\Debug\CY8C4124_TEST.a(CyLib.o)
 .debug_abbrev  0x000016c8      0x210 .\CortexM0\ARM_GCC_541\Debug\CY8C4124_TEST.a(CyLFClk.o)
 .debug_abbrev  0x000018d8       0xed .\CortexM0\ARM_GCC_541\Debug\CY8C4124_TEST.a(Serial.o)
 .debug_abbrev  0x000019c5      0x123 .\CortexM0\ARM_GCC_541\Debug\CY8C4124_TEST.a(Serial_UART.o)
 .debug_abbrev  0x00001ae8       0x14 .\CortexM0\ARM_GCC_541\Debug\CY8C4124_TEST.a(CyBootAsmGnu.o)
 .debug_abbrev  0x00001afc      0x14f .\CortexM0\ARM_GCC_541\Debug\CY8C4124_TEST.a(Serial_SPI_UART.o)

.debug_line     0x00000000     0x28b0
 *(.debug_line)
 .debug_line    0x00000000      0x40c .\CortexM0\ARM_GCC_541\Debug\main.o
 .debug_line    0x0000040c      0x163 .\CortexM0\ARM_GCC_541\Debug\cyfitter_cfg.o
 .debug_line    0x0000056f      0x141 .\CortexM0\ARM_GCC_541\Debug\cymetadata.o
 .debug_line    0x000006b0      0x235 .\CortexM0\ARM_GCC_541\Debug\Cm0Start.o
 .debug_line    0x000008e5       0xbd .\CortexM0\ARM_GCC_541\Debug\CY8C4124_TEST.a(LED_1.o)
 .debug_line    0x000009a2      0x37e .\CortexM0\ARM_GCC_541\Debug\CY8C4124_TEST.a(PWM_W.o)
 .debug_line    0x00000d20       0xbd .\CortexM0\ARM_GCC_541\Debug\CY8C4124_TEST.a(LED_2.o)
 .debug_line    0x00000ddd       0xbd .\CortexM0\ARM_GCC_541\Debug\CY8C4124_TEST.a(LED_3.o)
 .debug_line    0x00000e9a       0xbd .\CortexM0\ARM_GCC_541\Debug\CY8C4124_TEST.a(LED_4.o)
 .debug_line    0x00000f57       0xbd .\CortexM0\ARM_GCC_541\Debug\CY8C4124_TEST.a(LED_6.o)
 .debug_line    0x00001014       0xbd .\CortexM0\ARM_GCC_541\Debug\CY8C4124_TEST.a(LED_7.o)
 .debug_line    0x000010d1       0xbc .\CortexM0\ARM_GCC_541\Debug\CY8C4124_TEST.a(LED_8.o)
 .debug_line    0x0000118d       0xbd .\CortexM0\ARM_GCC_541\Debug\CY8C4124_TEST.a(LED_9.o)
 .debug_line    0x0000124a      0x151 .\CortexM0\ARM_GCC_541\Debug\CY8C4124_TEST.a(ISR_W.o)
 .debug_line    0x0000139b       0xbd .\CortexM0\ARM_GCC_541\Debug\CY8C4124_TEST.a(LED_5.o)
 .debug_line    0x00001458      0x14d .\CortexM0\ARM_GCC_541\Debug\CY8C4124_TEST.a(ISR_R.o)
 .debug_line    0x000015a5      0x37e .\CortexM0\ARM_GCC_541\Debug\CY8C4124_TEST.a(PWM_R.o)
 .debug_line    0x00001923      0x152 .\CortexM0\ARM_GCC_541\Debug\CY8C4124_TEST.a(ISR_W0.o)
 .debug_line    0x00001a75      0x152 .\CortexM0\ARM_GCC_541\Debug\CY8C4124_TEST.a(ISR_R0.o)
 .debug_line    0x00001bc7      0x460 .\CortexM0\ARM_GCC_541\Debug\CY8C4124_TEST.a(CyLib.o)
 .debug_line    0x00002027      0x466 .\CortexM0\ARM_GCC_541\Debug\CY8C4124_TEST.a(CyLFClk.o)
 .debug_line    0x0000248d      0x12b .\CortexM0\ARM_GCC_541\Debug\CY8C4124_TEST.a(Serial.o)
 .debug_line    0x000025b8      0x173 .\CortexM0\ARM_GCC_541\Debug\CY8C4124_TEST.a(Serial_UART.o)
 .debug_line    0x0000272b       0x69 .\CortexM0\ARM_GCC_541\Debug\CY8C4124_TEST.a(CyBootAsmGnu.o)
 .debug_line    0x00002794      0x11c .\CortexM0\ARM_GCC_541\Debug\CY8C4124_TEST.a(Serial_SPI_UART.o)

.debug_frame    0x00000000     0x1f24
 *(.debug_frame)
 .debug_frame   0x00000000       0xb0 .\CortexM0\ARM_GCC_541\Debug\main.o
 .debug_frame   0x000000b0       0x8c .\CortexM0\ARM_GCC_541\Debug\cyfitter_cfg.o
 .debug_frame   0x0000013c       0xbc .\CortexM0\ARM_GCC_541\Debug\Cm0Start.o
 .debug_frame   0x000001f8       0x70 .\CortexM0\ARM_GCC_541\Debug\CY8C4124_TEST.a(LED_1.o)
 .debug_frame   0x00000268      0x3a0 .\CortexM0\ARM_GCC_541\Debug\CY8C4124_TEST.a(PWM_W.o)
 .debug_frame   0x00000608       0x70 .\CortexM0\ARM_GCC_541\Debug\CY8C4124_TEST.a(LED_2.o)
 .debug_frame   0x00000678       0x70 .\CortexM0\ARM_GCC_541\Debug\CY8C4124_TEST.a(LED_3.o)
 .debug_frame   0x000006e8       0x70 .\CortexM0\ARM_GCC_541\Debug\CY8C4124_TEST.a(LED_4.o)
 .debug_frame   0x00000758       0x70 .\CortexM0\ARM_GCC_541\Debug\CY8C4124_TEST.a(LED_6.o)
 .debug_frame   0x000007c8       0x70 .\CortexM0\ARM_GCC_541\Debug\CY8C4124_TEST.a(LED_7.o)
 .debug_frame   0x00000838       0x70 .\CortexM0\ARM_GCC_541\Debug\CY8C4124_TEST.a(LED_8.o)
 .debug_frame   0x000008a8       0x70 .\CortexM0\ARM_GCC_541\Debug\CY8C4124_TEST.a(LED_9.o)
 .debug_frame   0x00000918      0x110 .\CortexM0\ARM_GCC_541\Debug\CY8C4124_TEST.a(ISR_W.o)
 .debug_frame   0x00000a28       0x70 .\CortexM0\ARM_GCC_541\Debug\CY8C4124_TEST.a(LED_5.o)
 .debug_frame   0x00000a98      0x110 .\CortexM0\ARM_GCC_541\Debug\CY8C4124_TEST.a(ISR_R.o)
 .debug_frame   0x00000ba8      0x3a0 .\CortexM0\ARM_GCC_541\Debug\CY8C4124_TEST.a(PWM_R.o)
 .debug_frame   0x00000f48      0x110 .\CortexM0\ARM_GCC_541\Debug\CY8C4124_TEST.a(ISR_W0.o)
 .debug_frame   0x00001058      0x110 .\CortexM0\ARM_GCC_541\Debug\CY8C4124_TEST.a(ISR_R0.o)
 .debug_frame   0x00001168      0x3e0 .\CortexM0\ARM_GCC_541\Debug\CY8C4124_TEST.a(CyLib.o)
 .debug_frame   0x00001548      0x3a8 .\CortexM0\ARM_GCC_541\Debug\CY8C4124_TEST.a(CyLFClk.o)
 .debug_frame   0x000018f0       0xe8 .\CortexM0\ARM_GCC_541\Debug\CY8C4124_TEST.a(Serial.o)
 .debug_frame   0x000019d8       0xf4 .\CortexM0\ARM_GCC_541\Debug\CY8C4124_TEST.a(Serial_UART.o)
 .debug_frame   0x00001acc       0xb0 .\CortexM0\ARM_GCC_541\Debug\CY8C4124_TEST.a(Serial_SPI_UART.o)
 .debug_frame   0x00001b7c       0x20 c:/program files (x86)/cypress/psoc creator/4.4/psoc creator/import/gnu/arm/5.4.1/bin/../lib/gcc/arm-none-eabi/5.4.1/armv6-m\libgcc.a(_udivsi3.o)
 .debug_frame   0x00001b9c       0x20 c:/program files (x86)/cypress/psoc creator/4.4/psoc creator/import/gnu/arm/5.4.1/bin/../lib/gcc/arm-none-eabi/5.4.1/armv6-m\libgcc.a(_divsi3.o)
 .debug_frame   0x00001bbc       0x20 c:/program files (x86)/cypress/psoc creator/4.4/psoc creator/import/gnu/arm/5.4.1/bin/../lib/gcc/arm-none-eabi/5.4.1/../../../../arm-none-eabi/lib/armv6-m\libg_nano.a(lib_a-errno.o)
 .debug_frame   0x00001bdc       0x28 c:/program files (x86)/cypress/psoc creator/4.4/psoc creator/import/gnu/arm/5.4.1/bin/../lib/gcc/arm-none-eabi/5.4.1/../../../../arm-none-eabi/lib/armv6-m\libg_nano.a(lib_a-exit.o)
 .debug_frame   0x00001c04       0x2c c:/program files (x86)/cypress/psoc creator/4.4/psoc creator/import/gnu/arm/5.4.1/bin/../lib/gcc/arm-none-eabi/5.4.1/../../../../arm-none-eabi/lib/armv6-m\libg_nano.a(lib_a-init.o)
 .debug_frame   0x00001c30       0x20 c:/program files (x86)/cypress/psoc creator/4.4/psoc creator/import/gnu/arm/5.4.1/bin/../lib/gcc/arm-none-eabi/5.4.1/../../../../arm-none-eabi/lib/armv6-m\libg_nano.a(lib_a-memset.o)
 .debug_frame   0x00001c50       0x50 c:/program files (x86)/cypress/psoc creator/4.4/psoc creator/import/gnu/arm/5.4.1/bin/../lib/gcc/arm-none-eabi/5.4.1/../../../../arm-none-eabi/lib/armv6-m\libg_nano.a(lib_a-sprintf.o)
 .debug_frame   0x00001ca0       0x74 c:/program files (x86)/cypress/psoc creator/4.4/psoc creator/import/gnu/arm/5.4.1/bin/../lib/gcc/arm-none-eabi/5.4.1/../../../../arm-none-eabi/lib/armv6-m\libg_nano.a(lib_a-nano-svfprintf.o)
 .debug_frame   0x00001d14       0x54 c:/program files (x86)/cypress/psoc creator/4.4/psoc creator/import/gnu/arm/5.4.1/bin/../lib/gcc/arm-none-eabi/5.4.1/../../../../arm-none-eabi/lib/armv6-m\libg_nano.a(lib_a-nano-vfprintf_i.o)
 .debug_frame   0x00001d68       0x20 c:/program files (x86)/cypress/psoc creator/4.4/psoc creator/import/gnu/arm/5.4.1/bin/../lib/gcc/arm-none-eabi/5.4.1/../../../../arm-none-eabi/lib/armv6-m\libg_nano.a(lib_a-memchr-stub.o)
 .debug_frame   0x00001d88       0x28 c:/program files (x86)/cypress/psoc creator/4.4/psoc creator/import/gnu/arm/5.4.1/bin/../lib/gcc/arm-none-eabi/5.4.1/../../../../arm-none-eabi/lib/armv6-m\libg_nano.a(lib_a-memcpy-stub.o)
 .debug_frame   0x00001db0       0x28 c:/program files (x86)/cypress/psoc creator/4.4/psoc creator/import/gnu/arm/5.4.1/bin/../lib/gcc/arm-none-eabi/5.4.1/../../../../arm-none-eabi/lib/armv6-m\libg_nano.a(lib_a-memmove.o)
 .debug_frame   0x00001dd8       0x2c c:/program files (x86)/cypress/psoc creator/4.4/psoc creator/import/gnu/arm/5.4.1/bin/../lib/gcc/arm-none-eabi/5.4.1/../../../../arm-none-eabi/lib/armv6-m\libg_nano.a(lib_a-nano-freer.o)
 .debug_frame   0x00001e04       0x2c c:/program files (x86)/cypress/psoc creator/4.4/psoc creator/import/gnu/arm/5.4.1/bin/../lib/gcc/arm-none-eabi/5.4.1/../../../../arm-none-eabi/lib/armv6-m\libg_nano.a(lib_a-nano-mallocr.o)
 .debug_frame   0x00001e30       0x30 c:/program files (x86)/cypress/psoc creator/4.4/psoc creator/import/gnu/arm/5.4.1/bin/../lib/gcc/arm-none-eabi/5.4.1/../../../../arm-none-eabi/lib/armv6-m\libg_nano.a(lib_a-nano-reallocr.o)
 .debug_frame   0x00001e60       0x2c c:/program files (x86)/cypress/psoc creator/4.4/psoc creator/import/gnu/arm/5.4.1/bin/../lib/gcc/arm-none-eabi/5.4.1/../../../../arm-none-eabi/lib/armv6-m\libg_nano.a(lib_a-sbrkr.o)
 .debug_frame   0x00001e8c       0x30 c:/program files (x86)/cypress/psoc creator/4.4/psoc creator/import/gnu/arm/5.4.1/bin/../lib/gcc/arm-none-eabi/5.4.1/../../../../arm-none-eabi/lib/armv6-m\libg_nano.a(lib_a-mlock.o)
 .debug_frame   0x00001ebc       0x20 c:/program files (x86)/cypress/psoc creator/4.4/psoc creator/import/gnu/arm/5.4.1/bin/../lib/gcc/arm-none-eabi/5.4.1/../../../../arm-none-eabi/lib/armv6-m\libg_nano.a(lib_a-nano-msizer.o)
 .debug_frame   0x00001edc       0x48 c:/program files (x86)/cypress/psoc creator/4.4/psoc creator/import/gnu/arm/5.4.1/bin/../lib/gcc/arm-none-eabi/5.4.1/../../../../arm-none-eabi/lib/armv6-m\libg_nano.a(lib_a-reent.o)

.debug_str      0x00000000     0x2245
 *(.debug_str)
 .debug_str     0x00000000      0x3fd .\CortexM0\ARM_GCC_541\Debug\main.o
                                0x468 (size before relaxing)
 .debug_str     0x000003fd      0x127 .\CortexM0\ARM_GCC_541\Debug\cyfitter_cfg.o
                                0x2bf (size before relaxing)
 .debug_str     0x00000524       0x59 .\CortexM0\ARM_GCC_541\Debug\cymetadata.o
                                0x1c2 (size before relaxing)
 .debug_str     0x0000057d      0x13a .\CortexM0\ARM_GCC_541\Debug\Cm0Start.o
                                0x2fb (size before relaxing)
 .debug_str     0x000006b7       0xa4 .\CortexM0\ARM_GCC_541\Debug\CY8C4124_TEST.a(LED_1.o)
                                0x230 (size before relaxing)
 .debug_str     0x0000075b      0x3d4 .\CortexM0\ARM_GCC_541\Debug\CY8C4124_TEST.a(PWM_W.o)
                                0x5ab (size before relaxing)
 .debug_str     0x00000b2f       0x7b .\CortexM0\ARM_GCC_541\Debug\CY8C4124_TEST.a(LED_2.o)
                                0x230 (size before relaxing)
 .debug_str     0x00000baa       0x7b .\CortexM0\ARM_GCC_541\Debug\CY8C4124_TEST.a(LED_3.o)
                                0x230 (size before relaxing)
 .debug_str     0x00000c25       0x7b .\CortexM0\ARM_GCC_541\Debug\CY8C4124_TEST.a(LED_4.o)
                                0x230 (size before relaxing)
 .debug_str     0x00000ca0       0x7b .\CortexM0\ARM_GCC_541\Debug\CY8C4124_TEST.a(LED_6.o)
                                0x230 (size before relaxing)
 .debug_str     0x00000d1b       0x7b .\CortexM0\ARM_GCC_541\Debug\CY8C4124_TEST.a(LED_7.o)
                                0x230 (size before relaxing)
 .debug_str     0x00000d96       0x7b .\CortexM0\ARM_GCC_541\Debug\CY8C4124_TEST.a(LED_8.o)
                                0x230 (size before relaxing)
 .debug_str     0x00000e11       0x7b .\CortexM0\ARM_GCC_541\Debug\CY8C4124_TEST.a(LED_9.o)
                                0x230 (size before relaxing)
 .debug_str     0x00000e8c       0xec .\CortexM0\ARM_GCC_541\Debug\CY8C4124_TEST.a(ISR_W.o)
                                0x2e4 (size before relaxing)
 .debug_str     0x00000f78       0x7b .\CortexM0\ARM_GCC_541\Debug\CY8C4124_TEST.a(LED_5.o)
                                0x230 (size before relaxing)
 .debug_str     0x00000ff3       0xc5 .\CortexM0\ARM_GCC_541\Debug\CY8C4124_TEST.a(ISR_R.o)
                                0x2e4 (size before relaxing)
 .debug_str     0x000010b8      0x2e3 .\CortexM0\ARM_GCC_541\Debug\CY8C4124_TEST.a(PWM_R.o)
                                0x5ab (size before relaxing)
 .debug_str     0x0000139b       0xd1 .\CortexM0\ARM_GCC_541\Debug\CY8C4124_TEST.a(ISR_W0.o)
                                0x2f2 (size before relaxing)
 .debug_str     0x0000146c       0xd1 .\CortexM0\ARM_GCC_541\Debug\CY8C4124_TEST.a(ISR_R0.o)
                                0x2f2 (size before relaxing)
 .debug_str     0x0000153d      0x45c .\CortexM0\ARM_GCC_541\Debug\CY8C4124_TEST.a(CyLib.o)
                                0x6b0 (size before relaxing)
 .debug_str     0x00001999      0x526 .\CortexM0\ARM_GCC_541\Debug\CY8C4124_TEST.a(CyLFClk.o)
                                0x737 (size before relaxing)
 .debug_str     0x00001ebf      0x12f .\CortexM0\ARM_GCC_541\Debug\CY8C4124_TEST.a(Serial.o)
                                0x2cb (size before relaxing)
 .debug_str     0x00001fee      0x166 .\CortexM0\ARM_GCC_541\Debug\CY8C4124_TEST.a(Serial_UART.o)
                                0x354 (size before relaxing)
 .debug_str     0x00002154       0xf1 .\CortexM0\ARM_GCC_541\Debug\CY8C4124_TEST.a(Serial_SPI_UART.o)
                                0x2dc (size before relaxing)

.debug_loc      0x00000000     0x2784
 *(.debug_loc)
 .debug_loc     0x00000000       0xb0 .\CortexM0\ARM_GCC_541\Debug\main.o
 .debug_loc     0x000000b0      0x118 .\CortexM0\ARM_GCC_541\Debug\cyfitter_cfg.o
 .debug_loc     0x000001c8      0x14f .\CortexM0\ARM_GCC_541\Debug\Cm0Start.o
 .debug_loc     0x00000317       0xa2 .\CortexM0\ARM_GCC_541\Debug\CY8C4124_TEST.a(LED_1.o)
 .debug_loc     0x000003b9      0x547 .\CortexM0\ARM_GCC_541\Debug\CY8C4124_TEST.a(PWM_W.o)
 .debug_loc     0x00000900       0xa2 .\CortexM0\ARM_GCC_541\Debug\CY8C4124_TEST.a(LED_2.o)
 .debug_loc     0x000009a2       0xa2 .\CortexM0\ARM_GCC_541\Debug\CY8C4124_TEST.a(LED_3.o)
 .debug_loc     0x00000a44       0xa2 .\CortexM0\ARM_GCC_541\Debug\CY8C4124_TEST.a(LED_4.o)
 .debug_loc     0x00000ae6       0xa2 .\CortexM0\ARM_GCC_541\Debug\CY8C4124_TEST.a(LED_6.o)
 .debug_loc     0x00000b88       0xa2 .\CortexM0\ARM_GCC_541\Debug\CY8C4124_TEST.a(LED_7.o)
 .debug_loc     0x00000c2a       0x81 .\CortexM0\ARM_GCC_541\Debug\CY8C4124_TEST.a(LED_8.o)
 .debug_loc     0x00000cab       0xa2 .\CortexM0\ARM_GCC_541\Debug\CY8C4124_TEST.a(LED_9.o)
 .debug_loc     0x00000d4d       0x82 .\CortexM0\ARM_GCC_541\Debug\CY8C4124_TEST.a(ISR_W.o)
 .debug_loc     0x00000dcf       0xa2 .\CortexM0\ARM_GCC_541\Debug\CY8C4124_TEST.a(LED_5.o)
 .debug_loc     0x00000e71       0x82 .\CortexM0\ARM_GCC_541\Debug\CY8C4124_TEST.a(ISR_R.o)
 .debug_loc     0x00000ef3      0x547 .\CortexM0\ARM_GCC_541\Debug\CY8C4124_TEST.a(PWM_R.o)
 .debug_loc     0x0000143a       0x82 .\CortexM0\ARM_GCC_541\Debug\CY8C4124_TEST.a(ISR_W0.o)
 .debug_loc     0x000014bc       0x82 .\CortexM0\ARM_GCC_541\Debug\CY8C4124_TEST.a(ISR_R0.o)
 .debug_loc     0x0000153e      0x599 .\CortexM0\ARM_GCC_541\Debug\CY8C4124_TEST.a(CyLib.o)
 .debug_loc     0x00001ad7      0x9b5 .\CortexM0\ARM_GCC_541\Debug\CY8C4124_TEST.a(CyLFClk.o)
 .debug_loc     0x0000248c       0x7e .\CortexM0\ARM_GCC_541\Debug\CY8C4124_TEST.a(Serial.o)
 .debug_loc     0x0000250a      0x1e4 .\CortexM0\ARM_GCC_541\Debug\CY8C4124_TEST.a(Serial_UART.o)
 .debug_loc     0x000026ee       0x96 .\CortexM0\ARM_GCC_541\Debug\CY8C4124_TEST.a(Serial_SPI_UART.o)

.debug_macinfo
 *(.debug_macinfo)

.debug_ranges   0x00000000      0xa70
 *(.debug_ranges)
 .debug_ranges  0x00000000       0x38 .\CortexM0\ARM_GCC_541\Debug\main.o
 .debug_ranges  0x00000038       0x28 .\CortexM0\ARM_GCC_541\Debug\cyfitter_cfg.o
 .debug_ranges  0x00000060       0x38 .\CortexM0\ARM_GCC_541\Debug\Cm0Start.o
 .debug_ranges  0x00000098       0x38 .\CortexM0\ARM_GCC_541\Debug\CY8C4124_TEST.a(LED_1.o)
 .debug_ranges  0x000000d0      0x148 .\CortexM0\ARM_GCC_541\Debug\CY8C4124_TEST.a(PWM_W.o)
 .debug_ranges  0x00000218       0x38 .\CortexM0\ARM_GCC_541\Debug\CY8C4124_TEST.a(LED_2.o)
 .debug_ranges  0x00000250       0x38 .\CortexM0\ARM_GCC_541\Debug\CY8C4124_TEST.a(LED_3.o)
 .debug_ranges  0x00000288       0x38 .\CortexM0\ARM_GCC_541\Debug\CY8C4124_TEST.a(LED_4.o)
 .debug_ranges  0x000002c0       0x38 .\CortexM0\ARM_GCC_541\Debug\CY8C4124_TEST.a(LED_6.o)
 .debug_ranges  0x000002f8       0x38 .\CortexM0\ARM_GCC_541\Debug\CY8C4124_TEST.a(LED_7.o)
 .debug_ranges  0x00000330       0x38 .\CortexM0\ARM_GCC_541\Debug\CY8C4124_TEST.a(LED_8.o)
 .debug_ranges  0x00000368       0x38 .\CortexM0\ARM_GCC_541\Debug\CY8C4124_TEST.a(LED_9.o)
 .debug_ranges  0x000003a0       0x70 .\CortexM0\ARM_GCC_541\Debug\CY8C4124_TEST.a(ISR_W.o)
 .debug_ranges  0x00000410       0x38 .\CortexM0\ARM_GCC_541\Debug\CY8C4124_TEST.a(LED_5.o)
 .debug_ranges  0x00000448       0x70 .\CortexM0\ARM_GCC_541\Debug\CY8C4124_TEST.a(ISR_R.o)
 .debug_ranges  0x000004b8      0x148 .\CortexM0\ARM_GCC_541\Debug\CY8C4124_TEST.a(PWM_R.o)
 .debug_ranges  0x00000600       0x70 .\CortexM0\ARM_GCC_541\Debug\CY8C4124_TEST.a(ISR_W0.o)
 .debug_ranges  0x00000670       0x70 .\CortexM0\ARM_GCC_541\Debug\CY8C4124_TEST.a(ISR_R0.o)
 .debug_ranges  0x000006e0      0x170 .\CortexM0\ARM_GCC_541\Debug\CY8C4124_TEST.a(CyLib.o)
 .debug_ranges  0x00000850      0x128 .\CortexM0\ARM_GCC_541\Debug\CY8C4124_TEST.a(CyLFClk.o)
 .debug_ranges  0x00000978       0x50 .\CortexM0\ARM_GCC_541\Debug\CY8C4124_TEST.a(Serial.o)
 .debug_ranges  0x000009c8       0x58 .\CortexM0\ARM_GCC_541\Debug\CY8C4124_TEST.a(Serial_UART.o)
 .debug_ranges  0x00000a20       0x50 .\CortexM0\ARM_GCC_541\Debug\CY8C4124_TEST.a(Serial_SPI_UART.o)

.comment        0x00000000       0x6e
 .comment       0x00000000       0x6e .\CortexM0\ARM_GCC_541\Debug\main.o
                                 0x6f (size before relaxing)
 .comment       0x0000006e       0x6f .\CortexM0\ARM_GCC_541\Debug\cyfitter_cfg.o
 .comment       0x0000006e       0x6f .\CortexM0\ARM_GCC_541\Debug\cymetadata.o
 .comment       0x0000006e       0x6f .\CortexM0\ARM_GCC_541\Debug\Cm0Start.o
 .comment       0x0000006e       0x6f .\CortexM0\ARM_GCC_541\Debug\CY8C4124_TEST.a(LED_1.o)
 .comment       0x0000006e       0x6f .\CortexM0\ARM_GCC_541\Debug\CY8C4124_TEST.a(PWM_W.o)
 .comment       0x0000006e       0x6f .\CortexM0\ARM_GCC_541\Debug\CY8C4124_TEST.a(LED_2.o)
 .comment       0x0000006e       0x6f .\CortexM0\ARM_GCC_541\Debug\CY8C4124_TEST.a(LED_3.o)
 .comment       0x0000006e       0x6f .\CortexM0\ARM_GCC_541\Debug\CY8C4124_TEST.a(LED_4.o)
 .comment       0x0000006e       0x6f .\CortexM0\ARM_GCC_541\Debug\CY8C4124_TEST.a(LED_6.o)
 .comment       0x0000006e       0x6f .\CortexM0\ARM_GCC_541\Debug\CY8C4124_TEST.a(LED_7.o)
 .comment       0x0000006e       0x6f .\CortexM0\ARM_GCC_541\Debug\CY8C4124_TEST.a(LED_8.o)
 .comment       0x0000006e       0x6f .\CortexM0\ARM_GCC_541\Debug\CY8C4124_TEST.a(LED_9.o)
 .comment       0x0000006e       0x6f .\CortexM0\ARM_GCC_541\Debug\CY8C4124_TEST.a(ISR_W.o)
 .comment       0x0000006e       0x6f .\CortexM0\ARM_GCC_541\Debug\CY8C4124_TEST.a(LED_5.o)
 .comment       0x0000006e       0x6f .\CortexM0\ARM_GCC_541\Debug\CY8C4124_TEST.a(ISR_R.o)
 .comment       0x0000006e       0x6f .\CortexM0\ARM_GCC_541\Debug\CY8C4124_TEST.a(PWM_R.o)
 .comment       0x0000006e       0x6f .\CortexM0\ARM_GCC_541\Debug\CY8C4124_TEST.a(ISR_W0.o)
 .comment       0x0000006e       0x6f .\CortexM0\ARM_GCC_541\Debug\CY8C4124_TEST.a(ISR_R0.o)
 .comment       0x0000006e       0x6f .\CortexM0\ARM_GCC_541\Debug\CY8C4124_TEST.a(CyLib.o)
 .comment       0x0000006e       0x6f .\CortexM0\ARM_GCC_541\Debug\CY8C4124_TEST.a(CyLFClk.o)
 .comment       0x0000006e       0x6f .\CortexM0\ARM_GCC_541\Debug\CY8C4124_TEST.a(Serial.o)
 .comment       0x0000006e       0x6f .\CortexM0\ARM_GCC_541\Debug\CY8C4124_TEST.a(Serial_UART.o)
 .comment       0x0000006e       0x6f .\CortexM0\ARM_GCC_541\Debug\CY8C4124_TEST.a(Serial_SPI_UART.o)

.debug_weaknames
 *(.debug_weaknames)

.debug_funcnames
 *(.debug_funcnames)

.debug_typenames
 *(.debug_typenames)

.debug_varnames
 *(.debug_varnames)

.note.gnu.arm.ident
 *(.note.gnu.arm.ident)

.ARM.attributes
                0x00000000       0x28
 *(.ARM.attributes)
 .ARM.attributes
                0x00000000       0x1e c:/program files (x86)/cypress/psoc creator/4.4/psoc creator/import/gnu/arm/5.4.1/bin/../lib/gcc/arm-none-eabi/5.4.1/armv6-m/crti.o
 .ARM.attributes
                0x0000001e       0x2c c:/program files (x86)/cypress/psoc creator/4.4/psoc creator/import/gnu/arm/5.4.1/bin/../lib/gcc/arm-none-eabi/5.4.1/armv6-m/crtbegin.o
 .ARM.attributes
                0x0000004a       0x1b c:/program files (x86)/cypress/psoc creator/4.4/psoc creator/import/gnu/arm/5.4.1/bin/../lib/gcc/arm-none-eabi/5.4.1/../../../../arm-none-eabi/lib/armv6-m/crt0.o
 .ARM.attributes
                0x00000065       0x31 .\CortexM0\ARM_GCC_541\Debug\main.o
 .ARM.attributes
                0x00000096       0x31 .\CortexM0\ARM_GCC_541\Debug\cyfitter_cfg.o
 .ARM.attributes
                0x000000c7       0x31 .\CortexM0\ARM_GCC_541\Debug\cymetadata.o
 .ARM.attributes
                0x000000f8       0x31 .\CortexM0\ARM_GCC_541\Debug\Cm0Start.o
 .ARM.attributes
                0x00000129       0x31 .\CortexM0\ARM_GCC_541\Debug\CY8C4124_TEST.a(LED_1.o)
 .ARM.attributes
                0x0000015a       0x31 .\CortexM0\ARM_GCC_541\Debug\CY8C4124_TEST.a(PWM_W.o)
 .ARM.attributes
                0x0000018b       0x31 .\CortexM0\ARM_GCC_541\Debug\CY8C4124_TEST.a(LED_2.o)
 .ARM.attributes
                0x000001bc       0x31 .\CortexM0\ARM_GCC_541\Debug\CY8C4124_TEST.a(LED_3.o)
 .ARM.attributes
                0x000001ed       0x31 .\CortexM0\ARM_GCC_541\Debug\CY8C4124_TEST.a(LED_4.o)
 .ARM.attributes
                0x0000021e       0x31 .\CortexM0\ARM_GCC_541\Debug\CY8C4124_TEST.a(LED_6.o)
 .ARM.attributes
                0x0000024f       0x31 .\CortexM0\ARM_GCC_541\Debug\CY8C4124_TEST.a(LED_7.o)
 .ARM.attributes
                0x00000280       0x31 .\CortexM0\ARM_GCC_541\Debug\CY8C4124_TEST.a(LED_8.o)
 .ARM.attributes
                0x000002b1       0x31 .\CortexM0\ARM_GCC_541\Debug\CY8C4124_TEST.a(LED_9.o)
 .ARM.attributes
                0x000002e2       0x31 .\CortexM0\ARM_GCC_541\Debug\CY8C4124_TEST.a(ISR_W.o)
 .ARM.attributes
                0x00000313       0x31 .\CortexM0\ARM_GCC_541\Debug\CY8C4124_TEST.a(LED_5.o)
 .ARM.attributes
                0x00000344       0x31 .\CortexM0\ARM_GCC_541\Debug\CY8C4124_TEST.a(ISR_R.o)
 .ARM.attributes
                0x00000375       0x31 .\CortexM0\ARM_GCC_541\Debug\CY8C4124_TEST.a(PWM_R.o)
 .ARM.attributes
                0x000003a6       0x31 .\CortexM0\ARM_GCC_541\Debug\CY8C4124_TEST.a(ISR_W0.o)
 .ARM.attributes
                0x000003d7       0x31 .\CortexM0\ARM_GCC_541\Debug\CY8C4124_TEST.a(ISR_R0.o)
 .ARM.attributes
                0x00000408       0x31 .\CortexM0\ARM_GCC_541\Debug\CY8C4124_TEST.a(CyLib.o)
 .ARM.attributes
                0x00000439       0x31 .\CortexM0\ARM_GCC_541\Debug\CY8C4124_TEST.a(CyLFClk.o)
 .ARM.attributes
                0x0000046a       0x31 .\CortexM0\ARM_GCC_541\Debug\CY8C4124_TEST.a(Serial.o)
 .ARM.attributes
                0x0000049b       0x31 .\CortexM0\ARM_GCC_541\Debug\CY8C4124_TEST.a(Serial_UART.o)
 .ARM.attributes
                0x000004cc       0x21 .\CortexM0\ARM_GCC_541\Debug\CY8C4124_TEST.a(CyBootAsmGnu.o)
 .ARM.attributes
                0x000004ed       0x31 .\CortexM0\ARM_GCC_541\Debug\CY8C4124_TEST.a(Serial_SPI_UART.o)
 .ARM.attributes
                0x0000051e       0x1e c:/program files (x86)/cypress/psoc creator/4.4/psoc creator/import/gnu/arm/5.4.1/bin/../lib/gcc/arm-none-eabi/5.4.1/armv6-m\libgcc.a(_udivsi3.o)
 .ARM.attributes
                0x0000053c       0x1e c:/program files (x86)/cypress/psoc creator/4.4/psoc creator/import/gnu/arm/5.4.1/bin/../lib/gcc/arm-none-eabi/5.4.1/armv6-m\libgcc.a(_divsi3.o)
 .ARM.attributes
                0x0000055a       0x1e c:/program files (x86)/cypress/psoc creator/4.4/psoc creator/import/gnu/arm/5.4.1/bin/../lib/gcc/arm-none-eabi/5.4.1/armv6-m\libgcc.a(_dvmd_tls.o)
 .ARM.attributes
                0x00000578       0x2c c:/program files (x86)/cypress/psoc creator/4.4/psoc creator/import/gnu/arm/5.4.1/bin/../lib/gcc/arm-none-eabi/5.4.1/../../../../arm-none-eabi/lib/armv6-m\libg_nano.a(lib_a-errno.o)
 .ARM.attributes
                0x000005a4       0x2c c:/program files (x86)/cypress/psoc creator/4.4/psoc creator/import/gnu/arm/5.4.1/bin/../lib/gcc/arm-none-eabi/5.4.1/../../../../arm-none-eabi/lib/armv6-m\libg_nano.a(lib_a-exit.o)
 .ARM.attributes
                0x000005d0       0x2c c:/program files (x86)/cypress/psoc creator/4.4/psoc creator/import/gnu/arm/5.4.1/bin/../lib/gcc/arm-none-eabi/5.4.1/../../../../arm-none-eabi/lib/armv6-m\libg_nano.a(lib_a-impure.o)
 .ARM.attributes
                0x000005fc       0x2c c:/program files (x86)/cypress/psoc creator/4.4/psoc creator/import/gnu/arm/5.4.1/bin/../lib/gcc/arm-none-eabi/5.4.1/../../../../arm-none-eabi/lib/armv6-m\libg_nano.a(lib_a-init.o)
 .ARM.attributes
                0x00000628       0x2c c:/program files (x86)/cypress/psoc creator/4.4/psoc creator/import/gnu/arm/5.4.1/bin/../lib/gcc/arm-none-eabi/5.4.1/../../../../arm-none-eabi/lib/armv6-m\libg_nano.a(lib_a-memset.o)
 .ARM.attributes
                0x00000654       0x2c c:/program files (x86)/cypress/psoc creator/4.4/psoc creator/import/gnu/arm/5.4.1/bin/../lib/gcc/arm-none-eabi/5.4.1/../../../../arm-none-eabi/lib/armv6-m\libg_nano.a(lib_a-sprintf.o)
 .ARM.attributes
                0x00000680       0x2c c:/program files (x86)/cypress/psoc creator/4.4/psoc creator/import/gnu/arm/5.4.1/bin/../lib/gcc/arm-none-eabi/5.4.1/../../../../arm-none-eabi/lib/armv6-m\libg_nano.a(lib_a-nano-svfprintf.o)
 .ARM.attributes
                0x000006ac       0x2c c:/program files (x86)/cypress/psoc creator/4.4/psoc creator/import/gnu/arm/5.4.1/bin/../lib/gcc/arm-none-eabi/5.4.1/../../../../arm-none-eabi/lib/armv6-m\libg_nano.a(lib_a-nano-vfprintf_i.o)
 .ARM.attributes
                0x000006d8       0x2c c:/program files (x86)/cypress/psoc creator/4.4/psoc creator/import/gnu/arm/5.4.1/bin/../lib/gcc/arm-none-eabi/5.4.1/../../../../arm-none-eabi/lib/armv6-m\libg_nano.a(lib_a-memchr-stub.o)
 .ARM.attributes
                0x00000704       0x2c c:/program files (x86)/cypress/psoc creator/4.4/psoc creator/import/gnu/arm/5.4.1/bin/../lib/gcc/arm-none-eabi/5.4.1/../../../../arm-none-eabi/lib/armv6-m\libg_nano.a(lib_a-memcpy-stub.o)
 .ARM.attributes
                0x00000730       0x2c c:/program files (x86)/cypress/psoc creator/4.4/psoc creator/import/gnu/arm/5.4.1/bin/../lib/gcc/arm-none-eabi/5.4.1/../../../../arm-none-eabi/lib/armv6-m\libg_nano.a(lib_a-memmove.o)
 .ARM.attributes
                0x0000075c       0x2c c:/program files (x86)/cypress/psoc creator/4.4/psoc creator/import/gnu/arm/5.4.1/bin/../lib/gcc/arm-none-eabi/5.4.1/../../../../arm-none-eabi/lib/armv6-m\libg_nano.a(lib_a-nano-freer.o)
 .ARM.attributes
                0x00000788       0x2c c:/program files (x86)/cypress/psoc creator/4.4/psoc creator/import/gnu/arm/5.4.1/bin/../lib/gcc/arm-none-eabi/5.4.1/../../../../arm-none-eabi/lib/armv6-m\libg_nano.a(lib_a-nano-mallocr.o)
 .ARM.attributes
                0x000007b4       0x2c c:/program files (x86)/cypress/psoc creator/4.4/psoc creator/import/gnu/arm/5.4.1/bin/../lib/gcc/arm-none-eabi/5.4.1/../../../../arm-none-eabi/lib/armv6-m\libg_nano.a(lib_a-nano-reallocr.o)
 .ARM.attributes
                0x000007e0       0x2c c:/program files (x86)/cypress/psoc creator/4.4/psoc creator/import/gnu/arm/5.4.1/bin/../lib/gcc/arm-none-eabi/5.4.1/../../../../arm-none-eabi/lib/armv6-m\libg_nano.a(lib_a-sbrkr.o)
 .ARM.attributes
                0x0000080c       0x2c c:/program files (x86)/cypress/psoc creator/4.4/psoc creator/import/gnu/arm/5.4.1/bin/../lib/gcc/arm-none-eabi/5.4.1/../../../../arm-none-eabi/lib/armv6-m\libg_nano.a(lib_a-mlock.o)
 .ARM.attributes
                0x00000838       0x2c c:/program files (x86)/cypress/psoc creator/4.4/psoc creator/import/gnu/arm/5.4.1/bin/../lib/gcc/arm-none-eabi/5.4.1/../../../../arm-none-eabi/lib/armv6-m\libg_nano.a(lib_a-nano-msizer.o)
 .ARM.attributes
                0x00000864       0x2c c:/program files (x86)/cypress/psoc creator/4.4/psoc creator/import/gnu/arm/5.4.1/bin/../lib/gcc/arm-none-eabi/5.4.1/../../../../arm-none-eabi/lib/armv6-m\libg_nano.a(lib_a-reent.o)
 .ARM.attributes
                0x00000890       0x2c c:/program files (x86)/cypress/psoc creator/4.4/psoc creator/import/gnu/arm/5.4.1/bin/../lib/gcc/arm-none-eabi/5.4.1/armv6-m/crtend.o
 .ARM.attributes
                0x000008bc       0x1e c:/program files (x86)/cypress/psoc creator/4.4/psoc creator/import/gnu/arm/5.4.1/bin/../lib/gcc/arm-none-eabi/5.4.1/armv6-m/crtn.o

/DISCARD/
 *(.note.GNU-stack)
OUTPUT(C:\Users\gianluca_2\Desktop\Workspace01\CY8C4124_TEST.cydsn\CortexM0\ARM_GCC_541\Debug\CY8C4124_TEST.elf elf32-littlearm)
