Archive member included to satisfy reference by file (symbol)

.\CortexM0\ARM_GCC_541\Debug\CY8C4124_TEST.a(LED_1.o)
                              .\CortexM0\ARM_GCC_541\Debug\main.o (LED_1_Write)
.\CortexM0\ARM_GCC_541\Debug\CY8C4124_TEST.a(PWM_W.o)
                              .\CortexM0\ARM_GCC_541\Debug\main.o (PWM_W_WriteCounter)
.\CortexM0\ARM_GCC_541\Debug\CY8C4124_TEST.a(LED_2.o)
                              .\CortexM0\ARM_GCC_541\Debug\main.o (LED_2_Write)
.\CortexM0\ARM_GCC_541\Debug\CY8C4124_TEST.a(LED_3.o)
                              .\CortexM0\ARM_GCC_541\Debug\main.o (LED_3_Write)
.\CortexM0\ARM_GCC_541\Debug\CY8C4124_TEST.a(LED_4.o)
                              .\CortexM0\ARM_GCC_541\Debug\main.o (LED_4_Write)
.\CortexM0\ARM_GCC_541\Debug\CY8C4124_TEST.a(LED_6.o)
                              .\CortexM0\ARM_GCC_541\Debug\main.o (LED_6_Write)
.\CortexM0\ARM_GCC_541\Debug\CY8C4124_TEST.a(LED_7.o)
                              .\CortexM0\ARM_GCC_541\Debug\main.o (LED_7_Write)
.\CortexM0\ARM_GCC_541\Debug\CY8C4124_TEST.a(LED_8.o)
                              .\CortexM0\ARM_GCC_541\Debug\main.o (LED_8_Write)
.\CortexM0\ARM_GCC_541\Debug\CY8C4124_TEST.a(LED_9.o)
                              .\CortexM0\ARM_GCC_541\Debug\main.o (LED_9_Write)
.\CortexM0\ARM_GCC_541\Debug\CY8C4124_TEST.a(ISR_W.o)
                              .\CortexM0\ARM_GCC_541\Debug\main.o (ISR_W_StartEx)
.\CortexM0\ARM_GCC_541\Debug\CY8C4124_TEST.a(LED_5.o)
                              .\CortexM0\ARM_GCC_541\Debug\main.o (LED_5_Write)
.\CortexM0\ARM_GCC_541\Debug\CY8C4124_TEST.a(ISR_R.o)
                              .\CortexM0\ARM_GCC_541\Debug\main.o (ISR_R_StartEx)
.\CortexM0\ARM_GCC_541\Debug\CY8C4124_TEST.a(PWM_R.o)
                              .\CortexM0\ARM_GCC_541\Debug\main.o (PWM_R_WriteCounter)
.\CortexM0\ARM_GCC_541\Debug\CY8C4124_TEST.a(ISR_W0.o)
                              .\CortexM0\ARM_GCC_541\Debug\main.o (ISR_W0_StartEx)
.\CortexM0\ARM_GCC_541\Debug\CY8C4124_TEST.a(ISR_R0.o)
                              .\CortexM0\ARM_GCC_541\Debug\main.o (ISR_R0_StartEx)
.\CortexM0\ARM_GCC_541\Debug\CY8C4124_TEST.a(CyLib.o)
                              .\CortexM0\ARM_GCC_541\Debug\cyfitter_cfg.o (CyIntEnable)
.\CortexM0\ARM_GCC_541\Debug\CY8C4124_TEST.a(CyLFClk.o)
                              .\CortexM0\ARM_GCC_541\Debug\cyfitter_cfg.o (CySysWdtIsr)
.\CortexM0\ARM_GCC_541\Debug\CY8C4124_TEST.a(UART.o)
                              .\CortexM0\ARM_GCC_541\Debug\main.o (UART_Start)
.\CortexM0\ARM_GCC_541\Debug\CY8C4124_TEST.a(UART_SPI_UART.o)
                              .\CortexM0\ARM_GCC_541\Debug\main.o (UART_SpiUartGetRxBufferSize)
.\CortexM0\ARM_GCC_541\Debug\CY8C4124_TEST.a(UART_UART.o)
                              .\CortexM0\ARM_GCC_541\Debug\CY8C4124_TEST.a(UART.o) (UART_UartInit)
.\CortexM0\ARM_GCC_541\Debug\CY8C4124_TEST.a(CyBootAsmGnu.o)
                              .\CortexM0\ARM_GCC_541\Debug\CY8C4124_TEST.a(CyLib.o) (CyDelayCycles)
.\CortexM0\ARM_GCC_541\Debug\CY8C4124_TEST.a(UART_SPI_UART_INT.o)
                              .\CortexM0\ARM_GCC_541\Debug\CY8C4124_TEST.a(UART_UART.o) (UART_SPI_UART_ISR)
c:/program files (x86)/cypress/psoc creator/4.4/psoc creator/import/gnu/arm/5.4.1/bin/../lib/gcc/arm-none-eabi/5.4.1/armv6-m\libgcc.a(_udivsi3.o)
                              .\CortexM0\ARM_GCC_541\Debug\CY8C4124_TEST.a(CyLib.o) (__aeabi_uidiv)
c:/program files (x86)/cypress/psoc creator/4.4/psoc creator/import/gnu/arm/5.4.1/bin/../lib/gcc/arm-none-eabi/5.4.1/armv6-m\libgcc.a(_divsi3.o)
                              .\CortexM0\ARM_GCC_541\Debug\main.o (__aeabi_idiv)
c:/program files (x86)/cypress/psoc creator/4.4/psoc creator/import/gnu/arm/5.4.1/bin/../lib/gcc/arm-none-eabi/5.4.1/armv6-m\libgcc.a(_dvmd_tls.o)
                              c:/program files (x86)/cypress/psoc creator/4.4/psoc creator/import/gnu/arm/5.4.1/bin/../lib/gcc/arm-none-eabi/5.4.1/armv6-m\libgcc.a(_udivsi3.o) (__aeabi_idiv0)
c:/program files (x86)/cypress/psoc creator/4.4/psoc creator/import/gnu/arm/5.4.1/bin/../lib/gcc/arm-none-eabi/5.4.1/../../../../arm-none-eabi/lib/armv6-m\libg_nano.a(lib_a-errno.o)
                              .\CortexM0\ARM_GCC_541\Debug\Cm0Start.o (__errno)
c:/program files (x86)/cypress/psoc creator/4.4/psoc creator/import/gnu/arm/5.4.1/bin/../lib/gcc/arm-none-eabi/5.4.1/../../../../arm-none-eabi/lib/armv6-m\libg_nano.a(lib_a-exit.o)
                              c:/program files (x86)/cypress/psoc creator/4.4/psoc creator/import/gnu/arm/5.4.1/bin/../lib/gcc/arm-none-eabi/5.4.1/../../../../arm-none-eabi/lib/armv6-m/crt0.o (exit)
c:/program files (x86)/cypress/psoc creator/4.4/psoc creator/import/gnu/arm/5.4.1/bin/../lib/gcc/arm-none-eabi/5.4.1/../../../../arm-none-eabi/lib/armv6-m\libg_nano.a(lib_a-impure.o)
[...]
Memory Configuration

Name             Origin             Length             Attributes
rom              0x00000000         0x00004000         xr
ram              0x20000000         0x00001000         xrw
*default*        0x00000000         0xffffffff

Linker script and memory map

LOAD c:/program files (x86)/cypress/psoc creator/4.4/psoc creator/import/gnu/arm/5.4.1/bin/../lib/gcc/arm-none-eabi/5.4.1/armv6-m/crti.o
LOAD c:/program files (x86)/cypress/psoc creator/4.4/psoc creator/import/gnu/arm/5.4.1/bin/../lib/gcc/arm-none-eabi/5.4.1/armv6-m/crtbegin.o
LOAD c:/program files (x86)/cypress/psoc creator/4.4/psoc creator/import/gnu/arm/5.4.1/bin/../lib/gcc/arm-none-eabi/5.4.1/../../../../arm-none-eabi/lib/armv6-m/crt0.o
START GROUP
LOAD .\CortexM0\ARM_GCC_541\Debug\main.o
LOAD .\CortexM0\ARM_GCC_541\Debug\cyfitter_cfg.o
LOAD .\CortexM0\ARM_GCC_541\Debug\cymetadata.o
LOAD .\CortexM0\ARM_GCC_541\Debug\Cm0Start.o
LOAD .\CortexM0\ARM_GCC_541\Debug\CY8C4124_TEST.a
LOAD C:\Program Files (x86)\Cypress\PSoC Creator\4.4\PSoC Creator\psoc\content\CyComponentLibrary\CyComponentLibrary.cylib\CapSense_CSD_P4_v2_60\PSoC4\Library\CapsenseP4Library_GCC.a
END GROUP
START GROUP
LOAD c:/program files (x86)/cypress/psoc creator/4.4/psoc creator/import/gnu/arm/5.4.1/bin/../lib/gcc/arm-none-eabi/5.4.1/armv6-m\libgcc.a
LOAD c:/program files (x86)/cypress/psoc creator/4.4/psoc creator/import/gnu/arm/5.4.1/bin/../lib/gcc/arm-none-eabi/5.4.1/../../../../arm-none-eabi/lib/armv6-m\libg_nano.a
LOAD c:/program files (x86)/cypress/psoc creator/4.4/psoc creator/import/gnu/arm/5.4.1/bin/../lib/gcc/arm-none-eabi/5.4.1/../../../../arm-none-eabi/lib/armv6-m\libc_nano.a
END GROUP
START GROUP
LOAD c:/program files (x86)/cypress/psoc creator/4.4/psoc creator/import/gnu/arm/5.4.1/bin/../lib/gcc/arm-none-eabi/5.4.1/armv6-m\libgcc.a
LOAD c:/program files (x86)/cypress/psoc creator/4.4/psoc creator/import/gnu/arm/5.4.1/bin/../lib/gcc/arm-none-eabi/5.4.1/../../../../arm-none-eabi/lib/armv6-m\libc_nano.a
END GROUP
LOAD c:/program files (x86)/cypress/psoc creator/4.4/psoc creator/import/gnu/arm/5.4.1/bin/../lib/gcc/arm-none-eabi/5.4.1/armv6-m/crtend.o
LOAD c:/program files (x86)/cypress/psoc creator/4.4/psoc creator/import/gnu/arm/5.4.1/bin/../lib/gcc/arm-none-eabi/5.4.1/armv6-m/crtn.o
START GROUP
LOAD c:/program files (x86)/cypress/psoc creator/4.4/psoc creator/import/gnu/arm/5.4.1/bin/../lib/gcc/arm-none-eabi/5.4.1/armv6-m\libgcc.a
LOAD c:/program files (x86)/cypress/psoc creator/4.4/psoc creator/import/gnu/arm/5.4.1/bin/../lib/gcc/arm-none-eabi/5.4.1/../../../../arm-none-eabi/lib/armv6-m\libc.a
LOAD c:/program files (x86)/cypress/psoc creator/4.4/psoc creator/import/gnu/arm/5.4.1/bin/../lib/gcc/arm-none-eabi/5.4.1/../../../../arm-none-eabi/lib/armv6-m\libnosys.a
END GROUP
                0x00000000                CY_APPL_ORIGIN = 0x0
                0x00000080                CY_FLASH_ROW_SIZE = 0x80
                0x00000001                CY_APPL_NUM = 0x1
                0x00000001                CY_APPL_MAX = 0x1
                0x00000040                CY_METADATA_SIZE = 0x40
                0x00000000                CY_APPL_LOADABLE = 0x0
                0x00000000                CY_CHECKSUM_EXCLUDE_SIZE = ALIGN (0x0, CY_FLASH_ROW_SIZE)
                0x00000000                CY_APP_FOR_STACK_AND_COPIER = 0x0
                [!provide]                PROVIDE (__cy_heap_start, _end)
                0x00000001                PROVIDE (__cy_region_num, ((__cy_regions_end - __cy_regions) / 0x10))
                0x20001000                PROVIDE (__cy_stack, (ORIGIN (ram) + LENGTH (ram)))
                [!provide]                PROVIDE (__cy_heap_end, (__cy_stack - 0x400))

.cybootloader   0x00000000        0x0
 *(.cybootloader)
                0x00000000                appl1_start = CY_APPL_ORIGIN?CY_APPL_ORIGIN:ALIGN (CY_FLASH_ROW_SIZE)
                0x00001f80                appl2_start = (appl1_start + ALIGN ((((LENGTH (rom) - appl1_start) - (0x2 * CY_FLASH_ROW_SIZE)) / 0x2), CY_FLASH_ROW_SIZE))
                0x00000000                appl_start = (CY_APPL_NUM == 0x1)?appl1_start:appl2_start
                0x00000001                cy_project_type_bootloader = (appl_start == 0x0)?0x1:0x0
                0x00000000                cy_project_type_app_for_stack_and_copier = (CY_APP_FOR_STACK_AND_COPIER == 0x1)?0x1:0x0

.text           0x00000000     0x1b82
 CREATE_OBJECT_SYMBOLS
                0x00000000                PROVIDE (__cy_interrupt_vector, RomVectors)
 *(.romvectors)
 .romvectors    0x00000000       0x10 .\CortexM0\ARM_GCC_541\Debug\Cm0Start.o
                0x00000000                RomVectors
                0x00000001                ASSERT ((. != __cy_interrupt_vector), No interrupt vector)
                0x00000001                ASSERT (CY_APPL_ORIGIN?(SIZEOF (.cybootloader) <= CY_APPL_ORIGIN):0x1, Wrong image location)
                0x00000010                PROVIDE (__cy_reset, Reset)
 *(.text.Reset)
 .text.Reset    0x00000010        0x8 .\CortexM0\ARM_GCC_541\Debug\Cm0Start.o
                0x00000010                Reset
                0x00000001                ASSERT ((. != __cy_reset), No reset code)
 *(.psocinit)
 .psocinit      0x00000018      0x1e4 .\CortexM0\ARM_GCC_541\Debug\cyfitter_cfg.o
                0x000000e0                cyfitter_cfg
                0x000001fc                . = MAX (., 0x100)
 *(.text .text.* .gnu.linkonce.t.*)
 .text          0x000001fc       0x60 c:/program files (x86)/cypress/psoc creator/4.4/psoc creator/import/gnu/arm/5.4.1/bin/../lib/gcc/arm-none-eabi/5.4.1/armv6-m/crtbegin.o
 .text.SysTick_Handler
                0x0000025c       0x10 .\CortexM0\ARM_GCC_541\Debug\main.o
                0x0000025c                SysTick_Handler
 .text.driveLED_W
                0x0000026c       0xdc .\CortexM0\ARM_GCC_541\Debug\main.o
                0x0000026c                driveLED_W
 .text.driveLED_R
                0x00000348       0xdc .\CortexM0\ARM_GCC_541\Debug\main.o
                0x00000348                driveLED_R
 .text.driveLED_OFF
                0x00000424       0x44 .\CortexM0\ARM_GCC_541\Debug\main.o
                0x00000424                driveLED_OFF
 .text.main     0x00000468      0x12c .\CortexM0\ARM_GCC_541\Debug\main.o
                0x00000468                main
 .text.cfg_write_bytes32
                0x00000594       0x34 .\CortexM0\ARM_GCC_541\Debug\cyfitter_cfg.o
 .text.CYMEMZERO
                0x000005c8        0xc .\CortexM0\ARM_GCC_541\Debug\cyfitter_cfg.o
 .text.SetAnalogRoutingPumps
                0x000005d4       0x40 .\CortexM0\ARM_GCC_541\Debug\cyfitter_cfg.o
                0x000005d4                SetAnalogRoutingPumps
 .text.AnalogSetDefault
                0x00000614        0xc .\CortexM0\ARM_GCC_541\Debug\cyfitter_cfg.o
 .text.IntDefaultHandler
                0x00000620       0x10 .\CortexM0\ARM_GCC_541\Debug\Cm0Start.o
                0x00000620                IntDefaultHandler
 .text._sbrk    0x00000630       0x30 .\CortexM0\ARM_GCC_541\Debug\Cm0Start.o
                0x00000630                _sbrk
 .text.Start_c  0x00000660       0x48 .\CortexM0\ARM_GCC_541\Debug\Cm0Start.o
                0x00000660                Start_c
 .text.initialize_psoc
                0x000006a8       0x40 .\CortexM0\ARM_GCC_541\Debug\Cm0Start.o
                0x000006a8                initialize_psoc
 .text.LED_1_Write
                0x000006e8       0x18 .\CortexM0\ARM_GCC_541\Debug\CY8C4124_TEST.a(LED_1.o)
                0x000006e8                LED_1_Write
 .text.PWM_W_WriteCounter
                0x00000700       0x10 .\CortexM0\ARM_GCC_541\Debug\CY8C4124_TEST.a(PWM_W.o)
                0x00000700                PWM_W_WriteCounter
 .text.PWM_W_WritePeriod
                0x00000710       0x10 .\CortexM0\ARM_GCC_541\Debug\CY8C4124_TEST.a(PWM_W.o)
                0x00000710                PWM_W_WritePeriod
 .text.PWM_W_WriteCompare
                0x00000720       0x10 .\CortexM0\ARM_GCC_541\Debug\CY8C4124_TEST.a(PWM_W.o)
                0x00000720                PWM_W_WriteCompare
 .text.PWM_W_TriggerCommand
                0x00000730       0x1c .\CortexM0\ARM_GCC_541\Debug\CY8C4124_TEST.a(PWM_W.o)
                0x00000730                PWM_W_TriggerCommand
 .text.PWM_W_Enable
                0x0000074c       0x24 .\CortexM0\ARM_GCC_541\Debug\CY8C4124_TEST.a(PWM_W.o)
                0x0000074c                PWM_W_Enable
 .text.PWM_W_SetInterruptMode
                0x00000770        0xc .\CortexM0\ARM_GCC_541\Debug\CY8C4124_TEST.a(PWM_W.o)
                0x00000770                PWM_W_SetInterruptMode
 .text.PWM_W_Init
                0x0000077c       0x4c .\CortexM0\ARM_GCC_541\Debug\CY8C4124_TEST.a(PWM_W.o)
                0x0000077c                PWM_W_Init
 .text.PWM_W_Start
                0x000007c8       0x20 .\CortexM0\ARM_GCC_541\Debug\CY8C4124_TEST.a(PWM_W.o)
                0x000007c8                PWM_W_Start
 .text.LED_2_Write
                0x000007e8       0x18 .\CortexM0\ARM_GCC_541\Debug\CY8C4124_TEST.a(LED_2.o)
                0x000007e8                LED_2_Write
 .text.LED_3_Write
                0x00000800       0x18 .\CortexM0\ARM_GCC_541\Debug\CY8C4124_TEST.a(LED_3.o)
                0x00000800                LED_3_Write
 .text.LED_4_Write
                0x00000818       0x18 .\CortexM0\ARM_GCC_541\Debug\CY8C4124_TEST.a(LED_4.o)
                0x00000818                LED_4_Write
 .text.LED_6_Write
                0x00000830       0x18 .\CortexM0\ARM_GCC_541\Debug\CY8C4124_TEST.a(LED_6.o)
                0x00000830                LED_6_Write
 .text.LED_7_Write
                0x00000848       0x18 .\CortexM0\ARM_GCC_541\Debug\CY8C4124_TEST.a(LED_7.o)
                0x00000848                LED_7_Write
 .text.LED_8_Write
                0x00000860       0x18 .\CortexM0\ARM_GCC_541\Debug\CY8C4124_TEST.a(LED_8.o)
                0x00000860                LED_8_Write
 .text.LED_9_Write
                0x00000878       0x18 .\CortexM0\ARM_GCC_541\Debug\CY8C4124_TEST.a(LED_9.o)
                0x00000878                LED_9_Write
 .text.ISR_W_SetVector
                0x00000890        0xc .\CortexM0\ARM_GCC_541\Debug\CY8C4124_TEST.a(ISR_W.o)
                0x00000890                ISR_W_SetVector
 .text.ISR_W_SetPriority
                0x0000089c       0x20 .\CortexM0\ARM_GCC_541\Debug\CY8C4124_TEST.a(ISR_W.o)
                0x0000089c                ISR_W_SetPriority
 .text.ISR_W_Enable
                0x000008bc        0xc .\CortexM0\ARM_GCC_541\Debug\CY8C4124_TEST.a(ISR_W.o)
                0x000008bc                ISR_W_Enable
 .text.ISR_W_Disable
                0x000008c8        0xc .\CortexM0\ARM_GCC_541\Debug\CY8C4124_TEST.a(ISR_W.o)
                0x000008c8                ISR_W_Disable
 .text.ISR_W_StartEx
                0x000008d4       0x1c .\CortexM0\ARM_GCC_541\Debug\CY8C4124_TEST.a(ISR_W.o)
                0x000008d4                ISR_W_StartEx
 .text.ISR_W_ClearPending
                0x000008f0        0xc .\CortexM0\ARM_GCC_541\Debug\CY8C4124_TEST.a(ISR_W.o)
                0x000008f0                ISR_W_ClearPending
 .text.LED_5_Write
                0x000008fc       0x18 .\CortexM0\ARM_GCC_541\Debug\CY8C4124_TEST.a(LED_5.o)
                0x000008fc                LED_5_Write
 .text.ISR_R_SetVector
                0x00000914        0xc .\CortexM0\ARM_GCC_541\Debug\CY8C4124_TEST.a(ISR_R.o)
                0x00000914                ISR_R_SetVector
 .text.ISR_R_SetPriority
                0x00000920       0x20 .\CortexM0\ARM_GCC_541\Debug\CY8C4124_TEST.a(ISR_R.o)
                0x00000920                ISR_R_SetPriority
 .text.ISR_R_Enable
                0x00000940        0xc .\CortexM0\ARM_GCC_541\Debug\CY8C4124_TEST.a(ISR_R.o)
                0x00000940                ISR_R_Enable
 .text.ISR_R_Disable
                0x0000094c        0xc .\CortexM0\ARM_GCC_541\Debug\CY8C4124_TEST.a(ISR_R.o)
                0x0000094c                ISR_R_Disable
 .text.ISR_R_StartEx
                0x00000958       0x1c .\CortexM0\ARM_GCC_541\Debug\CY8C4124_TEST.a(ISR_R.o)
                0x00000958                ISR_R_StartEx
 .text.ISR_R_ClearPending
                0x00000974        0xc .\CortexM0\ARM_GCC_541\Debug\CY8C4124_TEST.a(ISR_R.o)
                0x00000974                ISR_R_ClearPending
 .text.PWM_R_WriteCounter
                0x00000980       0x10 .\CortexM0\ARM_GCC_541\Debug\CY8C4124_TEST.a(PWM_R.o)
                0x00000980                PWM_R_WriteCounter
 .text.PWM_R_WritePeriod
                0x00000990       0x10 .\CortexM0\ARM_GCC_541\Debug\CY8C4124_TEST.a(PWM_R.o)
                0x00000990                PWM_R_WritePeriod
 .text.PWM_R_WriteCompare
                0x000009a0       0x10 .\CortexM0\ARM_GCC_541\Debug\CY8C4124_TEST.a(PWM_R.o)
                0x000009a0                PWM_R_WriteCompare
 .text.PWM_R_TriggerCommand
                0x000009b0       0x1c .\CortexM0\ARM_GCC_541\Debug\CY8C4124_TEST.a(PWM_R.o)
                0x000009b0                PWM_R_TriggerCommand
 .text.PWM_R_Enable
                0x000009cc       0x24 .\CortexM0\ARM_GCC_541\Debug\CY8C4124_TEST.a(PWM_R.o)
                0x000009cc                PWM_R_Enable
 .text.PWM_R_SetInterruptMode
                0x000009f0        0xc .\CortexM0\ARM_GCC_541\Debug\CY8C4124_TEST.a(PWM_R.o)
                0x000009f0                PWM_R_SetInterruptMode
 .text.PWM_R_Init
                0x000009fc       0x4c .\CortexM0\ARM_GCC_541\Debug\CY8C4124_TEST.a(PWM_R.o)
                0x000009fc                PWM_R_Init
 .text.PWM_R_Start
                0x00000a48       0x20 .\CortexM0\ARM_GCC_541\Debug\CY8C4124_TEST.a(PWM_R.o)
                0x00000a48                PWM_R_Start
 .text.ISR_W0_SetVector
                0x00000a68        0xc .\CortexM0\ARM_GCC_541\Debug\CY8C4124_TEST.a(ISR_W0.o)
                0x00000a68                ISR_W0_SetVector
 .text.ISR_W0_SetPriority
                0x00000a74       0x20 .\CortexM0\ARM_GCC_541\Debug\CY8C4124_TEST.a(ISR_W0.o)
                0x00000a74                ISR_W0_SetPriority
 .text.ISR_W0_Enable
                0x00000a94        0xc .\CortexM0\ARM_GCC_541\Debug\CY8C4124_TEST.a(ISR_W0.o)
                0x00000a94                ISR_W0_Enable
 .text.ISR_W0_Disable
                0x00000aa0        0xc .\CortexM0\ARM_GCC_541\Debug\CY8C4124_TEST.a(ISR_W0.o)
                0x00000aa0                ISR_W0_Disable
 .text.ISR_W0_StartEx
                0x00000aac       0x1c .\CortexM0\ARM_GCC_541\Debug\CY8C4124_TEST.a(ISR_W0.o)
                0x00000aac                ISR_W0_StartEx
 .text.ISR_W0_ClearPending
                0x00000ac8        0xc .\CortexM0\ARM_GCC_541\Debug\CY8C4124_TEST.a(ISR_W0.o)
                0x00000ac8                ISR_W0_ClearPending
 .text.ISR_R0_SetVector
                0x00000ad4        0xc .\CortexM0\ARM_GCC_541\Debug\CY8C4124_TEST.a(ISR_R0.o)
                0x00000ad4                ISR_R0_SetVector
 .text.ISR_R0_SetPriority
                0x00000ae0       0x24 .\CortexM0\ARM_GCC_541\Debug\CY8C4124_TEST.a(ISR_R0.o)
                0x00000ae0                ISR_R0_SetPriority
 .text.ISR_R0_Enable
                0x00000b04        0xc .\CortexM0\ARM_GCC_541\Debug\CY8C4124_TEST.a(ISR_R0.o)
                0x00000b04                ISR_R0_Enable
 .text.ISR_R0_Disable
                0x00000b10        0xc .\CortexM0\ARM_GCC_541\Debug\CY8C4124_TEST.a(ISR_R0.o)
                0x00000b10                ISR_R0_Disable
 .text.ISR_R0_StartEx
                0x00000b1c       0x1c .\CortexM0\ARM_GCC_541\Debug\CY8C4124_TEST.a(ISR_R0.o)
                0x00000b1c                ISR_R0_StartEx
 .text.ISR_R0_ClearPending
                0x00000b38        0xc .\CortexM0\ARM_GCC_541\Debug\CY8C4124_TEST.a(ISR_R0.o)
                0x00000b38                ISR_R0_ClearPending
 .text.CyIntEnable
                0x00000b44       0x14 .\CortexM0\ARM_GCC_541\Debug\CY8C4124_TEST.a(CyLib.o)
                0x00000b44                CyIntEnable
 .text.CyIntDisable
                0x00000b58       0x14 .\CortexM0\ARM_GCC_541\Debug\CY8C4124_TEST.a(CyLib.o)
                0x00000b58                CyIntDisable
 .text.CyHalt   0x00000b6c        0x4 .\CortexM0\ARM_GCC_541\Debug\CY8C4124_TEST.a(CyLib.o)
                0x00000b6c                CyHalt
 .text.CyIntSetSysVector
                0x00000b70       0x20 .\CortexM0\ARM_GCC_541\Debug\CY8C4124_TEST.a(CyLib.o)
                0x00000b70                CyIntSetSysVector
 .text.CyIntSetVector
                0x00000b90       0x24 .\CortexM0\ARM_GCC_541\Debug\CY8C4124_TEST.a(CyLib.o)
                0x00000b90                CyIntSetVector
 .text.CyIntSetPriority
                0x00000bb4       0x4c .\CortexM0\ARM_GCC_541\Debug\CY8C4124_TEST.a(CyLib.o)
                0x00000bb4                CyIntSetPriority
 .text.CyDelayUs
                0x00000c00       0x14 .\CortexM0\ARM_GCC_541\Debug\CY8C4124_TEST.a(CyLib.o)
                0x00000c00                CyDelayUs
 .text.CySysClkWriteImoFreq
                0x00000c14      0x164 .\CortexM0\ARM_GCC_541\Debug\CY8C4124_TEST.a(CyLib.o)
                0x00000c14                CySysClkWriteImoFreq
 .text.CySysTickEnableInterrupt
                0x00000d78       0x10 .\CortexM0\ARM_GCC_541\Debug\CY8C4124_TEST.a(CyLib.o)
                0x00000d78                CySysTickEnableInterrupt
 .text.CySysTickEnable
                0x00000d88       0x18 .\CortexM0\ARM_GCC_541\Debug\CY8C4124_TEST.a(CyLib.o)
                0x00000d88                CySysTickEnable
 .text.CySysTickSetReload
                0x00000da0       0x10 .\CortexM0\ARM_GCC_541\Debug\CY8C4124_TEST.a(CyLib.o)
                0x00000da0                CySysTickSetReload
 .text.CySysTickGetCountFlag
                0x00000db0       0x10 .\CortexM0\ARM_GCC_541\Debug\CY8C4124_TEST.a(CyLib.o)
                0x00000db0                CySysTickGetCountFlag
 .text.CySysTickServiceCallbacks
                0x00000dc0       0x28 .\CortexM0\ARM_GCC_541\Debug\CY8C4124_TEST.a(CyLib.o)
 .text.CySysTickClear
                0x00000de8        0xc .\CortexM0\ARM_GCC_541\Debug\CY8C4124_TEST.a(CyLib.o)
                0x00000de8                CySysTickClear
 .text.CySysTickInit
                0x00000df4       0x40 .\CortexM0\ARM_GCC_541\Debug\CY8C4124_TEST.a(CyLib.o)
                0x00000df4                CySysTickInit
 .text.CySysTickStart
                0x00000e34       0x20 .\CortexM0\ARM_GCC_541\Debug\CY8C4124_TEST.a(CyLib.o)
                0x00000e34                CySysTickStart
 .text.CySysTickSetCallback
                0x00000e54       0x10 .\CortexM0\ARM_GCC_541\Debug\CY8C4124_TEST.a(CyLib.o)
                0x00000e54                CySysTickSetCallback
 .text.CySysWdtLocked
                0x00000e64       0x14 .\CortexM0\ARM_GCC_541\Debug\CY8C4124_TEST.a(CyLFClk.o)
 .text.CySysWdtLock
                0x00000e78       0x1c .\CortexM0\ARM_GCC_541\Debug\CY8C4124_TEST.a(CyLFClk.o)
                0x00000e78                CySysWdtLock
 .text.CySysWdtUnlock
                0x00000e94       0x30 .\CortexM0\ARM_GCC_541\Debug\CY8C4124_TEST.a(CyLFClk.o)
                0x00000e94                CySysWdtUnlock
 .text.CySysWdtClearInterrupt
                0x00000ec4       0x4c .\CortexM0\ARM_GCC_541\Debug\CY8C4124_TEST.a(CyLFClk.o)
                0x00000ec4                CySysWdtClearInterrupt
 .text.CySysWdtIsr
                0x00000f10       0xa4 .\CortexM0\ARM_GCC_541\Debug\CY8C4124_TEST.a(CyLFClk.o)
                0x00000f10                CySysWdtIsr
 .text.UART_ScbEnableIntr
                0x00000fb4        0xc .\CortexM0\ARM_GCC_541\Debug\CY8C4124_TEST.a(UART.o)
 .text.UART_ScbModePostEnable
                0x00000fc0        0x8 .\CortexM0\ARM_GCC_541\Debug\CY8C4124_TEST.a(UART.o)
 .text.UART_Init
                0x00000fc8        0x8 .\CortexM0\ARM_GCC_541\Debug\CY8C4124_TEST.a(UART.o)
                0x00000fc8                UART_Init
 .text.UART_Enable
                0x00000fd0       0x1c .\CortexM0\ARM_GCC_541\Debug\CY8C4124_TEST.a(UART.o)
                0x00000fd0                UART_Enable
 .text.UART_Start
                0x00000fec       0x20 .\CortexM0\ARM_GCC_541\Debug\CY8C4124_TEST.a(UART.o)
                0x00000fec                UART_Start
 .text.UART_SpiUartReadRxData
                0x0000100c        0xc .\CortexM0\ARM_GCC_541\Debug\CY8C4124_TEST.a(UART_SPI_UART.o)
                0x0000100c                UART_SpiUartReadRxData
 .text.UART_SpiUartGetRxBufferSize
                0x00001018       0x10 .\CortexM0\ARM_GCC_541\Debug\CY8C4124_TEST.a(UART_SPI_UART.o)
                0x00001018                UART_SpiUartGetRxBufferSize
 .text.UART_SpiUartWriteTxData
                0x00001028       0x1c .\CortexM0\ARM_GCC_541\Debug\CY8C4124_TEST.a(UART_SPI_UART.o)
                0x00001028                UART_SpiUartWriteTxData
 .text.UART_UartInit
                0x00001044       0xc0 .\CortexM0\ARM_GCC_541\Debug\CY8C4124_TEST.a(UART_UART.o)
                0x00001044                UART_UartInit
 .text.UART_UartPostEnable
                0x00001104       0x24 .\CortexM0\ARM_GCC_541\Debug\CY8C4124_TEST.a(UART_UART.o)
                0x00001104                UART_UartPostEnable
 .text.UART_UartGetChar
                0x00001128       0x2c .\CortexM0\ARM_GCC_541\Debug\CY8C4124_TEST.a(UART_UART.o)
                0x00001128                UART_UartGetChar
 .text.UART_UartPutString
                0x00001154       0x18 .\CortexM0\ARM_GCC_541\Debug\CY8C4124_TEST.a(UART_UART.o)
                0x00001154                UART_UartPutString
 *fill*         0x0000116c        0x4 
 .text          0x00001170       0x24 .\CortexM0\ARM_GCC_541\Debug\CY8C4124_TEST.a(CyBootAsmGnu.o)
                0x00001170                CyDelayCycles
                0x00001184                CyEnterCriticalSection
                0x0000118c                CyExitCriticalSection
 .text.UART_SPI_UART_ISR
                0x00001194       0x14 .\CortexM0\ARM_GCC_541\Debug\CY8C4124_TEST.a(UART_SPI_UART_INT.o)
                0x00001194                UART_SPI_UART_ISR
 .text          0x000011a8      0x114 c:/program files (x86)/cypress/psoc creator/4.4/psoc creator/import/gnu/arm/5.4.1/bin/../lib/gcc/arm-none-eabi/5.4.1/armv6-m\libgcc.a(_udivsi3.o)
                0x000011a8                __aeabi_uidiv
                0x000011a8                __udivsi3
                0x000012b4                __aeabi_uidivmod
 .text          0x000012bc        0x4 c:/program files (x86)/cypress/psoc creator/4.4/psoc creator/import/gnu/arm/5.4.1/bin/../lib/gcc/arm-none-eabi/5.4.1/armv6-m\libgcc.a(_dvmd_tls.o)
                0x000012bc                __aeabi_idiv0
                0x000012bc                __aeabi_ldiv0
 .text.__errno  0x000012c0        0xc c:/program files (x86)/cypress/psoc creator/4.4/psoc creator/import/gnu/arm/5.4.1/bin/../lib/gcc/arm-none-eabi/5.4.1/../../../../arm-none-eabi/lib/armv6-m\libg_nano.a(lib_a-errno.o)
                0x000012c0                __errno
 .text.__libc_init_array
                0x000012cc       0x4c c:/program files (x86)/cypress/psoc creator/4.4/psoc creator/import/gnu/arm/5.4.1/bin/../lib/gcc/arm-none-eabi/5.4.1/../../../../arm-none-eabi/lib/armv6-m\libg_nano.a(lib_a-init.o)
                0x000012cc                __libc_init_array
 .text.memset   0x00001318       0x10 c:/program files (x86)/cypress/psoc creator/4.4/psoc creator/import/gnu/arm/5.4.1/bin/../lib/gcc/arm-none-eabi/5.4.1/../../../../arm-none-eabi/lib/armv6-m\libg_nano.a(lib_a-memset.o)
                0x00001318                memset
 .text.sprintf  0x00001328       0x44 c:/program files (x86)/cypress/psoc creator/4.4/psoc creator/import/gnu/arm/5.4.1/bin/../lib/gcc/arm-none-eabi/5.4.1/../../../../arm-none-eabi/lib/armv6-m\libg_nano.a(lib_a-sprintf.o)
                0x00001328                siprintf
                0x00001328                sprintf
 .text.__ssputs_r
                0x0000136c       0xc4 c:/program files (x86)/cypress/psoc creator/4.4/psoc creator/import/gnu/arm/5.4.1/bin/../lib/gcc/arm-none-eabi/5.4.1/../../../../arm-none-eabi/lib/armv6-m\libg_nano.a(lib_a-nano-svfprintf.o)
                0x0000136c                __ssputs_r
 .text._svfprintf_r
                0x00001430      0x1fc c:/program files (x86)/cypress/psoc creator/4.4/psoc creator/import/gnu/arm/5.4.1/bin/../lib/gcc/arm-none-eabi/5.4.1/../../../../arm-none-eabi/lib/armv6-m\libg_nano.a(lib_a-nano-svfprintf.o)
                0x00001430                _svfiprintf_r
                0x00001430                _svfprintf_r
 .text._printf_common
                0x0000162c       0xdc c:/program files (x86)/cypress/psoc creator/4.4/psoc creator/import/gnu/arm/5.4.1/bin/../lib/gcc/arm-none-eabi/5.4.1/../../../../arm-none-eabi/lib/armv6-m\libg_nano.a(lib_a-nano-vfprintf_i.o)
                0x0000162c                _printf_common
 .text._printf_i
                0x00001708      0x244 c:/program files (x86)/cypress/psoc creator/4.4/psoc creator/import/gnu/arm/5.4.1/bin/../lib/gcc/arm-none-eabi/5.4.1/../../../../arm-none-eabi/lib/armv6-m\libg_nano.a(lib_a-nano-vfprintf_i.o)
                0x00001708                _printf_i
 .text.memchr   0x0000194c       0x16 c:/program files (x86)/cypress/psoc creator/4.4/psoc creator/import/gnu/arm/5.4.1/bin/../lib/gcc/arm-none-eabi/5.4.1/../../../../arm-none-eabi/lib/armv6-m\libg_nano.a(lib_a-memchr-stub.o)
                0x0000194c                memchr
 .text.memcpy   0x00001962       0x12 c:/program files (x86)/cypress/psoc creator/4.4/psoc creator/import/gnu/arm/5.4.1/bin/../lib/gcc/arm-none-eabi/5.4.1/../../../../arm-none-eabi/lib/armv6-m\libg_nano.a(lib_a-memcpy-stub.o)
                0x00001962                memcpy
 .text.memmove  0x00001974       0x2a c:/program files (x86)/cypress/psoc creator/4.4/psoc creator/import/gnu/arm/5.4.1/bin/../lib/gcc/arm-none-eabi/5.4.1/../../../../arm-none-eabi/lib/armv6-m\libg_nano.a(lib_a-memmove.o)
                0x00001974                memmove
 *fill*         0x0000199e        0x2 
 .text._free_r  0x000019a0       0x98 c:/program files (x86)/cypress/psoc creator/4.4/psoc creator/import/gnu/arm/5.4.1/bin/../lib/gcc/arm-none-eabi/5.4.1/../../../../arm-none-eabi/lib/armv6-m\libg_nano.a(lib_a-nano-freer.o)
                0x000019a0                _free_r
 .text._malloc_r
                0x00001a38       0xc0 c:/program files (x86)/cypress/psoc creator/4.4/psoc creator/import/gnu/arm/5.4.1/bin/../lib/gcc/arm-none-eabi/5.4.1/../../../../arm-none-eabi/lib/armv6-m\libg_nano.a(lib_a-nano-mallocr.o)
                0x00001a38                _malloc_r
 .text._realloc_r
                0x00001af8       0x4c c:/program files (x86)/cypress/psoc creator/4.4/psoc creator/import/gnu/arm/5.4.1/bin/../lib/gcc/arm-none-eabi/5.4.1/../../../../arm-none-eabi/lib/armv6-m\libg_nano.a(lib_a-nano-reallocr.o)
                0x00001af8                _realloc_r
 .text._sbrk_r  0x00001b44       0x24 c:/program files (x86)/cypress/psoc creator/4.4/psoc creator/import/gnu/arm/5.4.1/bin/../lib/gcc/arm-none-eabi/5.4.1/../../../../arm-none-eabi/lib/armv6-m\libg_nano.a(lib_a-sbrkr.o)
                0x00001b44                _sbrk_r
 .text.__malloc_lock
                0x00001b68        0x2 c:/program files (x86)/cypress/psoc creator/4.4/psoc creator/import/gnu/arm/5.4.1/bin/../lib/gcc/arm-none-eabi/5.4.1/../../../../arm-none-eabi/lib/armv6-m\libg_nano.a(lib_a-mlock.o)
                0x00001b68                __malloc_lock
 .text.__malloc_unlock
                0x00001b6a        0x2 c:/program files (x86)/cypress/psoc creator/4.4/psoc creator/import/gnu/arm/5.4.1/bin/../lib/gcc/arm-none-eabi/5.4.1/../../../../arm-none-eabi/lib/armv6-m\libg_nano.a(lib_a-mlock.o)
                0x00001b6a                __malloc_unlock
 .text._malloc_usable_size_r
                0x00001b6c       0x16 c:/program files (x86)/cypress/psoc creator/4.4/psoc creator/import/gnu/arm/5.4.1/bin/../lib/gcc/arm-none-eabi/5.4.1/../../../../arm-none-eabi/lib/armv6-m\libg_nano.a(lib_a-nano-msizer.o)
                0x00001b6c                _malloc_usable_size_r
 *(.plt)
 *(.gnu.warning)
 *(.glue_7t)
 .glue_7t       0x00001b82        0x0 linker stubs
 *(.glue_7)
 .glue_7        0x00001b82        0x0 linker stubs
 *(.vfp11_veneer)
 .vfp11_veneer  0x00001b82        0x0 linker stubs
 *(.bootloader)
 *(.ARM.extab* .gnu.linkonce.armextab.*)
 *(.gcc_except_table)

.v4_bx          0x00001b84        0x0
 .v4_bx         0x00001b84        0x0 linker stubs

.iplt           0x00001b84        0x0
 .iplt          0x00001b84        0x0 c:/program files (x86)/cypress/psoc creator/4.4/psoc creator/import/gnu/arm/5.4.1/bin/../lib/gcc/arm-none-eabi/5.4.1/armv6-m/crtbegin.o

.eh_frame_hdr
 *(.eh_frame_hdr)

.eh_frame       0x00001b84        0x4
 *(.eh_frame)
 .eh_frame      0x00001b84        0x0 c:/program files (x86)/cypress/psoc creator/4.4/psoc creator/import/gnu/arm/5.4.1/bin/../lib/gcc/arm-none-eabi/5.4.1/armv6-m/crtbegin.o
 .eh_frame      0x00001b84        0x4 c:/program files (x86)/cypress/psoc creator/4.4/psoc creator/import/gnu/arm/5.4.1/bin/../lib/gcc/arm-none-eabi/5.4.1/armv6-m/crtend.o
                [!provide]                PROVIDE (__exidx_start, .)

.ARM.exidx
 *(.ARM.exidx* .gnu.linkonce.armexidx.*)
                0x00001b88                __exidx_end = .

.rodata         0x00001b88      0x120
 *(.rodata .rodata.* .gnu.linkonce.r.*)
 .rodata.str1.4
                0x00001b88       0x10 .\CortexM0\ARM_GCC_541\Debug\main.o
 .rodata        0x00001b98       0x78 .\CortexM0\ARM_GCC_541\Debug\cyfitter_cfg.o
 .rodata        0x00001c10       0x2e .\CortexM0\ARM_GCC_541\Debug\CY8C4124_TEST.a(CyLib.o)
                0x00001c10                cyImoFreqMhz2Reg
 .rodata.str1.1
                0x00001c3e        0x2 c:/program files (x86)/cypress/psoc creator/4.4/psoc creator/import/gnu/arm/5.4.1/bin/../lib/gcc/arm-none-eabi/5.4.1/../../../../arm-none-eabi/lib/armv6-m\libg_nano.a(lib_a-impure.o)
 .rodata.str1.1
                0x00001c40       0x11 c:/program files (x86)/cypress/psoc creator/4.4/psoc creator/import/gnu/arm/5.4.1/bin/../lib/gcc/arm-none-eabi/5.4.1/../../../../arm-none-eabi/lib/armv6-m\libg_nano.a(lib_a-nano-svfprintf.o)
 .rodata.str1.1
                0x00001c51       0x22 c:/program files (x86)/cypress/psoc creator/4.4/psoc creator/import/gnu/arm/5.4.1/bin/../lib/gcc/arm-none-eabi/5.4.1/../../../../arm-none-eabi/lib/armv6-m\libg_nano.a(lib_a-nano-vfprintf_i.o)
                0x00001c74                . = ALIGN (0x4)
 *fill*         0x00001c73        0x1 
 *(.init)
 .init          0x00001c74        0x4 c:/program files (x86)/cypress/psoc creator/4.4/psoc creator/import/gnu/arm/5.4.1/bin/../lib/gcc/arm-none-eabi/5.4.1/armv6-m/crti.o
                0x00001c74                _init
 .init          0x00001c78        0x8 c:/program files (x86)/cypress/psoc creator/4.4/psoc creator/import/gnu/arm/5.4.1/bin/../lib/gcc/arm-none-eabi/5.4.1/armv6-m/crtn.o
                0x00001c80                . = ALIGN (0x4)
                0x00001c80                __preinit_array_start = .
 *(.preinit_array)
                0x00001c80                __preinit_array_end = .
                0x00001c80                . = ALIGN (0x4)
                0x00001c80                __init_array_start = .
 *(SORT(.init_array.*))
 *(.init_array)
 .init_array    0x00001c80        0x4 c:/program files (x86)/cypress/psoc creator/4.4/psoc creator/import/gnu/arm/5.4.1/bin/../lib/gcc/arm-none-eabi/5.4.1/armv6-m/crtbegin.o
 .init_array    0x00001c84        0x4 .\CortexM0\ARM_GCC_541\Debug\Cm0Start.o
                0x00001c88                __init_array_end = .
                0x00001c88                . = ALIGN (0x4)
 *(.fini)
 .fini          0x00001c88        0x4 c:/program files (x86)/cypress/psoc creator/4.4/psoc creator/import/gnu/arm/5.4.1/bin/../lib/gcc/arm-none-eabi/5.4.1/armv6-m/crti.o
                0x00001c88                _fini
 .fini          0x00001c8c        0x8 c:/program files (x86)/cypress/psoc creator/4.4/psoc creator/import/gnu/arm/5.4.1/bin/../lib/gcc/arm-none-eabi/5.4.1/armv6-m/crtn.o
                0x00001c94                . = ALIGN (0x4)
                0x00001c94                __fini_array_start = .
 *(.fini_array)
 .fini_array    0x00001c94        0x4 c:/program files (x86)/cypress/psoc creator/4.4/psoc creator/import/gnu/arm/5.4.1/bin/../lib/gcc/arm-none-eabi/5.4.1/armv6-m/crtbegin.o
 *(SORT(.fini_array.*))
                0x00001c98                __fini_array_end = .
                0x00001c98                . = ALIGN (0x4)
 *crtbegin.o(.ctors)
 *(EXCLUDE_FILE(*crtend.o) .ctors)
 *(SORT(.ctors.*))
 *crtend.o(.ctors)
                0x00001c98                . = ALIGN (0x4)
 *crtbegin.o(.dtors)
 *(EXCLUDE_FILE(*crtend.o) .dtors)
 *(SORT(.dtors.*))
 *crtend.o(.dtors)
                0x00001c98                . = ALIGN (0x4)
                0x00001c98                __cy_regions = .
                0x00001c98        0x4 LONG 0x1ca8 __cy_region_init_ram
                0x00001c9c        0x4 LONG 0x200000c0 __cy_region_start_data
                0x00001ca0        0x4 LONG 0x88 __cy_region_init_size_ram
                0x00001ca4        0x4 LONG 0xa8 __cy_region_zero_size_ram
                0x00001ca8                __cy_regions_end = .
                0x00001ca8                . = ALIGN (0x8)
                0x00001ca8                _etext = .

.cy_checksum_exclude
                0x00001ca8        0x0
 *(.cy_checksum_exclude)

.ramvectors     0x20000000       0xc0
                0x20000000                __cy_region_start_ram = .
 *(.ramvectors)
 .ramvectors    0x20000000       0xc0 .\CortexM0\ARM_GCC_541\Debug\Cm0Start.o
                0x20000000                CyRamVectors

.noinit
 *(.noinit)

.data           0x200000c0       0x88 load address 0x00001ca8
                0x200000c0                __cy_region_start_data = .
 *(.jcr)
 .jcr           0x200000c0        0x0 c:/program files (x86)/cypress/psoc creator/4.4/psoc creator/import/gnu/arm/5.4.1/bin/../lib/gcc/arm-none-eabi/5.4.1/armv6-m/crtbegin.o
 .jcr           0x200000c0        0x4 c:/program files (x86)/cypress/psoc creator/4.4/psoc creator/import/gnu/arm/5.4.1/bin/../lib/gcc/arm-none-eabi/5.4.1/armv6-m/crtend.o
 *(.got.plt)
 *(.got)
 *(.shdata)
 *(.data .data.* .gnu.linkonce.d.*)
 .data          0x200000c4        0x4 .\CortexM0\ARM_GCC_541\Debug\Cm0Start.o
 .data          0x200000c8       0x14 .\CortexM0\ARM_GCC_541\Debug\CY8C4124_TEST.a(CyLib.o)
                0x200000c8                CySysClkPumpConfig
                0x200000cc                cydelay32kMs
                0x200000d0                cydelayFreqKhz
                0x200000d4                cydelayFreqMhz
                0x200000d8                cydelayFreqHz
 .data          0x200000dc        0x4 .\CortexM0\ARM_GCC_541\Debug\CY8C4124_TEST.a(CyLFClk.o)
 .data.impure_data
                0x200000e0       0x60 c:/program files (x86)/cypress/psoc creator/4.4/psoc creator/import/gnu/arm/5.4.1/bin/../lib/gcc/arm-none-eabi/5.4.1/../../../../arm-none-eabi/lib/armv6-m\libg_nano.a(lib_a-impure.o)
 .data._impure_ptr
                0x20000140        0x4 c:/program files (x86)/cypress/psoc creator/4.4/psoc creator/import/gnu/arm/5.4.1/bin/../lib/gcc/arm-none-eabi/5.4.1/../../../../arm-none-eabi/lib/armv6-m\libg_nano.a(lib_a-impure.o)
                0x20000140                _impure_ptr
                0x20000148                . = ALIGN (0x8)
 *fill*         0x20000144        0x4 
 *(.ram)
                0x20000148                _edata = .

.igot.plt       0x20000148        0x0 load address 0x00001d30
 .igot.plt      0x20000148        0x0 c:/program files (x86)/cypress/psoc creator/4.4/psoc creator/import/gnu/arm/5.4.1/bin/../lib/gcc/arm-none-eabi/5.4.1/armv6-m/crtbegin.o

.bss            0x20000148       0xa8 load address 0x00001d30
                0x20000148                PROVIDE (__bss_start__, .)
 *(.shbss)
 *(.bss .bss.* .gnu.linkonce.b.*)
 .bss           0x20000148       0x1c c:/program files (x86)/cypress/psoc creator/4.4/psoc creator/import/gnu/arm/5.4.1/bin/../lib/gcc/arm-none-eabi/5.4.1/armv6-m/crtbegin.o
 .bss           0x20000164       0x14 .\CortexM0\ARM_GCC_541\Debug\main.o
                0x20000164                msTicks
                0x20000168                lastTime2
                0x2000016c                lastTime
                0x20000174                msCont
 .bss           0x20000178        0x1 .\CortexM0\ARM_GCC_541\Debug\CY8C4124_TEST.a(PWM_W.o)
                0x20000178                PWM_W_initVar
 .bss           0x20000179        0x1 .\CortexM0\ARM_GCC_541\Debug\CY8C4124_TEST.a(PWM_R.o)
                0x20000179                PWM_R_initVar
 *fill*         0x2000017a        0x2 
 .bss           0x2000017c       0x18 .\CortexM0\ARM_GCC_541\Debug\CY8C4124_TEST.a(CyLib.o)
                0x20000190                CySysTickInitVar
 .bss           0x20000194       0x20 .\CortexM0\ARM_GCC_541\Debug\CY8C4124_TEST.a(CyLFClk.o)
 .bss           0x200001b4        0xa .\CortexM0\ARM_GCC_541\Debug\CY8C4124_TEST.a(UART.o)
                0x200001b4                UART_initVar
                0x200001b8                UART_customIntrHandler
                0x200001bc                UART_IntrTxMask
 *fill*         0x200001be        0x2 
 .bss.__malloc_sbrk_start
                0x200001c0        0x4 c:/program files (x86)/cypress/psoc creator/4.4/psoc creator/import/gnu/arm/5.4.1/bin/../lib/gcc/arm-none-eabi/5.4.1/../../../../arm-none-eabi/lib/armv6-m\libg_nano.a(lib_a-nano-mallocr.o)
                0x200001c0                __malloc_sbrk_start
 .bss.__malloc_free_list
                0x200001c4        0x4 c:/program files (x86)/cypress/psoc creator/4.4/psoc creator/import/gnu/arm/5.4.1/bin/../lib/gcc/arm-none-eabi/5.4.1/../../../../arm-none-eabi/lib/armv6-m\libg_nano.a(lib_a-nano-mallocr.o)
                0x200001c4                __malloc_free_list
 *(COMMON)
 COMMON         0x200001c8       0x22 .\CortexM0\ARM_GCC_541\Debug\main.o
                0x200001c8                myString
                0x200001e4                LED_R
                0x200001e8                LED_W
 *fill*         0x200001ea        0x2 
 COMMON         0x200001ec        0x4 c:/program files (x86)/cypress/psoc creator/4.4/psoc creator/import/gnu/arm/5.4.1/bin/../lib/gcc/arm-none-eabi/5.4.1/../../../../arm-none-eabi/lib/armv6-m\libg_nano.a(lib_a-reent.o)
                0x200001ec                errno
                0x200001f0                . = ALIGN (0x8)
 *(.ram.b)
                0x200001f0                _end = .
                0x200001f0                __end = .
                0x200001f0                PROVIDE (end, .)
                0x200001f0                PROVIDE (__bss_end__, .)
                0x00001ca8                __cy_region_init_ram = LOADADDR (.data)
                0x00000088                __cy_region_init_size_ram = (_edata - ADDR (.data))
                0x000000a8                __cy_region_zero_size_ram = (_end - _edata)

.heap           0x200001f0       0x80 load address 0x00001d30
                0x200001f0                . = _end
                0x20000270                . = (. + 0x80)
 *fill*         0x200001f0       0x80 
                0x20000270                __cy_heap_limit = .

.stack          0x20000c00      0x400
                0x20000c00                __cy_stack_limit = .
                0x20001000                . = (. + 0x400)
 *fill*         0x20000c00      0x400 
                0x00000001                ASSERT ((__cy_stack_limit >= __cy_heap_limit), region RAM overflowed with stack)
                0x00000000                cy_checksum_exclude_size = (CY_APPL_LOADABLE == 0x1)?SIZEOF (.cy_checksum_exclude):0x0
                0x00000001                ASSERT ((cy_checksum_exclude_size <= CY_CHECKSUM_EXCLUDE_SIZE), CY_BOOT: Section .cy_checksum_exclude size exceedes specified limit.)
                0x00003fc0                cyloadermeta_start = (cy_project_type_bootloader || cy_project_type_app_for_stack_and_copier)?(LENGTH (rom) - CY_METADATA_SIZE):0xf0000000

.cyloadermeta
 *(.cyloadermeta)
                0x00003fc0                cyloadablemeta_start = cy_project_type_app_for_stack_and_copier?((LENGTH (rom) - CY_FLASH_ROW_SIZE) - CY_METADATA_SIZE):((LENGTH (rom) - (CY_FLASH_ROW_SIZE * (CY_APPL_NUM - 0x1))) - CY_METADATA_SIZE)

.cyloadablemeta
 *(.cyloadablemeta)

.cyflashprotect
                0x90400000       0x10
 *(.cyflashprotect)
 .cyflashprotect
                0x90400000       0x10 .\CortexM0\ARM_GCC_541\Debug\cymetadata.o
                0x90400000                cy_meta_flashprotect

.cymeta         0x90500000        0xc
 *(.cymeta)
 .cymeta        0x90500000        0xc .\CortexM0\ARM_GCC_541\Debug\cymetadata.o
                0x90500000                cy_metadata

.cychipprotect  0x90600000        0x1
 *(.cychipprotect)
 .cychipprotect
                0x90600000        0x1 .\CortexM0\ARM_GCC_541\Debug\cymetadata.o
                0x90600000                cy_meta_chipprotect

.rel.dyn        0x00001d30        0x0 load address 0x90600004
 .rel.iplt      0x00001d30        0x0 c:/program files (x86)/cypress/psoc creator/4.4/psoc creator/import/gnu/arm/5.4.1/bin/../lib/gcc/arm-none-eabi/5.4.1/armv6-m/crtbegin.o

.stab
 *(.stab)

.stabstr
 *(.stabstr)

.debug
 *(.debug)

.line
 *(.line)

.debug_srcinfo
 *(.debug_srcinfo)

.debug_sfnames
 *(.debug_sfnames)

.debug_aranges  0x00000000      0xc58
 *(.debug_aranges)
 .debug_aranges
                0x00000000       0x48 .\CortexM0\ARM_GCC_541\Debug\main.o
 .debug_aranges
                0x00000048       0x48 .\CortexM0\ARM_GCC_541\Debug\cyfitter_cfg.o
 .debug_aranges
                0x00000090       0x18 .\CortexM0\ARM_GCC_541\Debug\cymetadata.o
 .debug_aranges
                0x000000a8       0x48 .\CortexM0\ARM_GCC_541\Debug\Cm0Start.o
 .debug_aranges
                0x000000f0       0x48 .\CortexM0\ARM_GCC_541\Debug\CY8C4124_TEST.a(LED_1.o)
 .debug_aranges
                0x00000138      0x158 .\CortexM0\ARM_GCC_541\Debug\CY8C4124_TEST.a(PWM_W.o)
 .debug_aranges
                0x00000290       0x48 .\CortexM0\ARM_GCC_541\Debug\CY8C4124_TEST.a(LED_2.o)
 .debug_aranges
                0x000002d8       0x48 .\CortexM0\ARM_GCC_541\Debug\CY8C4124_TEST.a(LED_3.o)
 .debug_aranges
                0x00000320       0x48 .\CortexM0\ARM_GCC_541\Debug\CY8C4124_TEST.a(LED_4.o)
 .debug_aranges
                0x00000368       0x48 .\CortexM0\ARM_GCC_541\Debug\CY8C4124_TEST.a(LED_6.o)
 .debug_aranges
                0x000003b0       0x48 .\CortexM0\ARM_GCC_541\Debug\CY8C4124_TEST.a(LED_7.o)
 .debug_aranges
                0x000003f8       0x48 .\CortexM0\ARM_GCC_541\Debug\CY8C4124_TEST.a(LED_8.o)
 .debug_aranges
                0x00000440       0x48 .\CortexM0\ARM_GCC_541\Debug\CY8C4124_TEST.a(LED_9.o)
 .debug_aranges
                0x00000488       0x80 .\CortexM0\ARM_GCC_541\Debug\CY8C4124_TEST.a(ISR_W.o)
 .debug_aranges
                0x00000508       0x48 .\CortexM0\ARM_GCC_541\Debug\CY8C4124_TEST.a(LED_5.o)
 .debug_aranges
                0x00000550       0x80 .\CortexM0\ARM_GCC_541\Debug\CY8C4124_TEST.a(ISR_R.o)
 .debug_aranges
                0x000005d0      0x158 .\CortexM0\ARM_GCC_541\Debug\CY8C4124_TEST.a(PWM_R.o)
 .debug_aranges
                0x00000728       0x80 .\CortexM0\ARM_GCC_541\Debug\CY8C4124_TEST.a(ISR_W0.o)
 .debug_aranges
                0x000007a8       0x80 .\CortexM0\ARM_GCC_541\Debug\CY8C4124_TEST.a(ISR_R0.o)
 .debug_aranges
                0x00000828      0x180 .\CortexM0\ARM_GCC_541\Debug\CY8C4124_TEST.a(CyLib.o)
 .debug_aranges
                0x000009a8      0x138 .\CortexM0\ARM_GCC_541\Debug\CY8C4124_TEST.a(CyLFClk.o)
 .debug_aranges
                0x00000ae0       0x70 .\CortexM0\ARM_GCC_541\Debug\CY8C4124_TEST.a(UART.o)
 .debug_aranges
                0x00000b50       0x60 .\CortexM0\ARM_GCC_541\Debug\CY8C4124_TEST.a(UART_SPI_UART.o)
 .debug_aranges
                0x00000bb0       0x68 .\CortexM0\ARM_GCC_541\Debug\CY8C4124_TEST.a(UART_UART.o)
 .debug_aranges
                0x00000c18       0x20 .\CortexM0\ARM_GCC_541\Debug\CY8C4124_TEST.a(CyBootAsmGnu.o)
 .debug_aranges
                0x00000c38       0x20 .\CortexM0\ARM_GCC_541\Debug\CY8C4124_TEST.a(UART_SPI_UART_INT.o)

.debug_pubnames
 *(.debug_pubnames)

.debug_info     0x00000000     0x60f6
 *(.debug_info .gnu.linkonce.wi.*)
 .debug_info    0x00000000      0x9e1 .\CortexM0\ARM_GCC_541\Debug\main.o
 .debug_info    0x000009e1      0x404 .\CortexM0\ARM_GCC_541\Debug\cyfitter_cfg.o
 .debug_info    0x00000de5       0xf8 .\CortexM0\ARM_GCC_541\Debug\cymetadata.o
 .debug_info    0x00000edd      0x3a2 .\CortexM0\ARM_GCC_541\Debug\Cm0Start.o
 .debug_info    0x0000127f      0x19d .\CortexM0\ARM_GCC_541\Debug\CY8C4124_TEST.a(LED_1.o)
 .debug_info    0x0000141c      0x90b .\CortexM0\ARM_GCC_541\Debug\CY8C4124_TEST.a(PWM_W.o)
 .debug_info    0x00001d27      0x19d .\CortexM0\ARM_GCC_541\Debug\CY8C4124_TEST.a(LED_2.o)
 .debug_info    0x00001ec4      0x19d .\CortexM0\ARM_GCC_541\Debug\CY8C4124_TEST.a(LED_3.o)
 .debug_info    0x00002061      0x19d .\CortexM0\ARM_GCC_541\Debug\CY8C4124_TEST.a(LED_4.o)
 .debug_info    0x000021fe      0x19d .\CortexM0\ARM_GCC_541\Debug\CY8C4124_TEST.a(LED_6.o)
 .debug_info    0x0000239b      0x19d .\CortexM0\ARM_GCC_541\Debug\CY8C4124_TEST.a(LED_7.o)
 .debug_info    0x00002538      0x19b .\CortexM0\ARM_GCC_541\Debug\CY8C4124_TEST.a(LED_8.o)
 .debug_info    0x000026d3      0x19d .\CortexM0\ARM_GCC_541\Debug\CY8C4124_TEST.a(LED_9.o)
 .debug_info    0x00002870      0x305 .\CortexM0\ARM_GCC_541\Debug\CY8C4124_TEST.a(ISR_W.o)
 .debug_info    0x00002b75      0x19d .\CortexM0\ARM_GCC_541\Debug\CY8C4124_TEST.a(LED_5.o)
 .debug_info    0x00002d12      0x305 .\CortexM0\ARM_GCC_541\Debug\CY8C4124_TEST.a(ISR_R.o)
 .debug_info    0x00003017      0x90b .\CortexM0\ARM_GCC_541\Debug\CY8C4124_TEST.a(PWM_R.o)
 .debug_info    0x00003922      0x305 .\CortexM0\ARM_GCC_541\Debug\CY8C4124_TEST.a(ISR_W0.o)
 .debug_info    0x00003c27      0x305 .\CortexM0\ARM_GCC_541\Debug\CY8C4124_TEST.a(ISR_R0.o)
 .debug_info    0x00003f2c      0xaed .\CortexM0\ARM_GCC_541\Debug\CY8C4124_TEST.a(CyLib.o)
 .debug_info    0x00004a19      0xcfe .\CortexM0\ARM_GCC_541\Debug\CY8C4124_TEST.a(CyLFClk.o)
 .debug_info    0x00005717      0x2fb .\CortexM0\ARM_GCC_541\Debug\CY8C4124_TEST.a(UART.o)
 .debug_info    0x00005a12      0x220 .\CortexM0\ARM_GCC_541\Debug\CY8C4124_TEST.a(UART_SPI_UART.o)
 .debug_info    0x00005c32      0x37c .\CortexM0\ARM_GCC_541\Debug\CY8C4124_TEST.a(UART_UART.o)
 .debug_info    0x00005fae       0x8a .\CortexM0\ARM_GCC_541\Debug\CY8C4124_TEST.a(CyBootAsmGnu.o)
 .debug_info    0x00006038       0xbe .\CortexM0\ARM_GCC_541\Debug\CY8C4124_TEST.a(UART_SPI_UART_INT.o)

.debug_abbrev   0x00000000     0x1d65
 *(.debug_abbrev)
 .debug_abbrev  0x00000000      0x1a4 .\CortexM0\ARM_GCC_541\Debug\main.o
 .debug_abbrev  0x000001a4      0x1cf .\CortexM0\ARM_GCC_541\Debug\cyfitter_cfg.o
 .debug_abbrev  0x00000373       0x5d .\CortexM0\ARM_GCC_541\Debug\cymetadata.o
 .debug_abbrev  0x000003d0      0x1d7 .\CortexM0\ARM_GCC_541\Debug\Cm0Start.o
 .debug_abbrev  0x000005a7       0xc8 .\CortexM0\ARM_GCC_541\Debug\CY8C4124_TEST.a(LED_1.o)
 .debug_abbrev  0x0000066f      0x119 .\CortexM0\ARM_GCC_541\Debug\CY8C4124_TEST.a(PWM_W.o)
 .debug_abbrev  0x00000788       0xc8 .\CortexM0\ARM_GCC_541\Debug\CY8C4124_TEST.a(LED_2.o)
 .debug_abbrev  0x00000850       0xc8 .\CortexM0\ARM_GCC_541\Debug\CY8C4124_TEST.a(LED_3.o)
 .debug_abbrev  0x00000918       0xc8 .\CortexM0\ARM_GCC_541\Debug\CY8C4124_TEST.a(LED_4.o)
 .debug_abbrev  0x000009e0       0xc8 .\CortexM0\ARM_GCC_541\Debug\CY8C4124_TEST.a(LED_6.o)
 .debug_abbrev  0x00000aa8       0xc8 .\CortexM0\ARM_GCC_541\Debug\CY8C4124_TEST.a(LED_7.o)
 .debug_abbrev  0x00000b70       0xc8 .\CortexM0\ARM_GCC_541\Debug\CY8C4124_TEST.a(LED_8.o)
 .debug_abbrev  0x00000c38       0xc8 .\CortexM0\ARM_GCC_541\Debug\CY8C4124_TEST.a(LED_9.o)
 .debug_abbrev  0x00000d00      0x19a .\CortexM0\ARM_GCC_541\Debug\CY8C4124_TEST.a(ISR_W.o)
 .debug_abbrev  0x00000e9a       0xc8 .\CortexM0\ARM_GCC_541\Debug\CY8C4124_TEST.a(LED_5.o)
 .debug_abbrev  0x00000f62      0x19a .\CortexM0\ARM_GCC_541\Debug\CY8C4124_TEST.a(ISR_R.o)
 .debug_abbrev  0x000010fc      0x119 .\CortexM0\ARM_GCC_541\Debug\CY8C4124_TEST.a(PWM_R.o)
 .debug_abbrev  0x00001215      0x19a .\CortexM0\ARM_GCC_541\Debug\CY8C4124_TEST.a(ISR_W0.o)
 .debug_abbrev  0x000013af      0x19a .\CortexM0\ARM_GCC_541\Debug\CY8C4124_TEST.a(ISR_R0.o)
 .debug_abbrev  0x00001549      0x1d3 .\CortexM0\ARM_GCC_541\Debug\CY8C4124_TEST.a(CyLib.o)
 .debug_abbrev  0x0000171c      0x210 .\CortexM0\ARM_GCC_541\Debug\CY8C4124_TEST.a(CyLFClk.o)
 .debug_abbrev  0x0000192c      0x130 .\CortexM0\ARM_GCC_541\Debug\CY8C4124_TEST.a(UART.o)
 .debug_abbrev  0x00001a5c      0x14f .\CortexM0\ARM_GCC_541\Debug\CY8C4124_TEST.a(UART_SPI_UART.o)
 .debug_abbrev  0x00001bab      0x136 .\CortexM0\ARM_GCC_541\Debug\CY8C4124_TEST.a(UART_UART.o)
 .debug_abbrev  0x00001ce1       0x14 .\CortexM0\ARM_GCC_541\Debug\CY8C4124_TEST.a(CyBootAsmGnu.o)
 .debug_abbrev  0x00001cf5       0x70 .\CortexM0\ARM_GCC_541\Debug\CY8C4124_TEST.a(UART_SPI_UART_INT.o)

.debug_line     0x00000000     0x299e
 *(.debug_line)
 .debug_line    0x00000000      0x40c .\CortexM0\ARM_GCC_541\Debug\main.o
 .debug_line    0x0000040c      0x19e .\CortexM0\ARM_GCC_541\Debug\cyfitter_cfg.o
 .debug_line    0x000005aa      0x141 .\CortexM0\ARM_GCC_541\Debug\cymetadata.o
 .debug_line    0x000006eb      0x235 .\CortexM0\ARM_GCC_541\Debug\Cm0Start.o
 .debug_line    0x00000920       0xbd .\CortexM0\ARM_GCC_541\Debug\CY8C4124_TEST.a(LED_1.o)
 .debug_line    0x000009dd      0x37e .\CortexM0\ARM_GCC_541\Debug\CY8C4124_TEST.a(PWM_W.o)
 .debug_line    0x00000d5b       0xbd .\CortexM0\ARM_GCC_541\Debug\CY8C4124_TEST.a(LED_2.o)
 .debug_line    0x00000e18       0xbd .\CortexM0\ARM_GCC_541\Debug\CY8C4124_TEST.a(LED_3.o)
 .debug_line    0x00000ed5       0xbd .\CortexM0\ARM_GCC_541\Debug\CY8C4124_TEST.a(LED_4.o)
 .debug_line    0x00000f92       0xbd .\CortexM0\ARM_GCC_541\Debug\CY8C4124_TEST.a(LED_6.o)
 .debug_line    0x0000104f       0xbd .\CortexM0\ARM_GCC_541\Debug\CY8C4124_TEST.a(LED_7.o)
 .debug_line    0x0000110c       0xbc .\CortexM0\ARM_GCC_541\Debug\CY8C4124_TEST.a(LED_8.o)
 .debug_line    0x000011c8       0xbd .\CortexM0\ARM_GCC_541\Debug\CY8C4124_TEST.a(LED_9.o)
 .debug_line    0x00001285      0x151 .\CortexM0\ARM_GCC_541\Debug\CY8C4124_TEST.a(ISR_W.o)
 .debug_line    0x000013d6       0xbd .\CortexM0\ARM_GCC_541\Debug\CY8C4124_TEST.a(LED_5.o)
 .debug_line    0x00001493      0x14d .\CortexM0\ARM_GCC_541\Debug\CY8C4124_TEST.a(ISR_R.o)
 .debug_line    0x000015e0      0x37e .\CortexM0\ARM_GCC_541\Debug\CY8C4124_TEST.a(PWM_R.o)
 .debug_line    0x0000195e      0x152 .\CortexM0\ARM_GCC_541\Debug\CY8C4124_TEST.a(ISR_W0.o)
 .debug_line    0x00001ab0      0x152 .\CortexM0\ARM_GCC_541\Debug\CY8C4124_TEST.a(ISR_R0.o)
 .debug_line    0x00001c02      0x460 .\CortexM0\ARM_GCC_541\Debug\CY8C4124_TEST.a(CyLib.o)
 .debug_line    0x00002062      0x466 .\CortexM0\ARM_GCC_541\Debug\CY8C4124_TEST.a(CyLFClk.o)
 .debug_line    0x000024c8      0x15b .\CortexM0\ARM_GCC_541\Debug\CY8C4124_TEST.a(UART.o)
 .debug_line    0x00002623      0x11a .\CortexM0\ARM_GCC_541\Debug\CY8C4124_TEST.a(UART_SPI_UART.o)
 .debug_line    0x0000273d      0x17b .\CortexM0\ARM_GCC_541\Debug\CY8C4124_TEST.a(UART_UART.o)
 .debug_line    0x000028b8       0x69 .\CortexM0\ARM_GCC_541\Debug\CY8C4124_TEST.a(CyBootAsmGnu.o)
 .debug_line    0x00002921       0x7d .\CortexM0\ARM_GCC_541\Debug\CY8C4124_TEST.a(UART_SPI_UART_INT.o)

.debug_frame    0x00000000     0x1fb4
 *(.debug_frame)
 .debug_frame   0x00000000       0xb0 .\CortexM0\ARM_GCC_541\Debug\main.o
 .debug_frame   0x000000b0       0xb8 .\CortexM0\ARM_GCC_541\Debug\cyfitter_cfg.o
 .debug_frame   0x00000168       0xbc .\CortexM0\ARM_GCC_541\Debug\Cm0Start.o
 .debug_frame   0x00000224       0x70 .\CortexM0\ARM_GCC_541\Debug\CY8C4124_TEST.a(LED_1.o)
 .debug_frame   0x00000294      0x3a0 .\CortexM0\ARM_GCC_541\Debug\CY8C4124_TEST.a(PWM_W.o)
 .debug_frame   0x00000634       0x70 .\CortexM0\ARM_GCC_541\Debug\CY8C4124_TEST.a(LED_2.o)
 .debug_frame   0x000006a4       0x70 .\CortexM0\ARM_GCC_541\Debug\CY8C4124_TEST.a(LED_3.o)
 .debug_frame   0x00000714       0x70 .\CortexM0\ARM_GCC_541\Debug\CY8C4124_TEST.a(LED_4.o)
 .debug_frame   0x00000784       0x70 .\CortexM0\ARM_GCC_541\Debug\CY8C4124_TEST.a(LED_6.o)
 .debug_frame   0x000007f4       0x70 .\CortexM0\ARM_GCC_541\Debug\CY8C4124_TEST.a(LED_7.o)
 .debug_frame   0x00000864       0x70 .\CortexM0\ARM_GCC_541\Debug\CY8C4124_TEST.a(LED_8.o)
 .debug_frame   0x000008d4       0x70 .\CortexM0\ARM_GCC_541\Debug\CY8C4124_TEST.a(LED_9.o)
 .debug_frame   0x00000944      0x110 .\CortexM0\ARM_GCC_541\Debug\CY8C4124_TEST.a(ISR_W.o)
 .debug_frame   0x00000a54       0x70 .\CortexM0\ARM_GCC_541\Debug\CY8C4124_TEST.a(LED_5.o)
 .debug_frame   0x00000ac4      0x110 .\CortexM0\ARM_GCC_541\Debug\CY8C4124_TEST.a(ISR_R.o)
 .debug_frame   0x00000bd4      0x3a0 .\CortexM0\ARM_GCC_541\Debug\CY8C4124_TEST.a(PWM_R.o)
 .debug_frame   0x00000f74      0x110 .\CortexM0\ARM_GCC_541\Debug\CY8C4124_TEST.a(ISR_W0.o)
 .debug_frame   0x00001084      0x110 .\CortexM0\ARM_GCC_541\Debug\CY8C4124_TEST.a(ISR_R0.o)
 .debug_frame   0x00001194      0x3e0 .\CortexM0\ARM_GCC_541\Debug\CY8C4124_TEST.a(CyLib.o)
 .debug_frame   0x00001574      0x3a8 .\CortexM0\ARM_GCC_541\Debug\CY8C4124_TEST.a(CyLFClk.o)
 .debug_frame   0x0000191c      0x114 .\CortexM0\ARM_GCC_541\Debug\CY8C4124_TEST.a(UART.o)
 .debug_frame   0x00001a30       0xb0 .\CortexM0\ARM_GCC_541\Debug\CY8C4124_TEST.a(UART_SPI_UART.o)
 .debug_frame   0x00001ae0      0x100 .\CortexM0\ARM_GCC_541\Debug\CY8C4124_TEST.a(UART_UART.o)
 .debug_frame   0x00001be0       0x2c .\CortexM0\ARM_GCC_541\Debug\CY8C4124_TEST.a(UART_SPI_UART_INT.o)
 .debug_frame   0x00001c0c       0x20 c:/program files (x86)/cypress/psoc creator/4.4/psoc creator/import/gnu/arm/5.4.1/bin/../lib/gcc/arm-none-eabi/5.4.1/armv6-m\libgcc.a(_udivsi3.o)
 .debug_frame   0x00001c2c       0x20 c:/program files (x86)/cypress/psoc creator/4.4/psoc creator/import/gnu/arm/5.4.1/bin/../lib/gcc/arm-none-eabi/5.4.1/armv6-m\libgcc.a(_divsi3.o)
 .debug_frame   0x00001c4c       0x20 c:/program files (x86)/cypress/psoc creator/4.4/psoc creator/import/gnu/arm/5.4.1/bin/../lib/gcc/arm-none-eabi/5.4.1/../../../../arm-none-eabi/lib/armv6-m\libg_nano.a(lib_a-errno.o)
 .debug_frame   0x00001c6c       0x28 c:/program files (x86)/cypress/psoc creator/4.4/psoc creator/import/gnu/arm/5.4.1/bin/../lib/gcc/arm-none-eabi/5.4.1/../../../../arm-none-eabi/lib/armv6-m\libg_nano.a(lib_a-exit.o)
 .debug_frame   0x00001c94       0x2c c:/program files (x86)/cypress/psoc creator/4.4/psoc creator/import/gnu/arm/5.4.1/bin/../lib/gcc/arm-none-eabi/5.4.1/../../../../arm-none-eabi/lib/armv6-m\libg_nano.a(lib_a-init.o)
 .debug_frame   0x00001cc0       0x20 c:/program files (x86)/cypress/psoc creator/4.4/psoc creator/import/gnu/arm/5.4.1/bin/../lib/gcc/arm-none-eabi/5.4.1/../../../../arm-none-eabi/lib/armv6-m\libg_nano.a(lib_a-memset.o)
 .debug_frame   0x00001ce0       0x50 c:/program files (x86)/cypress/psoc creator/4.4/psoc creator/import/gnu/arm/5.4.1/bin/../lib/gcc/arm-none-eabi/5.4.1/../../../../arm-none-eabi/lib/armv6-m\libg_nano.a(lib_a-sprintf.o)
 .debug_frame   0x00001d30       0x74 c:/program files (x86)/cypress/psoc creator/4.4/psoc creator/import/gnu/arm/5.4.1/bin/../lib/gcc/arm-none-eabi/5.4.1/../../../../arm-none-eabi/lib/armv6-m\libg_nano.a(lib_a-nano-svfprintf.o)
 .debug_frame   0x00001da4       0x54 c:/program files (x86)/cypress/psoc creator/4.4/psoc creator/import/gnu/arm/5.4.1/bin/../lib/gcc/arm-none-eabi/5.4.1/../../../../arm-none-eabi/lib/armv6-m\libg_nano.a(lib_a-nano-vfprintf_i.o)
 .debug_frame   0x00001df8       0x20 c:/program files (x86)/cypress/psoc creator/4.4/psoc creator/import/gnu/arm/5.4.1/bin/../lib/gcc/arm-none-eabi/5.4.1/../../../../arm-none-eabi/lib/armv6-m\libg_nano.a(lib_a-memchr-stub.o)
 .debug_frame   0x00001e18       0x28 c:/program files (x86)/cypress/psoc creator/4.4/psoc creator/import/gnu/arm/5.4.1/bin/../lib/gcc/arm-none-eabi/5.4.1/../../../../arm-none-eabi/lib/armv6-m\libg_nano.a(lib_a-memcpy-stub.o)
 .debug_frame   0x00001e40       0x28 c:/program files (x86)/cypress/psoc creator/4.4/psoc creator/import/gnu/arm/5.4.1/bin/../lib/gcc/arm-none-eabi/5.4.1/../../../../arm-none-eabi/lib/armv6-m\libg_nano.a(lib_a-memmove.o)
 .debug_frame   0x00001e68       0x2c c:/program files (x86)/cypress/psoc creator/4.4/psoc creator/import/gnu/arm/5.4.1/bin/../lib/gcc/arm-none-eabi/5.4.1/../../../../arm-none-eabi/lib/armv6-m\libg_nano.a(lib_a-nano-freer.o)
 .debug_frame   0x00001e94       0x2c c:/program files (x86)/cypress/psoc creator/4.4/psoc creator/import/gnu/arm/5.4.1/bin/../lib/gcc/arm-none-eabi/5.4.1/../../../../arm-none-eabi/lib/armv6-m\libg_nano.a(lib_a-nano-mallocr.o)
 .debug_frame   0x00001ec0       0x30 c:/program files (x86)/cypress/psoc creator/4.4/psoc creator/import/gnu/arm/5.4.1/bin/../lib/gcc/arm-none-eabi/5.4.1/../../../../arm-none-eabi/lib/armv6-m\libg_nano.a(lib_a-nano-reallocr.o)
 .debug_frame   0x00001ef0       0x2c c:/program files (x86)/cypress/psoc creator/4.4/psoc creator/import/gnu/arm/5.4.1/bin/../lib/gcc/arm-none-eabi/5.4.1/../../../../arm-none-eabi/lib/armv6-m\libg_nano.a(lib_a-sbrkr.o)
 .debug_frame   0x00001f1c       0x30 c:/program files (x86)/cypress/psoc creator/4.4/psoc creator/import/gnu/arm/5.4.1/bin/../lib/gcc/arm-none-eabi/5.4.1/../../../../arm-none-eabi/lib/armv6-m\libg_nano.a(lib_a-mlock.o)
 .debug_frame   0x00001f4c       0x20 c:/program files (x86)/cypress/psoc creator/4.4/psoc creator/import/gnu/arm/5.4.1/bin/../lib/gcc/arm-none-eabi/5.4.1/../../../../arm-none-eabi/lib/armv6-m\libg_nano.a(lib_a-nano-msizer.o)
 .debug_frame   0x00001f6c       0x48 c:/program files (x86)/cypress/psoc creator/4.4/psoc creator/import/gnu/arm/5.4.1/bin/../lib/gcc/arm-none-eabi/5.4.1/../../../../arm-none-eabi/lib/armv6-m\libg_nano.a(lib_a-reent.o)

.debug_str      0x00000000     0x22d4
 *(.debug_str)
 .debug_str     0x00000000      0x43d .\CortexM0\ARM_GCC_541\Debug\main.o
                                0x4a8 (size before relaxing)
 .debug_str     0x0000043d      0x15f .\CortexM0\ARM_GCC_541\Debug\cyfitter_cfg.o
                                0x2f7 (size before relaxing)
 .debug_str     0x0000059c       0x59 .\CortexM0\ARM_GCC_541\Debug\cymetadata.o
                                0x1c2 (size before relaxing)
 .debug_str     0x000005f5      0x13a .\CortexM0\ARM_GCC_541\Debug\Cm0Start.o
                                0x2fb (size before relaxing)
 .debug_str     0x0000072f       0xa4 .\CortexM0\ARM_GCC_541\Debug\CY8C4124_TEST.a(LED_1.o)
                                0x230 (size before relaxing)
 .debug_str     0x000007d3      0x3d4 .\CortexM0\ARM_GCC_541\Debug\CY8C4124_TEST.a(PWM_W.o)
                                0x5ab (size before relaxing)
 .debug_str     0x00000ba7       0x7b .\CortexM0\ARM_GCC_541\Debug\CY8C4124_TEST.a(LED_2.o)
                                0x230 (size before relaxing)
 .debug_str     0x00000c22       0x7b .\CortexM0\ARM_GCC_541\Debug\CY8C4124_TEST.a(LED_3.o)
                                0x230 (size before relaxing)
 .debug_str     0x00000c9d       0x7b .\CortexM0\ARM_GCC_541\Debug\CY8C4124_TEST.a(LED_4.o)
                                0x230 (size before relaxing)
 .debug_str     0x00000d18       0x7b .\CortexM0\ARM_GCC_541\Debug\CY8C4124_TEST.a(LED_6.o)
                                0x230 (size before relaxing)
 .debug_str     0x00000d93       0x7b .\CortexM0\ARM_GCC_541\Debug\CY8C4124_TEST.a(LED_7.o)
                                0x230 (size before relaxing)
 .debug_str     0x00000e0e       0x7b .\CortexM0\ARM_GCC_541\Debug\CY8C4124_TEST.a(LED_8.o)
                                0x230 (size before relaxing)
 .debug_str     0x00000e89       0x7b .\CortexM0\ARM_GCC_541\Debug\CY8C4124_TEST.a(LED_9.o)
                                0x230 (size before relaxing)
 .debug_str     0x00000f04       0xec .\CortexM0\ARM_GCC_541\Debug\CY8C4124_TEST.a(ISR_W.o)
                                0x2e4 (size before relaxing)
 .debug_str     0x00000ff0       0x7b .\CortexM0\ARM_GCC_541\Debug\CY8C4124_TEST.a(LED_5.o)
                                0x230 (size before relaxing)
 .debug_str     0x0000106b       0xc5 .\CortexM0\ARM_GCC_541\Debug\CY8C4124_TEST.a(ISR_R.o)
                                0x2e4 (size before relaxing)
 .debug_str     0x00001130      0x2e3 .\CortexM0\ARM_GCC_541\Debug\CY8C4124_TEST.a(PWM_R.o)
                                0x5ab (size before relaxing)
 .debug_str     0x00001413       0xd1 .\CortexM0\ARM_GCC_541\Debug\CY8C4124_TEST.a(ISR_W0.o)
                                0x2f2 (size before relaxing)
 .debug_str     0x000014e4       0xd1 .\CortexM0\ARM_GCC_541\Debug\CY8C4124_TEST.a(ISR_R0.o)
                                0x2f2 (size before relaxing)
 .debug_str     0x000015b5      0x45c .\CortexM0\ARM_GCC_541\Debug\CY8C4124_TEST.a(CyLib.o)
                                0x6b0 (size before relaxing)
 .debug_str     0x00001a11      0x51d .\CortexM0\ARM_GCC_541\Debug\CY8C4124_TEST.a(CyLFClk.o)
                                0x737 (size before relaxing)
 .debug_str     0x00001f2e      0x161 .\CortexM0\ARM_GCC_541\Debug\CY8C4124_TEST.a(UART.o)
                                0x326 (size before relaxing)
 .debug_str     0x0000208f      0x119 .\CortexM0\ARM_GCC_541\Debug\CY8C4124_TEST.a(UART_SPI_UART.o)
                                0x2c8 (size before relaxing)
 .debug_str     0x000021a8       0xef .\CortexM0\ARM_GCC_541\Debug\CY8C4124_TEST.a(UART_UART.o)
                                0x369 (size before relaxing)
 .debug_str     0x00002297       0x3d .\CortexM0\ARM_GCC_541\Debug\CY8C4124_TEST.a(UART_SPI_UART_INT.o)
                                0x1d6 (size before relaxing)

.debug_loc      0x00000000     0x27cc
 *(.debug_loc)
 .debug_loc     0x00000000       0xc3 .\CortexM0\ARM_GCC_541\Debug\main.o
 .debug_loc     0x000000c3      0x14d .\CortexM0\ARM_GCC_541\Debug\cyfitter_cfg.o
 .debug_loc     0x00000210      0x14f .\CortexM0\ARM_GCC_541\Debug\Cm0Start.o
 .debug_loc     0x0000035f       0xa2 .\CortexM0\ARM_GCC_541\Debug\CY8C4124_TEST.a(LED_1.o)
 .debug_loc     0x00000401      0x547 .\CortexM0\ARM_GCC_541\Debug\CY8C4124_TEST.a(PWM_W.o)
 .debug_loc     0x00000948       0xa2 .\CortexM0\ARM_GCC_541\Debug\CY8C4124_TEST.a(LED_2.o)
 .debug_loc     0x000009ea       0xa2 .\CortexM0\ARM_GCC_541\Debug\CY8C4124_TEST.a(LED_3.o)
 .debug_loc     0x00000a8c       0xa2 .\CortexM0\ARM_GCC_541\Debug\CY8C4124_TEST.a(LED_4.o)
 .debug_loc     0x00000b2e       0xa2 .\CortexM0\ARM_GCC_541\Debug\CY8C4124_TEST.a(LED_6.o)
 .debug_loc     0x00000bd0       0xa2 .\CortexM0\ARM_GCC_541\Debug\CY8C4124_TEST.a(LED_7.o)
 .debug_loc     0x00000c72       0x81 .\CortexM0\ARM_GCC_541\Debug\CY8C4124_TEST.a(LED_8.o)
 .debug_loc     0x00000cf3       0xa2 .\CortexM0\ARM_GCC_541\Debug\CY8C4124_TEST.a(LED_9.o)
 .debug_loc     0x00000d95       0x82 .\CortexM0\ARM_GCC_541\Debug\CY8C4124_TEST.a(ISR_W.o)
 .debug_loc     0x00000e17       0xa2 .\CortexM0\ARM_GCC_541\Debug\CY8C4124_TEST.a(LED_5.o)
 .debug_loc     0x00000eb9       0x82 .\CortexM0\ARM_GCC_541\Debug\CY8C4124_TEST.a(ISR_R.o)
 .debug_loc     0x00000f3b      0x547 .\CortexM0\ARM_GCC_541\Debug\CY8C4124_TEST.a(PWM_R.o)
 .debug_loc     0x00001482       0x82 .\CortexM0\ARM_GCC_541\Debug\CY8C4124_TEST.a(ISR_W0.o)
 .debug_loc     0x00001504       0x82 .\CortexM0\ARM_GCC_541\Debug\CY8C4124_TEST.a(ISR_R0.o)
 .debug_loc     0x00001586      0x599 .\CortexM0\ARM_GCC_541\Debug\CY8C4124_TEST.a(CyLib.o)
 .debug_loc     0x00001b1f      0x9b5 .\CortexM0\ARM_GCC_541\Debug\CY8C4124_TEST.a(CyLFClk.o)
 .debug_loc     0x000024d4       0x7e .\CortexM0\ARM_GCC_541\Debug\CY8C4124_TEST.a(UART.o)
 .debug_loc     0x00002552       0x96 .\CortexM0\ARM_GCC_541\Debug\CY8C4124_TEST.a(UART_SPI_UART.o)
 .debug_loc     0x000025e8      0x1e4 .\CortexM0\ARM_GCC_541\Debug\CY8C4124_TEST.a(UART_UART.o)

.debug_macinfo
 *(.debug_macinfo)

.debug_ranges   0x00000000      0xaa0
 *(.debug_ranges)
 .debug_ranges  0x00000000       0x38 .\CortexM0\ARM_GCC_541\Debug\main.o
 .debug_ranges  0x00000038       0x38 .\CortexM0\ARM_GCC_541\Debug\cyfitter_cfg.o
 .debug_ranges  0x00000070       0x38 .\CortexM0\ARM_GCC_541\Debug\Cm0Start.o
 .debug_ranges  0x000000a8       0x38 .\CortexM0\ARM_GCC_541\Debug\CY8C4124_TEST.a(LED_1.o)
 .debug_ranges  0x000000e0      0x148 .\CortexM0\ARM_GCC_541\Debug\CY8C4124_TEST.a(PWM_W.o)
 .debug_ranges  0x00000228       0x38 .\CortexM0\ARM_GCC_541\Debug\CY8C4124_TEST.a(LED_2.o)
 .debug_ranges  0x00000260       0x38 .\CortexM0\ARM_GCC_541\Debug\CY8C4124_TEST.a(LED_3.o)
 .debug_ranges  0x00000298       0x38 .\CortexM0\ARM_GCC_541\Debug\CY8C4124_TEST.a(LED_4.o)
 .debug_ranges  0x000002d0       0x38 .\CortexM0\ARM_GCC_541\Debug\CY8C4124_TEST.a(LED_6.o)
 .debug_ranges  0x00000308       0x38 .\CortexM0\ARM_GCC_541\Debug\CY8C4124_TEST.a(LED_7.o)
 .debug_ranges  0x00000340       0x38 .\CortexM0\ARM_GCC_541\Debug\CY8C4124_TEST.a(LED_8.o)
 .debug_ranges  0x00000378       0x38 .\CortexM0\ARM_GCC_541\Debug\CY8C4124_TEST.a(LED_9.o)
 .debug_ranges  0x000003b0       0x70 .\CortexM0\ARM_GCC_541\Debug\CY8C4124_TEST.a(ISR_W.o)
 .debug_ranges  0x00000420       0x38 .\CortexM0\ARM_GCC_541\Debug\CY8C4124_TEST.a(LED_5.o)
 .debug_ranges  0x00000458       0x70 .\CortexM0\ARM_GCC_541\Debug\CY8C4124_TEST.a(ISR_R.o)
 .debug_ranges  0x000004c8      0x148 .\CortexM0\ARM_GCC_541\Debug\CY8C4124_TEST.a(PWM_R.o)
 .debug_ranges  0x00000610       0x70 .\CortexM0\ARM_GCC_541\Debug\CY8C4124_TEST.a(ISR_W0.o)
 .debug_ranges  0x00000680       0x70 .\CortexM0\ARM_GCC_541\Debug\CY8C4124_TEST.a(ISR_R0.o)
 .debug_ranges  0x000006f0      0x170 .\CortexM0\ARM_GCC_541\Debug\CY8C4124_TEST.a(CyLib.o)
 .debug_ranges  0x00000860      0x128 .\CortexM0\ARM_GCC_541\Debug\CY8C4124_TEST.a(CyLFClk.o)
 .debug_ranges  0x00000988       0x60 .\CortexM0\ARM_GCC_541\Debug\CY8C4124_TEST.a(UART.o)
 .debug_ranges  0x000009e8       0x50 .\CortexM0\ARM_GCC_541\Debug\CY8C4124_TEST.a(UART_SPI_UART.o)
 .debug_ranges  0x00000a38       0x58 .\CortexM0\ARM_GCC_541\Debug\CY8C4124_TEST.a(UART_UART.o)
 .debug_ranges  0x00000a90       0x10 .\CortexM0\ARM_GCC_541\Debug\CY8C4124_TEST.a(UART_SPI_UART_INT.o)

.comment        0x00000000       0x6e
 .comment       0x00000000       0x6e .\CortexM0\ARM_GCC_541\Debug\main.o
                                 0x6f (size before relaxing)
 .comment       0x0000006e       0x6f .\CortexM0\ARM_GCC_541\Debug\cyfitter_cfg.o
 .comment       0x0000006e       0x6f .\CortexM0\ARM_GCC_541\Debug\cymetadata.o
 .comment       0x0000006e       0x6f .\CortexM0\ARM_GCC_541\Debug\Cm0Start.o
 .comment       0x0000006e       0x6f .\CortexM0\ARM_GCC_541\Debug\CY8C4124_TEST.a(LED_1.o)
 .comment       0x0000006e       0x6f .\CortexM0\ARM_GCC_541\Debug\CY8C4124_TEST.a(PWM_W.o)
 .comment       0x0000006e       0x6f .\CortexM0\ARM_GCC_541\Debug\CY8C4124_TEST.a(LED_2.o)
 .comment       0x0000006e       0x6f .\CortexM0\ARM_GCC_541\Debug\CY8C4124_TEST.a(LED_3.o)
 .comment       0x0000006e       0x6f .\CortexM0\ARM_GCC_541\Debug\CY8C4124_TEST.a(LED_4.o)
 .comment       0x0000006e       0x6f .\CortexM0\ARM_GCC_541\Debug\CY8C4124_TEST.a(LED_6.o)
 .comment       0x0000006e       0x6f .\CortexM0\ARM_GCC_541\Debug\CY8C4124_TEST.a(LED_7.o)
 .comment       0x0000006e       0x6f .\CortexM0\ARM_GCC_541\Debug\CY8C4124_TEST.a(LED_8.o)
 .comment       0x0000006e       0x6f .\CortexM0\ARM_GCC_541\Debug\CY8C4124_TEST.a(LED_9.o)
 .comment       0x0000006e       0x6f .\CortexM0\ARM_GCC_541\Debug\CY8C4124_TEST.a(ISR_W.o)
 .comment       0x0000006e       0x6f .\CortexM0\ARM_GCC_541\Debug\CY8C4124_TEST.a(LED_5.o)
 .comment       0x0000006e       0x6f .\CortexM0\ARM_GCC_541\Debug\CY8C4124_TEST.a(ISR_R.o)
 .comment       0x0000006e       0x6f .\CortexM0\ARM_GCC_541\Debug\CY8C4124_TEST.a(PWM_R.o)
 .comment       0x0000006e       0x6f .\CortexM0\ARM_GCC_541\Debug\CY8C4124_TEST.a(ISR_W0.o)
 .comment       0x0000006e       0x6f .\CortexM0\ARM_GCC_541\Debug\CY8C4124_TEST.a(ISR_R0.o)
 .comment       0x0000006e       0x6f .\CortexM0\ARM_GCC_541\Debug\CY8C4124_TEST.a(CyLib.o)
 .comment       0x0000006e       0x6f .\CortexM0\ARM_GCC_541\Debug\CY8C4124_TEST.a(CyLFClk.o)
 .comment       0x0000006e       0x6f .\CortexM0\ARM_GCC_541\Debug\CY8C4124_TEST.a(UART.o)
 .comment       0x0000006e       0x6f .\CortexM0\ARM_GCC_541\Debug\CY8C4124_TEST.a(UART_SPI_UART.o)
 .comment       0x0000006e       0x6f .\CortexM0\ARM_GCC_541\Debug\CY8C4124_TEST.a(UART_UART.o)
 .comment       0x0000006e       0x6f .\CortexM0\ARM_GCC_541\Debug\CY8C4124_TEST.a(UART_SPI_UART_INT.o)

.debug_weaknames
 *(.debug_weaknames)

.debug_funcnames
 *(.debug_funcnames)

.debug_typenames
 *(.debug_typenames)

.debug_varnames
 *(.debug_varnames)

.note.gnu.arm.ident
 *(.note.gnu.arm.ident)

.ARM.attributes
                0x00000000       0x28
 *(.ARM.attributes)
 .ARM.attributes
                0x00000000       0x1e c:/program files (x86)/cypress/psoc creator/4.4/psoc creator/import/gnu/arm/5.4.1/bin/../lib/gcc/arm-none-eabi/5.4.1/armv6-m/crti.o
 .ARM.attributes
                0x0000001e       0x2c c:/program files (x86)/cypress/psoc creator/4.4/psoc creator/import/gnu/arm/5.4.1/bin/../lib/gcc/arm-none-eabi/5.4.1/armv6-m/crtbegin.o
 .ARM.attributes
                0x0000004a       0x1b c:/program files (x86)/cypress/psoc creator/4.4/psoc creator/import/gnu/arm/5.4.1/bin/../lib/gcc/arm-none-eabi/5.4.1/../../../../arm-none-eabi/lib/armv6-m/crt0.o
 .ARM.attributes
                0x00000065       0x31 .\CortexM0\ARM_GCC_541\Debug\main.o
 .ARM.attributes
                0x00000096       0x31 .\CortexM0\ARM_GCC_541\Debug\cyfitter_cfg.o
 .ARM.attributes
                0x000000c7       0x31 .\CortexM0\ARM_GCC_541\Debug\cymetadata.o
 .ARM.attributes
                0x000000f8       0x31 .\CortexM0\ARM_GCC_541\Debug\Cm0Start.o
 .ARM.attributes
                0x00000129       0x31 .\CortexM0\ARM_GCC_541\Debug\CY8C4124_TEST.a(LED_1.o)
 .ARM.attributes
                0x0000015a       0x31 .\CortexM0\ARM_GCC_541\Debug\CY8C4124_TEST.a(PWM_W.o)
 .ARM.attributes
                0x0000018b       0x31 .\CortexM0\ARM_GCC_541\Debug\CY8C4124_TEST.a(LED_2.o)
 .ARM.attributes
                0x000001bc       0x31 .\CortexM0\ARM_GCC_541\Debug\CY8C4124_TEST.a(LED_3.o)
 .ARM.attributes
                0x000001ed       0x31 .\CortexM0\ARM_GCC_541\Debug\CY8C4124_TEST.a(LED_4.o)
 .ARM.attributes
                0x0000021e       0x31 .\CortexM0\ARM_GCC_541\Debug\CY8C4124_TEST.a(LED_6.o)
 .ARM.attributes
                0x0000024f       0x31 .\CortexM0\ARM_GCC_541\Debug\CY8C4124_TEST.a(LED_7.o)
 .ARM.attributes
                0x00000280       0x31 .\CortexM0\ARM_GCC_541\Debug\CY8C4124_TEST.a(LED_8.o)
 .ARM.attributes
                0x000002b1       0x31 .\CortexM0\ARM_GCC_541\Debug\CY8C4124_TEST.a(LED_9.o)
 .ARM.attributes
                0x000002e2       0x31 .\CortexM0\ARM_GCC_541\Debug\CY8C4124_TEST.a(ISR_W.o)
 .ARM.attributes
                0x00000313       0x31 .\CortexM0\ARM_GCC_541\Debug\CY8C4124_TEST.a(LED_5.o)
 .ARM.attributes
                0x00000344       0x31 .\CortexM0\ARM_GCC_541\Debug\CY8C4124_TEST.a(ISR_R.o)
 .ARM.attributes
                0x00000375       0x31 .\CortexM0\ARM_GCC_541\Debug\CY8C4124_TEST.a(PWM_R.o)
 .ARM.attributes
                0x000003a6       0x31 .\CortexM0\ARM_GCC_541\Debug\CY8C4124_TEST.a(ISR_W0.o)
 .ARM.attributes
                0x000003d7       0x31 .\CortexM0\ARM_GCC_541\Debug\CY8C4124_TEST.a(ISR_R0.o)
 .ARM.attributes
                0x00000408       0x31 .\CortexM0\ARM_GCC_541\Debug\CY8C4124_TEST.a(CyLib.o)
 .ARM.attributes
                0x00000439       0x31 .\CortexM0\ARM_GCC_541\Debug\CY8C4124_TEST.a(CyLFClk.o)
 .ARM.attributes
                0x0000046a       0x31 .\CortexM0\ARM_GCC_541\Debug\CY8C4124_TEST.a(UART.o)
 .ARM.attributes
                0x0000049b       0x31 .\CortexM0\ARM_GCC_541\Debug\CY8C4124_TEST.a(UART_SPI_UART.o)
 .ARM.attributes
                0x000004cc       0x31 .\CortexM0\ARM_GCC_541\Debug\CY8C4124_TEST.a(UART_UART.o)
 .ARM.attributes
                0x000004fd       0x21 .\CortexM0\ARM_GCC_541\Debug\CY8C4124_TEST.a(CyBootAsmGnu.o)
 .ARM.attributes
                0x0000051e       0x31 .\CortexM0\ARM_GCC_541\Debug\CY8C4124_TEST.a(UART_SPI_UART_INT.o)
 .ARM.attributes
                0x0000054f       0x1e c:/program files (x86)/cypress/psoc creator/4.4/psoc creator/import/gnu/arm/5.4.1/bin/../lib/gcc/arm-none-eabi/5.4.1/armv6-m\libgcc.a(_udivsi3.o)
 .ARM.attributes
                0x0000056d       0x1e c:/program files (x86)/cypress/psoc creator/4.4/psoc creator/import/gnu/arm/5.4.1/bin/../lib/gcc/arm-none-eabi/5.4.1/armv6-m\libgcc.a(_divsi3.o)
 .ARM.attributes
                0x0000058b       0x1e c:/program files (x86)/cypress/psoc creator/4.4/psoc creator/import/gnu/arm/5.4.1/bin/../lib/gcc/arm-none-eabi/5.4.1/armv6-m\libgcc.a(_dvmd_tls.o)
 .ARM.attributes
                0x000005a9       0x2c c:/program files (x86)/cypress/psoc creator/4.4/psoc creator/import/gnu/arm/5.4.1/bin/../lib/gcc/arm-none-eabi/5.4.1/../../../../arm-none-eabi/lib/armv6-m\libg_nano.a(lib_a-errno.o)
 .ARM.attributes
                0x000005d5       0x2c c:/program files (x86)/cypress/psoc creator/4.4/psoc creator/import/gnu/arm/5.4.1/bin/../lib/gcc/arm-none-eabi/5.4.1/../../../../arm-none-eabi/lib/armv6-m\libg_nano.a(lib_a-exit.o)
 .ARM.attributes
                0x00000601       0x2c c:/program files (x86)/cypress/psoc creator/4.4/psoc creator/import/gnu/arm/5.4.1/bin/../lib/gcc/arm-none-eabi/5.4.1/../../../../arm-none-eabi/lib/armv6-m\libg_nano.a(lib_a-impure.o)
 .ARM.attributes
                0x0000062d       0x2c c:/program files (x86)/cypress/psoc creator/4.4/psoc creator/import/gnu/arm/5.4.1/bin/../lib/gcc/arm-none-eabi/5.4.1/../../../../arm-none-eabi/lib/armv6-m\libg_nano.a(lib_a-init.o)
 .ARM.attributes
                0x00000659       0x2c c:/program files (x86)/cypress/psoc creator/4.4/psoc creator/import/gnu/arm/5.4.1/bin/../lib/gcc/arm-none-eabi/5.4.1/../../../../arm-none-eabi/lib/armv6-m\libg_nano.a(lib_a-memset.o)
 .ARM.attributes
                0x00000685       0x2c c:/program files (x86)/cypress/psoc creator/4.4/psoc creator/import/gnu/arm/5.4.1/bin/../lib/gcc/arm-none-eabi/5.4.1/../../../../arm-none-eabi/lib/armv6-m\libg_nano.a(lib_a-sprintf.o)
 .ARM.attributes
                0x000006b1       0x2c c:/program files (x86)/cypress/psoc creator/4.4/psoc creator/import/gnu/arm/5.4.1/bin/../lib/gcc/arm-none-eabi/5.4.1/../../../../arm-none-eabi/lib/armv6-m\libg_nano.a(lib_a-nano-svfprintf.o)
 .ARM.attributes
                0x000006dd       0x2c c:/program files (x86)/cypress/psoc creator/4.4/psoc creator/import/gnu/arm/5.4.1/bin/../lib/gcc/arm-none-eabi/5.4.1/../../../../arm-none-eabi/lib/armv6-m\libg_nano.a(lib_a-nano-vfprintf_i.o)
 .ARM.attributes
                0x00000709       0x2c c:/program files (x86)/cypress/psoc creator/4.4/psoc creator/import/gnu/arm/5.4.1/bin/../lib/gcc/arm-none-eabi/5.4.1/../../../../arm-none-eabi/lib/armv6-m\libg_nano.a(lib_a-memchr-stub.o)
 .ARM.attributes
                0x00000735       0x2c c:/program files (x86)/cypress/psoc creator/4.4/psoc creator/import/gnu/arm/5.4.1/bin/../lib/gcc/arm-none-eabi/5.4.1/../../../../arm-none-eabi/lib/armv6-m\libg_nano.a(lib_a-memcpy-stub.o)
 .ARM.attributes
                0x00000761       0x2c c:/program files (x86)/cypress/psoc creator/4.4/psoc creator/import/gnu/arm/5.4.1/bin/../lib/gcc/arm-none-eabi/5.4.1/../../../../arm-none-eabi/lib/armv6-m\libg_nano.a(lib_a-memmove.o)
 .ARM.attributes
                0x0000078d       0x2c c:/program files (x86)/cypress/psoc creator/4.4/psoc creator/import/gnu/arm/5.4.1/bin/../lib/gcc/arm-none-eabi/5.4.1/../../../../arm-none-eabi/lib/armv6-m\libg_nano.a(lib_a-nano-freer.o)
 .ARM.attributes
                0x000007b9       0x2c c:/program files (x86)/cypress/psoc creator/4.4/psoc creator/import/gnu/arm/5.4.1/bin/../lib/gcc/arm-none-eabi/5.4.1/../../../../arm-none-eabi/lib/armv6-m\libg_nano.a(lib_a-nano-mallocr.o)
 .ARM.attributes
                0x000007e5       0x2c c:/program files (x86)/cypress/psoc creator/4.4/psoc creator/import/gnu/arm/5.4.1/bin/../lib/gcc/arm-none-eabi/5.4.1/../../../../arm-none-eabi/lib/armv6-m\libg_nano.a(lib_a-nano-reallocr.o)
 .ARM.attributes
                0x00000811       0x2c c:/program files (x86)/cypress/psoc creator/4.4/psoc creator/import/gnu/arm/5.4.1/bin/../lib/gcc/arm-none-eabi/5.4.1/../../../../arm-none-eabi/lib/armv6-m\libg_nano.a(lib_a-sbrkr.o)
 .ARM.attributes
                0x0000083d       0x2c c:/program files (x86)/cypress/psoc creator/4.4/psoc creator/import/gnu/arm/5.4.1/bin/../lib/gcc/arm-none-eabi/5.4.1/../../../../arm-none-eabi/lib/armv6-m\libg_nano.a(lib_a-mlock.o)
 .ARM.attributes
                0x00000869       0x2c c:/program files (x86)/cypress/psoc creator/4.4/psoc creator/import/gnu/arm/5.4.1/bin/../lib/gcc/arm-none-eabi/5.4.1/../../../../arm-none-eabi/lib/armv6-m\libg_nano.a(lib_a-nano-msizer.o)
 .ARM.attributes
                0x00000895       0x2c c:/program files (x86)/cypress/psoc creator/4.4/psoc creator/import/gnu/arm/5.4.1/bin/../lib/gcc/arm-none-eabi/5.4.1/../../../../arm-none-eabi/lib/armv6-m\libg_nano.a(lib_a-reent.o)
 .ARM.attributes
                0x000008c1       0x2c c:/program files (x86)/cypress/psoc creator/4.4/psoc creator/import/gnu/arm/5.4.1/bin/../lib/gcc/arm-none-eabi/5.4.1/armv6-m/crtend.o
 .ARM.attributes
                0x000008ed       0x1e c:/program files (x86)/cypress/psoc creator/4.4/psoc creator/import/gnu/arm/5.4.1/bin/../lib/gcc/arm-none-eabi/5.4.1/armv6-m/crtn.o

/DISCARD/
 *(.note.GNU-stack)
OUTPUT(C:\Users\gianluca_2\Desktop\Workspace01\CY8C4124_TEST.cydsn\CortexM0\ARM_GCC_541\Debug\CY8C4124_TEST.elf elf32-littlearm)
